../Core/Src/gy63-i2c.c:52:6:MS5611_Initilize	8	static
../Core/Src/gy63-i2c.c:64:6:MS5611_Reset	16	static
../Core/Src/gy63-i2c.c:73:6:MS5611_StartCommunication	8	static
../Core/Src/gy63-i2c.c:77:6:MS5611_StopCommunication	8	static
../Core/Src/gy63-i2c.c:81:6:MS5611_ReadPROM	16	static
../Core/Src/gy63-i2c.c:141:6:MS5611_setMyGround	16	static
../Core/Src/gy63-i2c.c:155:6:MS5611_ReadTemperature	32	static
../Core/Src/gy63-i2c.c:180:6:MS5611_ReadPressure	192	static
../Core/Src/gy63-i2c.c:213:6:MS5611_ReadAltitude1	8	static
../Core/Src/gy63-i2c.c:221:6:MS5611_ReadAltitude2	8	static
../Core/Src/gy63-i2c.c:228:6:MS5611_Request_Pressure	16	static
../Core/Src/gy63-i2c.c:233:6:MS5611_Request_Temp	16	static
../Core/Src/gy63-i2c.c:239:6:baro_read	16	static
