../Core/Src/gy63-i2c.c:32:6:MS5611_Initilize	8	static
../Core/Src/gy63-i2c.c:44:6:MS5611_Reset	16	static
../Core/Src/gy63-i2c.c:53:6:MS5611_StartCommunication	8	static
../Core/Src/gy63-i2c.c:57:6:MS5611_StopCommunication	8	static
../Core/Src/gy63-i2c.c:61:6:MS5611_ReadPROM	16	static
../Core/Src/gy63-i2c.c:123:6:MS5611_setMyGround	16	static
../Core/Src/gy63-i2c.c:137:6:MS5611_ReadTemperature	32	static
../Core/Src/gy63-i2c.c:162:6:MS5611_ReadPressure	192	static
../Core/Src/gy63-i2c.c:196:6:MS5611_ReadAltitude1	8	static
../Core/Src/gy63-i2c.c:204:6:MS5611_ReadAltitude2	16	static
../Core/Src/gy63-i2c.c:212:6:MS5611_Request_Pressure	16	static
../Core/Src/gy63-i2c.c:217:6:MS5611_Request_Temp	16	static
../Core/Src/gy63-i2c.c:223:6:baro_read	16	static
