../Core/Src/main.c:248:5:main	40	static
../Core/Src/main.c:487:6:SystemClock_Config	88	static
../Core/Src/main.c:536:13:MX_ADC1_Init	24	static
../Core/Src/main.c:588:13:MX_I2C1_Init	8	static
../Core/Src/main.c:622:13:MX_I2C2_Init	8	static
../Core/Src/main.c:656:13:MX_I2C3_Init	8	static
../Core/Src/main.c:690:13:MX_IWDG_Init	8	static
../Core/Src/main.c:718:13:MX_TIM1_Init	80	static
../Core/Src/main.c:795:13:MX_TIM2_Init	32	static
../Core/Src/main.c:840:13:MX_TIM3_Init	32	static
../Core/Src/main.c:885:13:MX_UART5_Init	8	static
../Core/Src/main.c:918:13:MX_UART7_Init	8	static
../Core/Src/main.c:951:13:MX_USART2_UART_Init	8	static
../Core/Src/main.c:984:13:MX_USART6_UART_Init	8	static
../Core/Src/main.c:1015:13:MX_DMA_Init	16	static
../Core/Src/main.c:1049:13:MX_GPIO_Init	48	static
../Core/Src/main.c:1083:6:HAL_UART_TxCpltCallback	16	static
../Core/Src/main.c:1103:6:fill_buffer	8	static
../Core/Src/main.c:1171:6:Error_Handler	4	static,ignoring_inline_asm
