../Core/Src/main.c:244:5:main	32	static
../Core/Src/main.c:502:6:SystemClock_Config	88	static
../Core/Src/main.c:551:13:MX_ADC1_Init	24	static
../Core/Src/main.c:603:13:MX_I2C1_Init	8	static
../Core/Src/main.c:637:13:MX_I2C2_Init	8	static
../Core/Src/main.c:671:13:MX_I2C3_Init	8	static
../Core/Src/main.c:705:13:MX_IWDG_Init	8	static
../Core/Src/main.c:733:13:MX_TIM1_Init	80	static
../Core/Src/main.c:810:13:MX_TIM2_Init	32	static
../Core/Src/main.c:855:13:MX_TIM3_Init	32	static
../Core/Src/main.c:900:13:MX_UART5_Init	8	static
../Core/Src/main.c:933:13:MX_UART7_Init	8	static
../Core/Src/main.c:966:13:MX_USART2_UART_Init	8	static
../Core/Src/main.c:999:13:MX_USART6_UART_Init	8	static
../Core/Src/main.c:1030:13:MX_DMA_Init	16	static
../Core/Src/main.c:1064:13:MX_GPIO_Init	48	static
../Core/Src/main.c:1098:6:HAL_UART_TxCpltCallback	16	static
../Core/Src/main.c:1118:6:fill_buffer	8	static
../Core/Src/main.c:1186:6:Error_Handler	4	static,ignoring_inline_asm
