../Core/Src/receiver.c:66:6:calculate_motor_powers	16	static
../Core/Src/receiver.c:108:6:calculate_pid_altitude	32	static
../Core/Src/receiver.c:123:6:calculate_pid_gps	40	static
../Core/Src/receiver.c:141:6:reset_alt_pid	4	static
../Core/Src/receiver.c:146:6:reset_gps_pid	4	static
../Core/Src/receiver.c:155:5:calibrate_esc_and_rc	16	static
../Core/Src/receiver.c:178:6:stop_motors	8	static
../Core/Src/receiver.c:185:6:waiting_for_arm	16	static
../Core/Src/receiver.c:213:9:connect_receiver	16	static
../Core/Src/receiver.c:235:5:decode_receiver	4	static
../Core/Src/receiver.c:264:5:startup_handler	16	static
../Core/Src/receiver.c:321:5:arm_handler	16	static
../Core/Src/receiver.c:349:6:altitude_hold	8	static
../Core/Src/receiver.c:364:6:decode_rf	16	static
../Core/Src/receiver.c:377:6:gps_hold	8	static
../Core/Src/receiver.c:406:6:reset_pid	4	static
