../Core/Src/receiver.c:66:6:calculate_motor_powers	16	static
../Core/Src/receiver.c:120:6:calculate_pid_altitude	32	static
../Core/Src/receiver.c:131:6:calculate_pid_gps	40	static
../Core/Src/receiver.c:149:6:reset_alt_pid	4	static
../Core/Src/receiver.c:154:6:reset_gps_pid	4	static
../Core/Src/receiver.c:163:5:calibrate_esc_and_rc	16	static
../Core/Src/receiver.c:186:6:stop_motors	8	static
../Core/Src/receiver.c:193:6:waiting_for_arm	16	static
../Core/Src/receiver.c:221:9:connect_receiver	16	static
../Core/Src/receiver.c:243:5:decode_receiver	4	static
../Core/Src/receiver.c:272:5:startup_handler	16	static
../Core/Src/receiver.c:331:5:arm_handler	16	static
../Core/Src/receiver.c:361:6:altitude_hold	8	static
../Core/Src/receiver.c:387:6:decode_rf	16	static
../Core/Src/receiver.c:400:6:gps_hold	8	static
../Core/Src/receiver.c:436:6:reset_pid	4	static
