Archive member included to satisfy reference by file (symbol)

c:/st/stm32cubeide_1.11.0/stm32cubeide/plugins/com.st.stm32cube.ide.mcu.externaltools.gnu-tools-for-stm32.10.3-2021.10.win32_1.0.100.202210260954/tools/bin/../lib/gcc/arm-none-eabi/10.3.1/../../../../arm-none-eabi/lib/thumb/v7e-m+fp/hard\libc_nano.a(lib_a-abs.o)
                              ./Core/Src/receiver.o (abs)
c:/st/stm32cubeide_1.11.0/stm32cubeide/plugins/com.st.stm32cube.ide.mcu.externaltools.gnu-tools-for-stm32.10.3-2021.10.win32_1.0.100.202210260954/tools/bin/../lib/gcc/arm-none-eabi/10.3.1/../../../../arm-none-eabi/lib/thumb/v7e-m+fp/hard\libc_nano.a(lib_a-errno.o)
                              ./Core/Src/syscalls.o (__errno)
c:/st/stm32cubeide_1.11.0/stm32cubeide/plugins/com.st.stm32cube.ide.mcu.externaltools.gnu-tools-for-stm32.10.3-2021.10.win32_1.0.100.202210260954/tools/bin/../lib/gcc/arm-none-eabi/10.3.1/../../../../arm-none-eabi/lib/thumb/v7e-m+fp/hard\libc_nano.a(lib_a-exit.o)
                              c:/st/stm32cubeide_1.11.0/stm32cubeide/plugins/com.st.stm32cube.ide.mcu.externaltools.gnu-tools-for-stm32.10.3-2021.10.win32_1.0.100.202210260954/tools/bin/../lib/gcc/arm-none-eabi/10.3.1/../../../../arm-none-eabi/lib/thumb/v7e-m+fp/hard/crt0.o (exit)
c:/st/stm32cubeide_1.11.0/stm32cubeide/plugins/com.st.stm32cube.ide.mcu.externaltools.gnu-tools-for-stm32.10.3-2021.10.win32_1.0.100.202210260954/tools/bin/../lib/gcc/arm-none-eabi/10.3.1/../../../../arm-none-eabi/lib/thumb/v7e-m+fp/hard\libc_nano.a(lib_a-impure.o)
                              c:/st/stm32cubeide_1.11.0/stm32cubeide/plugins/com.st.stm32cube.ide.mcu.externaltools.gnu-tools-for-stm32.10.3-2021.10.win32_1.0.100.202210260954/tools/bin/../lib/gcc/arm-none-eabi/10.3.1/../../../../arm-none-eabi/lib/thumb/v7e-m+fp/hard\libc_nano.a(lib_a-exit.o) (_global_impure_ptr)
c:/st/stm32cubeide_1.11.0/stm32cubeide/plugins/com.st.stm32cube.ide.mcu.externaltools.gnu-tools-for-stm32.10.3-2021.10.win32_1.0.100.202210260954/tools/bin/../lib/gcc/arm-none-eabi/10.3.1/../../../../arm-none-eabi/lib/thumb/v7e-m+fp/hard\libc_nano.a(lib_a-init.o)
                              c:/st/stm32cubeide_1.11.0/stm32cubeide/plugins/com.st.stm32cube.ide.mcu.externaltools.gnu-tools-for-stm32.10.3-2021.10.win32_1.0.100.202210260954/tools/bin/../lib/gcc/arm-none-eabi/10.3.1/../../../../arm-none-eabi/lib/thumb/v7e-m+fp/hard/crt0.o (__libc_init_array)
c:/st/stm32cubeide_1.11.0/stm32cubeide/plugins/com.st.stm32cube.ide.mcu.externaltools.gnu-tools-for-stm32.10.3-2021.10.win32_1.0.100.202210260954/tools/bin/../lib/gcc/arm-none-eabi/10.3.1/../../../../arm-none-eabi/lib/thumb/v7e-m+fp/hard\libc_nano.a(lib_a-memset.o)
                              c:/st/stm32cubeide_1.11.0/stm32cubeide/plugins/com.st.stm32cube.ide.mcu.externaltools.gnu-tools-for-stm32.10.3-2021.10.win32_1.0.100.202210260954/tools/bin/../lib/gcc/arm-none-eabi/10.3.1/../../../../arm-none-eabi/lib/thumb/v7e-m+fp/hard/crt0.o (memset)
c:/st/stm32cubeide_1.11.0/stm32cubeide/plugins/com.st.stm32cube.ide.mcu.externaltools.gnu-tools-for-stm32.10.3-2021.10.win32_1.0.100.202210260954/tools/bin/../lib/gcc/arm-none-eabi/10.3.1/../../../../arm-none-eabi/lib/thumb/v7e-m+fp/hard\libm.a(lib_a-s_cos.o)
                              ./Core/Src/compass.o (cos)
c:/st/stm32cubeide_1.11.0/stm32cubeide/plugins/com.st.stm32cube.ide.mcu.externaltools.gnu-tools-for-stm32.10.3-2021.10.win32_1.0.100.202210260954/tools/bin/../lib/gcc/arm-none-eabi/10.3.1/../../../../arm-none-eabi/lib/thumb/v7e-m+fp/hard\libm.a(lib_a-s_round.o)
                              ./Core/Src/mpu6050.o (round)
c:/st/stm32cubeide_1.11.0/stm32cubeide/plugins/com.st.stm32cube.ide.mcu.externaltools.gnu-tools-for-stm32.10.3-2021.10.win32_1.0.100.202210260954/tools/bin/../lib/gcc/arm-none-eabi/10.3.1/../../../../arm-none-eabi/lib/thumb/v7e-m+fp/hard\libm.a(lib_a-s_sin.o)
                              ./Core/Src/compass.o (sin)
c:/st/stm32cubeide_1.11.0/stm32cubeide/plugins/com.st.stm32cube.ide.mcu.externaltools.gnu-tools-for-stm32.10.3-2021.10.win32_1.0.100.202210260954/tools/bin/../lib/gcc/arm-none-eabi/10.3.1/../../../../arm-none-eabi/lib/thumb/v7e-m+fp/hard\libm.a(lib_a-s_tan.o)
                              ./Core/Src/gps.o (tan)
c:/st/stm32cubeide_1.11.0/stm32cubeide/plugins/com.st.stm32cube.ide.mcu.externaltools.gnu-tools-for-stm32.10.3-2021.10.win32_1.0.100.202210260954/tools/bin/../lib/gcc/arm-none-eabi/10.3.1/../../../../arm-none-eabi/lib/thumb/v7e-m+fp/hard\libm.a(lib_a-w_acos.o)
                              ./Core/Src/gps.o (acos)
c:/st/stm32cubeide_1.11.0/stm32cubeide/plugins/com.st.stm32cube.ide.mcu.externaltools.gnu-tools-for-stm32.10.3-2021.10.win32_1.0.100.202210260954/tools/bin/../lib/gcc/arm-none-eabi/10.3.1/../../../../arm-none-eabi/lib/thumb/v7e-m+fp/hard\libm.a(lib_a-w_asin.o)
                              ./Core/Src/mpu6050.o (asin)
[...]
Memory Configuration

Name             Origin             Length             Attributes
RAM              0x0000000020000000 0x0000000000050000 xrw
FLASH            0x0000000008000000 0x0000000000180000 xr
*default*        0x0000000000000000 0xffffffffffffffff

Linker script and memory map

LOAD c:/st/stm32cubeide_1.11.0/stm32cubeide/plugins/com.st.stm32cube.ide.mcu.externaltools.gnu-tools-for-stm32.10.3-2021.10.win32_1.0.100.202210260954/tools/bin/../lib/gcc/arm-none-eabi/10.3.1/thumb/v7e-m+fp/hard/crti.o
LOAD c:/st/stm32cubeide_1.11.0/stm32cubeide/plugins/com.st.stm32cube.ide.mcu.externaltools.gnu-tools-for-stm32.10.3-2021.10.win32_1.0.100.202210260954/tools/bin/../lib/gcc/arm-none-eabi/10.3.1/thumb/v7e-m+fp/hard/crtbegin.o
LOAD c:/st/stm32cubeide_1.11.0/stm32cubeide/plugins/com.st.stm32cube.ide.mcu.externaltools.gnu-tools-for-stm32.10.3-2021.10.win32_1.0.100.202210260954/tools/bin/../lib/gcc/arm-none-eabi/10.3.1/../../../../arm-none-eabi/lib/thumb/v7e-m+fp/hard/crt0.o
LOAD ./Core/Src/adc_Battery.o
LOAD ./Core/Src/compass.o
LOAD ./Core/Src/e220.o
LOAD ./Core/Src/failsafe.o
LOAD ./Core/Src/gps.o
LOAD ./Core/Src/gy63-i2c.o
LOAD ./Core/Src/log_to_flash.o
LOAD ./Core/Src/main.o
LOAD ./Core/Src/mpu6050.o
LOAD ./Core/Src/pid.o
LOAD ./Core/Src/pwm_esc.o
LOAD ./Core/Src/receiver.o
LOAD ./Core/Src/stm32f4xx_hal_msp.o
LOAD ./Core/Src/stm32f4xx_it.o
LOAD ./Core/Src/syscalls.o
LOAD ./Core/Src/sysmem.o
LOAD ./Core/Src/system_stm32f4xx.o
LOAD ./Core/Startup/startup_stm32f413zhtx.o
LOAD ./Drivers/STM32F4xx_HAL_Driver/Src/stm32f4xx_hal.o
LOAD ./Drivers/STM32F4xx_HAL_Driver/Src/stm32f4xx_hal_adc.o
LOAD ./Drivers/STM32F4xx_HAL_Driver/Src/stm32f4xx_hal_adc_ex.o
LOAD ./Drivers/STM32F4xx_HAL_Driver/Src/stm32f4xx_hal_cortex.o
LOAD ./Drivers/STM32F4xx_HAL_Driver/Src/stm32f4xx_hal_dma.o
LOAD ./Drivers/STM32F4xx_HAL_Driver/Src/stm32f4xx_hal_dma_ex.o
LOAD ./Drivers/STM32F4xx_HAL_Driver/Src/stm32f4xx_hal_exti.o
LOAD ./Drivers/STM32F4xx_HAL_Driver/Src/stm32f4xx_hal_flash.o
LOAD ./Drivers/STM32F4xx_HAL_Driver/Src/stm32f4xx_hal_flash_ex.o
LOAD ./Drivers/STM32F4xx_HAL_Driver/Src/stm32f4xx_hal_flash_ramfunc.o
LOAD ./Drivers/STM32F4xx_HAL_Driver/Src/stm32f4xx_hal_gpio.o
LOAD ./Drivers/STM32F4xx_HAL_Driver/Src/stm32f4xx_hal_i2c.o
LOAD ./Drivers/STM32F4xx_HAL_Driver/Src/stm32f4xx_hal_i2c_ex.o
LOAD ./Drivers/STM32F4xx_HAL_Driver/Src/stm32f4xx_hal_iwdg.o
LOAD ./Drivers/STM32F4xx_HAL_Driver/Src/stm32f4xx_hal_pwr.o
LOAD ./Drivers/STM32F4xx_HAL_Driver/Src/stm32f4xx_hal_pwr_ex.o
LOAD ./Drivers/STM32F4xx_HAL_Driver/Src/stm32f4xx_hal_rcc.o
LOAD ./Drivers/STM32F4xx_HAL_Driver/Src/stm32f4xx_hal_rcc_ex.o
LOAD ./Drivers/STM32F4xx_HAL_Driver/Src/stm32f4xx_hal_tim.o
LOAD ./Drivers/STM32F4xx_HAL_Driver/Src/stm32f4xx_hal_tim_ex.o
LOAD ./Drivers/STM32F4xx_HAL_Driver/Src/stm32f4xx_hal_uart.o
LOAD ./Drivers/STM32F4xx_HAL_Driver/Src/stm32f4xx_ll_adc.o
START GROUP
LOAD c:/st/stm32cubeide_1.11.0/stm32cubeide/plugins/com.st.stm32cube.ide.mcu.externaltools.gnu-tools-for-stm32.10.3-2021.10.win32_1.0.100.202210260954/tools/bin/../lib/gcc/arm-none-eabi/10.3.1/../../../../arm-none-eabi/lib/thumb/v7e-m+fp/hard\libc_nano.a
LOAD c:/st/stm32cubeide_1.11.0/stm32cubeide/plugins/com.st.stm32cube.ide.mcu.externaltools.gnu-tools-for-stm32.10.3-2021.10.win32_1.0.100.202210260954/tools/bin/../lib/gcc/arm-none-eabi/10.3.1/../../../../arm-none-eabi/lib/thumb/v7e-m+fp/hard\libm.a
END GROUP
START GROUP
LOAD c:/st/stm32cubeide_1.11.0/stm32cubeide/plugins/com.st.stm32cube.ide.mcu.externaltools.gnu-tools-for-stm32.10.3-2021.10.win32_1.0.100.202210260954/tools/bin/../lib/gcc/arm-none-eabi/10.3.1/thumb/v7e-m+fp/hard\libgcc.a
LOAD c:/st/stm32cubeide_1.11.0/stm32cubeide/plugins/com.st.stm32cube.ide.mcu.externaltools.gnu-tools-for-stm32.10.3-2021.10.win32_1.0.100.202210260954/tools/bin/../lib/gcc/arm-none-eabi/10.3.1/../../../../arm-none-eabi/lib/thumb/v7e-m+fp/hard\libc_nano.a
END GROUP
START GROUP
LOAD c:/st/stm32cubeide_1.11.0/stm32cubeide/plugins/com.st.stm32cube.ide.mcu.externaltools.gnu-tools-for-stm32.10.3-2021.10.win32_1.0.100.202210260954/tools/bin/../lib/gcc/arm-none-eabi/10.3.1/thumb/v7e-m+fp/hard\libgcc.a
LOAD c:/st/stm32cubeide_1.11.0/stm32cubeide/plugins/com.st.stm32cube.ide.mcu.externaltools.gnu-tools-for-stm32.10.3-2021.10.win32_1.0.100.202210260954/tools/bin/../lib/gcc/arm-none-eabi/10.3.1/../../../../arm-none-eabi/lib/thumb/v7e-m+fp/hard\libc_nano.a
LOAD c:/st/stm32cubeide_1.11.0/stm32cubeide/plugins/com.st.stm32cube.ide.mcu.externaltools.gnu-tools-for-stm32.10.3-2021.10.win32_1.0.100.202210260954/tools/bin/../lib/gcc/arm-none-eabi/10.3.1/../../../../arm-none-eabi/lib/thumb/v7e-m+fp/hard\libnosys.a
END GROUP
START GROUP
LOAD c:/st/stm32cubeide_1.11.0/stm32cubeide/plugins/com.st.stm32cube.ide.mcu.externaltools.gnu-tools-for-stm32.10.3-2021.10.win32_1.0.100.202210260954/tools/bin/../lib/gcc/arm-none-eabi/10.3.1/thumb/v7e-m+fp/hard\libgcc.a
LOAD c:/st/stm32cubeide_1.11.0/stm32cubeide/plugins/com.st.stm32cube.ide.mcu.externaltools.gnu-tools-for-stm32.10.3-2021.10.win32_1.0.100.202210260954/tools/bin/../lib/gcc/arm-none-eabi/10.3.1/../../../../arm-none-eabi/lib/thumb/v7e-m+fp/hard\libc_nano.a
LOAD c:/st/stm32cubeide_1.11.0/stm32cubeide/plugins/com.st.stm32cube.ide.mcu.externaltools.gnu-tools-for-stm32.10.3-2021.10.win32_1.0.100.202210260954/tools/bin/../lib/gcc/arm-none-eabi/10.3.1/../../../../arm-none-eabi/lib/thumb/v7e-m+fp/hard\libnosys.a
END GROUP
LOAD c:/st/stm32cubeide_1.11.0/stm32cubeide/plugins/com.st.stm32cube.ide.mcu.externaltools.gnu-tools-for-stm32.10.3-2021.10.win32_1.0.100.202210260954/tools/bin/../lib/gcc/arm-none-eabi/10.3.1/thumb/v7e-m+fp/hard/crtend.o
LOAD c:/st/stm32cubeide_1.11.0/stm32cubeide/plugins/com.st.stm32cube.ide.mcu.externaltools.gnu-tools-for-stm32.10.3-2021.10.win32_1.0.100.202210260954/tools/bin/../lib/gcc/arm-none-eabi/10.3.1/thumb/v7e-m+fp/hard/crtn.o
                0x0000000020050000                _estack = (ORIGIN (RAM) + LENGTH (RAM))
                0x0000000000000200                _Min_Heap_Size = 0x200
                0x0000000000000400                _Min_Stack_Size = 0x400

.isr_vector     0x0000000008000000      0x1d8
                0x0000000008000000                . = ALIGN (0x4)
 *(.isr_vector)
 .isr_vector    0x0000000008000000      0x1d8 ./Core/Startup/startup_stm32f413zhtx.o
                0x0000000008000000                g_pfnVectors
                0x00000000080001d8                . = ALIGN (0x4)

.text           0x00000000080001d8    0x106f8
                0x00000000080001d8                . = ALIGN (0x4)
 *(.text)
 .text          0x00000000080001d8       0x40 c:/st/stm32cubeide_1.11.0/stm32cubeide/plugins/com.st.stm32cube.ide.mcu.externaltools.gnu-tools-for-stm32.10.3-2021.10.win32_1.0.100.202210260954/tools/bin/../lib/gcc/arm-none-eabi/10.3.1/thumb/v7e-m+fp/hard/crtbegin.o
 .text          0x0000000008000218      0x378 c:/st/stm32cubeide_1.11.0/stm32cubeide/plugins/com.st.stm32cube.ide.mcu.externaltools.gnu-tools-for-stm32.10.3-2021.10.win32_1.0.100.202210260954/tools/bin/../lib/gcc/arm-none-eabi/10.3.1/thumb/v7e-m+fp/hard\libgcc.a(_arm_addsubdf3.o)
                0x0000000008000218                __aeabi_drsub
                0x0000000008000220                __aeabi_dsub
                0x0000000008000220                __subdf3
                0x0000000008000224                __aeabi_dadd
                0x0000000008000224                __adddf3
                0x000000000800049c                __floatunsidf
                0x000000000800049c                __aeabi_ui2d
                0x00000000080004bc                __floatsidf
                0x00000000080004bc                __aeabi_i2d
                0x00000000080004e0                __aeabi_f2d
                0x00000000080004e0                __extendsfdf2
                0x0000000008000524                __floatundidf
                0x0000000008000524                __aeabi_ul2d
                0x0000000008000534                __floatdidf
                0x0000000008000534                __aeabi_l2d
 .text          0x0000000008000590      0x424 c:/st/stm32cubeide_1.11.0/stm32cubeide/plugins/com.st.stm32cube.ide.mcu.externaltools.gnu-tools-for-stm32.10.3-2021.10.win32_1.0.100.202210260954/tools/bin/../lib/gcc/arm-none-eabi/10.3.1/thumb/v7e-m+fp/hard\libgcc.a(_arm_muldivdf3.o)
                0x0000000008000590                __aeabi_dmul
                0x0000000008000590                __muldf3
                0x00000000080007e4                __divdf3
                0x00000000080007e4                __aeabi_ddiv
 .text          0x00000000080009b4      0x110 c:/st/stm32cubeide_1.11.0/stm32cubeide/plugins/com.st.stm32cube.ide.mcu.externaltools.gnu-tools-for-stm32.10.3-2021.10.win32_1.0.100.202210260954/tools/bin/../lib/gcc/arm-none-eabi/10.3.1/thumb/v7e-m+fp/hard\libgcc.a(_arm_cmpdf2.o)
                0x00000000080009b4                __gtdf2
                0x00000000080009b4                __gedf2
                0x00000000080009bc                __ltdf2
                0x00000000080009bc                __ledf2
                0x00000000080009c4                __nedf2
                0x00000000080009c4                __eqdf2
                0x00000000080009c4                __cmpdf2
                0x0000000008000a40                __aeabi_cdrcmple
                0x0000000008000a50                __aeabi_cdcmpeq
                0x0000000008000a50                __aeabi_cdcmple
                0x0000000008000a60                __aeabi_dcmpeq
                0x0000000008000a74                __aeabi_dcmplt
                0x0000000008000a88                __aeabi_dcmple
                0x0000000008000a9c                __aeabi_dcmpge
                0x0000000008000ab0                __aeabi_dcmpgt
 .text          0x0000000008000ac4       0x2c c:/st/stm32cubeide_1.11.0/stm32cubeide/plugins/com.st.stm32cube.ide.mcu.externaltools.gnu-tools-for-stm32.10.3-2021.10.win32_1.0.100.202210260954/tools/bin/../lib/gcc/arm-none-eabi/10.3.1/thumb/v7e-m+fp/hard\libgcc.a(_arm_unorddf2.o)
                0x0000000008000ac4                __unorddf2
                0x0000000008000ac4                __aeabi_dcmpun
 .text          0x0000000008000af0       0x50 c:/st/stm32cubeide_1.11.0/stm32cubeide/plugins/com.st.stm32cube.ide.mcu.externaltools.gnu-tools-for-stm32.10.3-2021.10.win32_1.0.100.202210260954/tools/bin/../lib/gcc/arm-none-eabi/10.3.1/thumb/v7e-m+fp/hard\libgcc.a(_arm_fixdfsi.o)
                0x0000000008000af0                __aeabi_d2iz
                0x0000000008000af0                __fixdfsi
 .text          0x0000000008000b40       0xa0 c:/st/stm32cubeide_1.11.0/stm32cubeide/plugins/com.st.stm32cube.ide.mcu.externaltools.gnu-tools-for-stm32.10.3-2021.10.win32_1.0.100.202210260954/tools/bin/../lib/gcc/arm-none-eabi/10.3.1/thumb/v7e-m+fp/hard\libgcc.a(_arm_truncdfsf2.o)
                0x0000000008000b40                __truncdfsf2
                0x0000000008000b40                __aeabi_d2f
 .text          0x0000000008000be0       0x30 c:/st/stm32cubeide_1.11.0/stm32cubeide/plugins/com.st.stm32cube.ide.mcu.externaltools.gnu-tools-for-stm32.10.3-2021.10.win32_1.0.100.202210260954/tools/bin/../lib/gcc/arm-none-eabi/10.3.1/thumb/v7e-m+fp/hard\libgcc.a(_aeabi_uldivmod.o)
                0x0000000008000be0                __aeabi_uldivmod
 .text          0x0000000008000c10       0x30 c:/st/stm32cubeide_1.11.0/stm32cubeide/plugins/com.st.stm32cube.ide.mcu.externaltools.gnu-tools-for-stm32.10.3-2021.10.win32_1.0.100.202210260954/tools/bin/../lib/gcc/arm-none-eabi/10.3.1/thumb/v7e-m+fp/hard\libgcc.a(_fixdfdi.o)
                0x0000000008000c10                __fixdfdi
                0x0000000008000c10                __aeabi_d2lz
 .text          0x0000000008000c40       0x3c c:/st/stm32cubeide_1.11.0/stm32cubeide/plugins/com.st.stm32cube.ide.mcu.externaltools.gnu-tools-for-stm32.10.3-2021.10.win32_1.0.100.202210260954/tools/bin/../lib/gcc/arm-none-eabi/10.3.1/thumb/v7e-m+fp/hard\libgcc.a(_fixunsdfdi.o)
                0x0000000008000c40                __fixunsdfdi
                0x0000000008000c40                __aeabi_d2ulz
 .text          0x0000000008000c7c      0x2d0 c:/st/stm32cubeide_1.11.0/stm32cubeide/plugins/com.st.stm32cube.ide.mcu.externaltools.gnu-tools-for-stm32.10.3-2021.10.win32_1.0.100.202210260954/tools/bin/../lib/gcc/arm-none-eabi/10.3.1/thumb/v7e-m+fp/hard\libgcc.a(_udivmoddi4.o)
                0x0000000008000c7c                __udivmoddi4
 .text          0x0000000008000f4c        0x4 c:/st/stm32cubeide_1.11.0/stm32cubeide/plugins/com.st.stm32cube.ide.mcu.externaltools.gnu-tools-for-stm32.10.3-2021.10.win32_1.0.100.202210260954/tools/bin/../lib/gcc/arm-none-eabi/10.3.1/thumb/v7e-m+fp/hard\libgcc.a(_dvmd_tls.o)
                0x0000000008000f4c                __aeabi_idiv0
                0x0000000008000f4c                __aeabi_ldiv0
 .text          0x0000000008000f50       0x40 c:/st/stm32cubeide_1.11.0/stm32cubeide/plugins/com.st.stm32cube.ide.mcu.externaltools.gnu-tools-for-stm32.10.3-2021.10.win32_1.0.100.202210260954/tools/bin/../lib/gcc/arm-none-eabi/10.3.1/thumb/v7e-m+fp/hard\libgcc.a(_arm_fixunsdfsi.o)
                0x0000000008000f50                __aeabi_d2uiz
                0x0000000008000f50                __fixunsdfsi
 *(.text*)
 .text.start_reading_battery
                0x0000000008000f90       0x1c ./Core/Src/adc_Battery.o
                0x0000000008000f90                start_reading_battery
 .text.i2c_disconnected_compass
                0x0000000008000fac       0x88 ./Core/Src/compass.o
                0x0000000008000fac                i2c_disconnected_compass
 *fill*         0x0000000008001034        0x4 
 .text.compass_read_corrected
                0x0000000008001038      0x4a8 ./Core/Src/compass.o
                0x0000000008001038                compass_read_corrected
 .text.compass_read
                0x00000000080014e0       0xc0 ./Core/Src/compass.o
                0x00000000080014e0                compass_read
 .text.compas_calibrate
                0x00000000080015a0      0x2a8 ./Core/Src/compass.o
                0x00000000080015a0                compas_calibrate
 .text.compass_connect
                0x0000000008001848       0x7c ./Core/Src/compass.o
                0x0000000008001848                compass_connect
 .text.E220_init_declare_pins
                0x00000000080018c4       0x3e ./Core/Src/e220.o
                0x00000000080018c4                E220_init_declare_pins
 .text.E220_enter_normal_mode
                0x0000000008001902       0x4a ./Core/Src/e220.o
                0x0000000008001902                E220_enter_normal_mode
 .text.E220_transmit_payload_DMA
                0x000000000800194c       0x28 ./Core/Src/e220.o
                0x000000000800194c                E220_transmit_payload_DMA
 .text.E220_receive_payload_DMA
                0x0000000008001974       0x28 ./Core/Src/e220.o
                0x0000000008001974                E220_receive_payload_DMA
 .text.i2c_disconnected
                0x000000000800199c       0x80 ./Core/Src/failsafe.o
                0x000000000800199c                i2c_disconnected
 .text.failsafe_handler
                0x0000000008001a1c        0xa ./Core/Src/failsafe.o
                0x0000000008001a1c                failsafe_handler
 *fill*         0x0000000008001a26        0x2 
 .text.red_led_on
                0x0000000008001a28       0x18 ./Core/Src/failsafe.o
                0x0000000008001a28                red_led_on
 .text.red_led_off
                0x0000000008001a40       0x18 ./Core/Src/failsafe.o
                0x0000000008001a40                red_led_off
 .text.green_led_on
                0x0000000008001a58       0x18 ./Core/Src/failsafe.o
                0x0000000008001a58                green_led_on
 .text.gps_decode
                0x0000000008001a70       0x94 ./Core/Src/gps.o
                0x0000000008001a70                gps_decode
 .text.gps_init
                0x0000000008001b04      0x16c ./Core/Src/gps.o
                0x0000000008001b04                gps_init
 .text.is_gps_connected
                0x0000000008001c70       0x7c ./Core/Src/gps.o
                0x0000000008001c70                is_gps_connected
 .text.MS5611_Initilize
                0x0000000008001cec       0x14 ./Core/Src/gy63-i2c.o
                0x0000000008001cec                MS5611_Initilize
 .text.MS5611_Reset
                0x0000000008001d00       0x30 ./Core/Src/gy63-i2c.o
                0x0000000008001d00                MS5611_Reset
 .text.MS5611_ReadPROM
                0x0000000008001d30      0x23c ./Core/Src/gy63-i2c.o
                0x0000000008001d30                MS5611_ReadPROM
 .text.MS5611_setMyGround
                0x0000000008001f6c       0x68 ./Core/Src/gy63-i2c.o
                0x0000000008001f6c                MS5611_setMyGround
 *fill*         0x0000000008001fd4        0x4 
 .text.MS5611_ReadTemperature
                0x0000000008001fd8      0x144 ./Core/Src/gy63-i2c.o
                0x0000000008001fd8                MS5611_ReadTemperature
 *fill*         0x000000000800211c        0x4 
 .text.MS5611_ReadPressure
                0x0000000008002120      0x3c4 ./Core/Src/gy63-i2c.o
                0x0000000008002120                MS5611_ReadPressure
 *fill*         0x00000000080024e4        0x4 
 .text.MS5611_ReadAltitude2
                0x00000000080024e8       0xc8 ./Core/Src/gy63-i2c.o
                0x00000000080024e8                MS5611_ReadAltitude2
 .text.MS5611_Request_Pressure
                0x00000000080025b0       0x2c ./Core/Src/gy63-i2c.o
                0x00000000080025b0                MS5611_Request_Pressure
 .text.MS5611_Request_Temp
                0x00000000080025dc       0x2c ./Core/Src/gy63-i2c.o
                0x00000000080025dc                MS5611_Request_Temp
 .text.baro_read
                0x0000000008002608      0x14c ./Core/Src/gy63-i2c.o
                0x0000000008002608                baro_read
 .text.flash_write_calib_data_four_byte
                0x0000000008002754       0x5c ./Core/Src/log_to_flash.o
                0x0000000008002754                flash_write_calib_data_four_byte
 .text.flash_write_calib_data_compass
                0x00000000080027b0       0x64 ./Core/Src/log_to_flash.o
                0x00000000080027b0                flash_write_calib_data_compass
 .text.read_calib_value
                0x0000000008002814       0x48 ./Core/Src/log_to_flash.o
                0x0000000008002814                read_calib_value
 .text.flash_init_for_calibration
                0x000000000800285c       0x14 ./Core/Src/log_to_flash.o
                0x000000000800285c                flash_init_for_calibration
 .text.fill_calibration_buffer
                0x0000000008002870       0x64 ./Core/Src/log_to_flash.o
                0x0000000008002870                fill_calibration_buffer
 .text.fill_calibration_buffer_compass
                0x00000000080028d4       0x5c ./Core/Src/log_to_flash.o
                0x00000000080028d4                fill_calibration_buffer_compass
 .text.main     0x0000000008002930      0x824 ./Core/Src/main.o
                0x0000000008002930                main
 .text.SystemClock_Config
                0x0000000008003154       0xd8 ./Core/Src/main.o
                0x0000000008003154                SystemClock_Config
 .text.MX_ADC1_Init
                0x000000000800322c       0xa4 ./Core/Src/main.o
 .text.MX_I2C1_Init
                0x00000000080032d0       0x5c ./Core/Src/main.o
 .text.MX_I2C2_Init
                0x000000000800332c       0x5c ./Core/Src/main.o
 .text.MX_I2C3_Init
                0x0000000008003388       0x5c ./Core/Src/main.o
 .text.MX_IWDG_Init
                0x00000000080033e4       0x34 ./Core/Src/main.o
 .text.MX_TIM1_Init
                0x0000000008003418      0x150 ./Core/Src/main.o
 .text.MX_TIM2_Init
                0x0000000008003568       0x98 ./Core/Src/main.o
 .text.MX_TIM3_Init
                0x0000000008003600       0x9c ./Core/Src/main.o
 .text.MX_UART5_Init
                0x000000000800369c       0x54 ./Core/Src/main.o
 .text.MX_UART7_Init
                0x00000000080036f0       0x54 ./Core/Src/main.o
 .text.MX_USART2_UART_Init
                0x0000000008003744       0x58 ./Core/Src/main.o
 .text.MX_USART6_UART_Init
                0x000000000800379c       0x54 ./Core/Src/main.o
 .text.MX_DMA_Init
                0x00000000080037f0       0xac ./Core/Src/main.o
 .text.MX_GPIO_Init
                0x000000000800389c       0xfc ./Core/Src/main.o
 .text.HAL_UART_TxCpltCallback
                0x0000000008003998       0x14 ./Core/Src/main.o
                0x0000000008003998                HAL_UART_TxCpltCallback
 .text.fill_buffer
                0x00000000080039ac      0x308 ./Core/Src/main.o
                0x00000000080039ac                fill_buffer
 .text.Error_Handler
                0x0000000008003cb4        0xa ./Core/Src/main.o
                0x0000000008003cb4                Error_Handler
 *fill*         0x0000000008003cbe        0x2 
 .text.MPU6050_Read_All
                0x0000000008003cc0      0x3c0 ./Core/Src/mpu6050.o
                0x0000000008003cc0                MPU6050_Read_All
 .text.calibrate_yaw
                0x0000000008004080      0x138 ./Core/Src/mpu6050.o
                0x0000000008004080                calibrate_yaw
 .text.calibrate_Benim
                0x00000000080041b8      0x120 ./Core/Src/mpu6050.o
                0x00000000080041b8                calibrate_Benim
 .text.MPU6050_Init_Benim
                0x00000000080042d8      0x118 ./Core/Src/mpu6050.o
                0x00000000080042d8                MPU6050_Init_Benim
 .text.MPU6050_Read_All_Benim
                0x00000000080043f0      0xcac ./Core/Src/mpu6050.o
                0x00000000080043f0                MPU6050_Read_All_Benim
 .text.calibrate_mpu6050
                0x000000000800509c       0x4c ./Core/Src/mpu6050.o
                0x000000000800509c                calibrate_mpu6050
 .text.getControlSignal
                0x00000000080050e8      0x158 ./Core/Src/pid.o
                0x00000000080050e8                getControlSignal
 .text.getControlSignal_roll_pitch
                0x0000000008005240      0x190 ./Core/Src/pid.o
                0x0000000008005240                getControlSignal_roll_pitch
 .text.activate_motors
                0x00000000080053d0       0x2c ./Core/Src/pwm_esc.o
                0x00000000080053d0                activate_motors
 .text.changespeedM1
                0x00000000080053fc       0x34 ./Core/Src/pwm_esc.o
                0x00000000080053fc                changespeedM1
 .text.changespeedM2
                0x0000000008005430       0x34 ./Core/Src/pwm_esc.o
                0x0000000008005430                changespeedM2
 .text.changespeedM3
                0x0000000008005464       0x34 ./Core/Src/pwm_esc.o
                0x0000000008005464                changespeedM3
 .text.changespeedM4
                0x0000000008005498       0x34 ./Core/Src/pwm_esc.o
                0x0000000008005498                changespeedM4
 *fill*         0x00000000080054cc        0x4 
 .text.calculate_motor_powers
                0x00000000080054d0      0x3a4 ./Core/Src/receiver.o
                0x00000000080054d0                calculate_motor_powers
 .text.calculate_pid_altitude
                0x0000000008005874      0x104 ./Core/Src/receiver.o
                0x0000000008005874                calculate_pid_altitude
 .text.calculate_pid_gps
                0x0000000008005978      0x3ec ./Core/Src/receiver.o
                0x0000000008005978                calculate_pid_gps
 .text.reset_alt_pid
                0x0000000008005d64       0x40 ./Core/Src/receiver.o
                0x0000000008005d64                reset_alt_pid
 .text.reset_gps_pid
                0x0000000008005da4       0x64 ./Core/Src/receiver.o
                0x0000000008005da4                reset_gps_pid
 .text.calibrate_esc_and_rc
                0x0000000008005e08       0x80 ./Core/Src/receiver.o
                0x0000000008005e08                calibrate_esc_and_rc
 .text.stop_motors
                0x0000000008005e88       0x34 ./Core/Src/receiver.o
                0x0000000008005e88                stop_motors
 .text.connect_receiver
                0x0000000008005ebc       0x84 ./Core/Src/receiver.o
                0x0000000008005ebc                connect_receiver
 .text.decode_receiver
                0x0000000008005f40      0x1f8 ./Core/Src/receiver.o
                0x0000000008005f40                decode_receiver
 .text.startup_handler
                0x0000000008006138      0x1f8 ./Core/Src/receiver.o
                0x0000000008006138                startup_handler
 .text.arm_handler
                0x0000000008006330       0xac ./Core/Src/receiver.o
                0x0000000008006330                arm_handler
 .text.altitude_hold
                0x00000000080063dc      0x190 ./Core/Src/receiver.o
                0x00000000080063dc                altitude_hold
 .text.gps_hold
                0x000000000800656c      0x110 ./Core/Src/receiver.o
                0x000000000800656c                gps_hold
 .text.reset_pid
                0x000000000800667c       0xe8 ./Core/Src/receiver.o
                0x000000000800667c                reset_pid
 .text.HAL_MspInit
                0x0000000008006764       0x50 ./Core/Src/stm32f4xx_hal_msp.o
                0x0000000008006764                HAL_MspInit
 .text.HAL_ADC_MspInit
                0x00000000080067b4       0xf0 ./Core/Src/stm32f4xx_hal_msp.o
                0x00000000080067b4                HAL_ADC_MspInit
 .text.HAL_I2C_MspInit
                0x00000000080068a4      0x1ac ./Core/Src/stm32f4xx_hal_msp.o
                0x00000000080068a4                HAL_I2C_MspInit
 .text.HAL_I2C_MspDeInit
                0x0000000008006a50       0xb0 ./Core/Src/stm32f4xx_hal_msp.o
                0x0000000008006a50                HAL_I2C_MspDeInit
 .text.HAL_TIM_PWM_MspInit
                0x0000000008006b00       0x44 ./Core/Src/stm32f4xx_hal_msp.o
                0x0000000008006b00                HAL_TIM_PWM_MspInit
 .text.HAL_TIM_Base_MspInit
                0x0000000008006b44       0x6c ./Core/Src/stm32f4xx_hal_msp.o
                0x0000000008006b44                HAL_TIM_Base_MspInit
 .text.HAL_TIM_MspPostInit
                0x0000000008006bb0       0x74 ./Core/Src/stm32f4xx_hal_msp.o
                0x0000000008006bb0                HAL_TIM_MspPostInit
 .text.HAL_UART_MspInit
                0x0000000008006c24      0x3ec ./Core/Src/stm32f4xx_hal_msp.o
                0x0000000008006c24                HAL_UART_MspInit
 .text.HAL_UART_MspDeInit
                0x0000000008007010       0xec ./Core/Src/stm32f4xx_hal_msp.o
                0x0000000008007010                HAL_UART_MspDeInit
 .text.NMI_Handler
                0x00000000080070fc        0x6 ./Core/Src/stm32f4xx_it.o
                0x00000000080070fc                NMI_Handler
 .text.HardFault_Handler
                0x0000000008007102        0x6 ./Core/Src/stm32f4xx_it.o
                0x0000000008007102                HardFault_Handler
 .text.MemManage_Handler
                0x0000000008007108        0x6 ./Core/Src/stm32f4xx_it.o
                0x0000000008007108                MemManage_Handler
 .text.BusFault_Handler
                0x000000000800710e        0x6 ./Core/Src/stm32f4xx_it.o
                0x000000000800710e                BusFault_Handler
 .text.UsageFault_Handler
                0x0000000008007114        0x6 ./Core/Src/stm32f4xx_it.o
                0x0000000008007114                UsageFault_Handler
 .text.SVC_Handler
                0x000000000800711a        0xe ./Core/Src/stm32f4xx_it.o
                0x000000000800711a                SVC_Handler
 .text.DebugMon_Handler
                0x0000000008007128        0xe ./Core/Src/stm32f4xx_it.o
                0x0000000008007128                DebugMon_Handler
 .text.PendSV_Handler
                0x0000000008007136        0xe ./Core/Src/stm32f4xx_it.o
                0x0000000008007136                PendSV_Handler
 .text.SysTick_Handler
                0x0000000008007144        0xc ./Core/Src/stm32f4xx_it.o
                0x0000000008007144                SysTick_Handler
 .text.DMA1_Stream0_IRQHandler
                0x0000000008007150       0x14 ./Core/Src/stm32f4xx_it.o
                0x0000000008007150                DMA1_Stream0_IRQHandler
 .text.DMA1_Stream1_IRQHandler
                0x0000000008007164       0x14 ./Core/Src/stm32f4xx_it.o
                0x0000000008007164                DMA1_Stream1_IRQHandler
 .text.DMA1_Stream5_IRQHandler
                0x0000000008007178       0x14 ./Core/Src/stm32f4xx_it.o
                0x0000000008007178                DMA1_Stream5_IRQHandler
 .text.DMA1_Stream7_IRQHandler
                0x000000000800718c       0x14 ./Core/Src/stm32f4xx_it.o
                0x000000000800718c                DMA1_Stream7_IRQHandler
 .text.UART5_IRQHandler
                0x00000000080071a0       0x14 ./Core/Src/stm32f4xx_it.o
                0x00000000080071a0                UART5_IRQHandler
 .text.DMA2_Stream0_IRQHandler
                0x00000000080071b4       0x14 ./Core/Src/stm32f4xx_it.o
                0x00000000080071b4                DMA2_Stream0_IRQHandler
 .text.DMA2_Stream2_IRQHandler
                0x00000000080071c8       0x14 ./Core/Src/stm32f4xx_it.o
                0x00000000080071c8                DMA2_Stream2_IRQHandler
 .text.SystemInit
                0x00000000080071dc       0x24 ./Core/Src/system_stm32f4xx.o
                0x00000000080071dc                SystemInit
 .text.Reset_Handler
                0x0000000008007200       0x50 ./Core/Startup/startup_stm32f413zhtx.o
                0x0000000008007200                Reset_Handler
 .text.Default_Handler
                0x0000000008007250        0x2 ./Core/Startup/startup_stm32f413zhtx.o
                0x0000000008007250                RTC_Alarm_IRQHandler
                0x0000000008007250                EXTI2_IRQHandler
                0x0000000008007250                TIM8_CC_IRQHandler
                0x0000000008007250                UART8_IRQHandler
                0x0000000008007250                FMPI2C1_EV_IRQHandler
                0x0000000008007250                SPI4_IRQHandler
                0x0000000008007250                TIM1_CC_IRQHandler
                0x0000000008007250                DMA2_Stream5_IRQHandler
                0x0000000008007250                CAN3_RX1_IRQHandler
                0x0000000008007250                PVD_IRQHandler
                0x0000000008007250                SDIO_IRQHandler
                0x0000000008007250                TAMP_STAMP_IRQHandler
                0x0000000008007250                CAN2_RX1_IRQHandler
                0x0000000008007250                EXTI3_IRQHandler
                0x0000000008007250                TIM8_TRG_COM_TIM14_IRQHandler
                0x0000000008007250                DFSDM1_FLT1_IRQHandler
                0x0000000008007250                TIM1_UP_TIM10_IRQHandler
                0x0000000008007250                TIM8_UP_TIM13_IRQHandler
                0x0000000008007250                I2C3_ER_IRQHandler
                0x0000000008007250                EXTI0_IRQHandler
                0x0000000008007250                I2C2_EV_IRQHandler
                0x0000000008007250                DMA1_Stream2_IRQHandler
                0x0000000008007250                CAN1_RX0_IRQHandler
                0x0000000008007250                FPU_IRQHandler
                0x0000000008007250                CAN3_SCE_IRQHandler
                0x0000000008007250                CAN2_SCE_IRQHandler
                0x0000000008007250                SPI1_IRQHandler
                0x0000000008007250                TIM6_DAC_IRQHandler
                0x0000000008007250                TIM1_BRK_TIM9_IRQHandler
                0x0000000008007250                CAN2_RX0_IRQHandler
                0x0000000008007250                DMA2_Stream3_IRQHandler
                0x0000000008007250                USART6_IRQHandler
                0x0000000008007250                CAN3_RX0_IRQHandler
                0x0000000008007250                USART3_IRQHandler
                0x0000000008007250                DFSDM2_FLT3_IRQHandler
                0x0000000008007250                CAN1_RX1_IRQHandler
                0x0000000008007250                TIM4_IRQHandler
                0x0000000008007250                QUADSPI_IRQHandler
                0x0000000008007250                I2C1_EV_IRQHandler
                0x0000000008007250                DMA1_Stream6_IRQHandler
                0x0000000008007250                UART4_IRQHandler
                0x0000000008007250                TIM3_IRQHandler
                0x0000000008007250                RCC_IRQHandler
                0x0000000008007250                UART9_IRQHandler
                0x0000000008007250                TIM8_BRK_TIM12_IRQHandler
                0x0000000008007250                Default_Handler
                0x0000000008007250                EXTI15_10_IRQHandler
                0x0000000008007250                ADC_IRQHandler
                0x0000000008007250                DFSDM2_FLT0_IRQHandler
                0x0000000008007250                SPI5_IRQHandler
                0x0000000008007250                TIM7_IRQHandler
                0x0000000008007250                CAN2_TX_IRQHandler
                0x0000000008007250                TIM5_IRQHandler
                0x0000000008007250                DMA2_Stream7_IRQHandler
                0x0000000008007250                I2C3_EV_IRQHandler
                0x0000000008007250                DFSDM2_FLT2_IRQHandler
                0x0000000008007250                EXTI9_5_IRQHandler
                0x0000000008007250                RTC_WKUP_IRQHandler
                0x0000000008007250                SPI2_IRQHandler
                0x0000000008007250                CAN1_TX_IRQHandler
                0x0000000008007250                FMPI2C1_ER_IRQHandler
                0x0000000008007250                EXTI4_IRQHandler
                0x0000000008007250                DFSDM2_FLT1_IRQHandler
                0x0000000008007250                RNG_IRQHandler
                0x0000000008007250                FSMC_IRQHandler
                0x0000000008007250                WWDG_IRQHandler
                0x0000000008007250                CAN3_TX_IRQHandler
                0x0000000008007250                TIM2_IRQHandler
                0x0000000008007250                OTG_FS_WKUP_IRQHandler
                0x0000000008007250                TIM1_TRG_COM_TIM11_IRQHandler
                0x0000000008007250                EXTI1_IRQHandler
                0x0000000008007250                UART7_IRQHandler
                0x0000000008007250                USART2_IRQHandler
                0x0000000008007250                DFSDM1_FLT0_IRQHandler
                0x0000000008007250                I2C2_ER_IRQHandler
                0x0000000008007250                DMA2_Stream1_IRQHandler
                0x0000000008007250                CAN1_SCE_IRQHandler
                0x0000000008007250                FLASH_IRQHandler
                0x0000000008007250                DMA2_Stream4_IRQHandler
                0x0000000008007250                USART1_IRQHandler
                0x0000000008007250                OTG_FS_IRQHandler
                0x0000000008007250                SPI3_IRQHandler
                0x0000000008007250                DMA1_Stream4_IRQHandler
                0x0000000008007250                I2C1_ER_IRQHandler
                0x0000000008007250                LPTIM1_IRQHandler
                0x0000000008007250                DMA2_Stream6_IRQHandler
                0x0000000008007250                UART10_IRQHandler
                0x0000000008007250                SAI1_IRQHandler
                0x0000000008007250                DMA1_Stream3_IRQHandler
 *fill*         0x0000000008007252        0x2 
 .text.HAL_Init
                0x0000000008007254       0x44 ./Drivers/STM32F4xx_HAL_Driver/Src/stm32f4xx_hal.o
                0x0000000008007254                HAL_Init
 .text.HAL_InitTick
                0x0000000008007298       0x60 ./Drivers/STM32F4xx_HAL_Driver/Src/stm32f4xx_hal.o
                0x0000000008007298                HAL_InitTick
 .text.HAL_IncTick
                0x00000000080072f8       0x28 ./Drivers/STM32F4xx_HAL_Driver/Src/stm32f4xx_hal.o
                0x00000000080072f8                HAL_IncTick
 .text.HAL_GetTick
                0x0000000008007320       0x18 ./Drivers/STM32F4xx_HAL_Driver/Src/stm32f4xx_hal.o
                0x0000000008007320                HAL_GetTick
 .text.HAL_Delay
                0x0000000008007338       0x48 ./Drivers/STM32F4xx_HAL_Driver/Src/stm32f4xx_hal.o
                0x0000000008007338                HAL_Delay
 .text.HAL_ADC_Init
                0x0000000008007380       0x86 ./Drivers/STM32F4xx_HAL_Driver/Src/stm32f4xx_hal_adc.o
                0x0000000008007380                HAL_ADC_Init
 *fill*         0x0000000008007406        0x2 
 .text.HAL_ADC_Start_DMA
                0x0000000008007408      0x1e0 ./Drivers/STM32F4xx_HAL_Driver/Src/stm32f4xx_hal_adc.o
                0x0000000008007408                HAL_ADC_Start_DMA
 .text.HAL_ADC_ConvCpltCallback
                0x00000000080075e8       0x14 ./Drivers/STM32F4xx_HAL_Driver/Src/stm32f4xx_hal_adc.o
                0x00000000080075e8                HAL_ADC_ConvCpltCallback
 .text.HAL_ADC_ConvHalfCpltCallback
                0x00000000080075fc       0x14 ./Drivers/STM32F4xx_HAL_Driver/Src/stm32f4xx_hal_adc.o
                0x00000000080075fc                HAL_ADC_ConvHalfCpltCallback
 .text.HAL_ADC_ErrorCallback
                0x0000000008007610       0x14 ./Drivers/STM32F4xx_HAL_Driver/Src/stm32f4xx_hal_adc.o
                0x0000000008007610                HAL_ADC_ErrorCallback
 .text.HAL_ADC_ConfigChannel
                0x0000000008007624      0x264 ./Drivers/STM32F4xx_HAL_Driver/Src/stm32f4xx_hal_adc.o
                0x0000000008007624                HAL_ADC_ConfigChannel
 .text.ADC_Init
                0x0000000008007888      0x1f8 ./Drivers/STM32F4xx_HAL_Driver/Src/stm32f4xx_hal_adc.o
 .text.ADC_DMAConvCplt
                0x0000000008007a80       0xba ./Drivers/STM32F4xx_HAL_Driver/Src/stm32f4xx_hal_adc.o
 .text.ADC_DMAHalfConvCplt
                0x0000000008007b3a       0x1c ./Drivers/STM32F4xx_HAL_Driver/Src/stm32f4xx_hal_adc.o
 .text.ADC_DMAError
                0x0000000008007b56       0x2e ./Drivers/STM32F4xx_HAL_Driver/Src/stm32f4xx_hal_adc.o
 .text.__NVIC_SetPriorityGrouping
                0x0000000008007b84       0x48 ./Drivers/STM32F4xx_HAL_Driver/Src/stm32f4xx_hal_cortex.o
 .text.__NVIC_GetPriorityGrouping
                0x0000000008007bcc       0x1c ./Drivers/STM32F4xx_HAL_Driver/Src/stm32f4xx_hal_cortex.o
 .text.__NVIC_EnableIRQ
                0x0000000008007be8       0x3c ./Drivers/STM32F4xx_HAL_Driver/Src/stm32f4xx_hal_cortex.o
 .text.__NVIC_DisableIRQ
                0x0000000008007c24       0x48 ./Drivers/STM32F4xx_HAL_Driver/Src/stm32f4xx_hal_cortex.o
 .text.__NVIC_SetPriority
                0x0000000008007c6c       0x54 ./Drivers/STM32F4xx_HAL_Driver/Src/stm32f4xx_hal_cortex.o
 .text.NVIC_EncodePriority
                0x0000000008007cc0       0x66 ./Drivers/STM32F4xx_HAL_Driver/Src/stm32f4xx_hal_cortex.o
 *fill*         0x0000000008007d26        0x2 
 .text.SysTick_Config
                0x0000000008007d28       0x44 ./Drivers/STM32F4xx_HAL_Driver/Src/stm32f4xx_hal_cortex.o
 .text.HAL_NVIC_SetPriorityGrouping
                0x0000000008007d6c       0x16 ./Drivers/STM32F4xx_HAL_Driver/Src/stm32f4xx_hal_cortex.o
                0x0000000008007d6c                HAL_NVIC_SetPriorityGrouping
 .text.HAL_NVIC_SetPriority
                0x0000000008007d82       0x38 ./Drivers/STM32F4xx_HAL_Driver/Src/stm32f4xx_hal_cortex.o
                0x0000000008007d82                HAL_NVIC_SetPriority
 .text.HAL_NVIC_EnableIRQ
                0x0000000008007dba       0x1c ./Drivers/STM32F4xx_HAL_Driver/Src/stm32f4xx_hal_cortex.o
                0x0000000008007dba                HAL_NVIC_EnableIRQ
 .text.HAL_NVIC_DisableIRQ
                0x0000000008007dd6       0x1c ./Drivers/STM32F4xx_HAL_Driver/Src/stm32f4xx_hal_cortex.o
                0x0000000008007dd6                HAL_NVIC_DisableIRQ
 .text.HAL_SYSTICK_Config
                0x0000000008007df2       0x18 ./Drivers/STM32F4xx_HAL_Driver/Src/stm32f4xx_hal_cortex.o
                0x0000000008007df2                HAL_SYSTICK_Config
 *fill*         0x0000000008007e0a        0x2 
 .text.HAL_DMA_Init
                0x0000000008007e0c      0x15c ./Drivers/STM32F4xx_HAL_Driver/Src/stm32f4xx_hal_dma.o
                0x0000000008007e0c                HAL_DMA_Init
 .text.HAL_DMA_DeInit
                0x0000000008007f68       0xbc ./Drivers/STM32F4xx_HAL_Driver/Src/stm32f4xx_hal_dma.o
                0x0000000008007f68                HAL_DMA_DeInit
 .text.HAL_DMA_Start_IT
                0x0000000008008024       0xb0 ./Drivers/STM32F4xx_HAL_Driver/Src/stm32f4xx_hal_dma.o
                0x0000000008008024                HAL_DMA_Start_IT
 .text.HAL_DMA_Abort
                0x00000000080080d4       0xe0 ./Drivers/STM32F4xx_HAL_Driver/Src/stm32f4xx_hal_dma.o
                0x00000000080080d4                HAL_DMA_Abort
 .text.HAL_DMA_Abort_IT
                0x00000000080081b4       0x44 ./Drivers/STM32F4xx_HAL_Driver/Src/stm32f4xx_hal_dma.o
                0x00000000080081b4                HAL_DMA_Abort_IT
 .text.HAL_DMA_IRQHandler
                0x00000000080081f8      0x314 ./Drivers/STM32F4xx_HAL_Driver/Src/stm32f4xx_hal_dma.o
                0x00000000080081f8                HAL_DMA_IRQHandler
 .text.DMA_SetConfig
                0x000000000800850c       0x5c ./Drivers/STM32F4xx_HAL_Driver/Src/stm32f4xx_hal_dma.o
 .text.DMA_CalcBaseAndBitshift
                0x0000000008008568       0x6c ./Drivers/STM32F4xx_HAL_Driver/Src/stm32f4xx_hal_dma.o
 .text.DMA_CheckFifoParam
                0x00000000080085d4       0xf8 ./Drivers/STM32F4xx_HAL_Driver/Src/stm32f4xx_hal_dma.o
 .text.HAL_FLASH_Program
                0x00000000080086cc       0xa8 ./Drivers/STM32F4xx_HAL_Driver/Src/stm32f4xx_hal_flash.o
                0x00000000080086cc                HAL_FLASH_Program
 .text.HAL_FLASH_Unlock
                0x0000000008008774       0x44 ./Drivers/STM32F4xx_HAL_Driver/Src/stm32f4xx_hal_flash.o
                0x0000000008008774                HAL_FLASH_Unlock
 .text.HAL_FLASH_Lock
                0x00000000080087b8       0x20 ./Drivers/STM32F4xx_HAL_Driver/Src/stm32f4xx_hal_flash.o
                0x00000000080087b8                HAL_FLASH_Lock
 .text.FLASH_WaitForLastOperation
                0x00000000080087d8       0x80 ./Drivers/STM32F4xx_HAL_Driver/Src/stm32f4xx_hal_flash.o
                0x00000000080087d8                FLASH_WaitForLastOperation
 .text.FLASH_Program_DoubleWord
                0x0000000008008858       0x64 ./Drivers/STM32F4xx_HAL_Driver/Src/stm32f4xx_hal_flash.o
 .text.FLASH_Program_Word
                0x00000000080088bc       0x44 ./Drivers/STM32F4xx_HAL_Driver/Src/stm32f4xx_hal_flash.o
 .text.FLASH_Program_HalfWord
                0x0000000008008900       0x48 ./Drivers/STM32F4xx_HAL_Driver/Src/stm32f4xx_hal_flash.o
 .text.FLASH_Program_Byte
                0x0000000008008948       0x44 ./Drivers/STM32F4xx_HAL_Driver/Src/stm32f4xx_hal_flash.o
 .text.FLASH_SetErrorCode
                0x000000000800898c       0xcc ./Drivers/STM32F4xx_HAL_Driver/Src/stm32f4xx_hal_flash.o
 .text.FLASH_Erase_Sector
                0x0000000008008a58       0x90 ./Drivers/STM32F4xx_HAL_Driver/Src/stm32f4xx_hal_flash_ex.o
                0x0000000008008a58                FLASH_Erase_Sector
 .text.HAL_GPIO_Init
                0x0000000008008ae8      0x328 ./Drivers/STM32F4xx_HAL_Driver/Src/stm32f4xx_hal_gpio.o
                0x0000000008008ae8                HAL_GPIO_Init
 .text.HAL_GPIO_DeInit
                0x0000000008008e10      0x1e8 ./Drivers/STM32F4xx_HAL_Driver/Src/stm32f4xx_hal_gpio.o
                0x0000000008008e10                HAL_GPIO_DeInit
 .text.HAL_GPIO_ReadPin
                0x0000000008008ff8       0x30 ./Drivers/STM32F4xx_HAL_Driver/Src/stm32f4xx_hal_gpio.o
                0x0000000008008ff8                HAL_GPIO_ReadPin
 .text.HAL_GPIO_WritePin
                0x0000000008009028       0x32 ./Drivers/STM32F4xx_HAL_Driver/Src/stm32f4xx_hal_gpio.o
                0x0000000008009028                HAL_GPIO_WritePin
 .text.HAL_GPIO_TogglePin
                0x000000000800905a       0x34 ./Drivers/STM32F4xx_HAL_Driver/Src/stm32f4xx_hal_gpio.o
                0x000000000800905a                HAL_GPIO_TogglePin
 *fill*         0x000000000800908e        0x2 
 .text.HAL_I2C_Init
                0x0000000008009090      0x288 ./Drivers/STM32F4xx_HAL_Driver/Src/stm32f4xx_hal_i2c.o
                0x0000000008009090                HAL_I2C_Init
 .text.HAL_I2C_DeInit
                0x0000000008009318       0x5e ./Drivers/STM32F4xx_HAL_Driver/Src/stm32f4xx_hal_i2c.o
                0x0000000008009318                HAL_I2C_DeInit
 *fill*         0x0000000008009376        0x2 
 .text.HAL_I2C_Master_Transmit
                0x0000000008009378      0x1fc ./Drivers/STM32F4xx_HAL_Driver/Src/stm32f4xx_hal_i2c.o
                0x0000000008009378                HAL_I2C_Master_Transmit
 .text.HAL_I2C_Master_Receive
                0x0000000008009574      0x44c ./Drivers/STM32F4xx_HAL_Driver/Src/stm32f4xx_hal_i2c.o
                0x0000000008009574                HAL_I2C_Master_Receive
 .text.HAL_I2C_Mem_Write
                0x00000000080099c0      0x1f4 ./Drivers/STM32F4xx_HAL_Driver/Src/stm32f4xx_hal_i2c.o
                0x00000000080099c0                HAL_I2C_Mem_Write
 .text.HAL_I2C_Mem_Read
                0x0000000008009bb4      0x44c ./Drivers/STM32F4xx_HAL_Driver/Src/stm32f4xx_hal_i2c.o
                0x0000000008009bb4                HAL_I2C_Mem_Read
 .text.I2C_MasterRequestWrite
                0x000000000800a000      0x104 ./Drivers/STM32F4xx_HAL_Driver/Src/stm32f4xx_hal_i2c.o
 .text.I2C_MasterRequestRead
                0x000000000800a104      0x19c ./Drivers/STM32F4xx_HAL_Driver/Src/stm32f4xx_hal_i2c.o
 .text.I2C_RequestMemoryWrite
                0x000000000800a2a0      0x12c ./Drivers/STM32F4xx_HAL_Driver/Src/stm32f4xx_hal_i2c.o
 .text.I2C_RequestMemoryRead
                0x000000000800a3cc      0x1d0 ./Drivers/STM32F4xx_HAL_Driver/Src/stm32f4xx_hal_i2c.o
 .text.I2C_WaitOnFlagUntilTimeout
                0x000000000800a59c       0xae ./Drivers/STM32F4xx_HAL_Driver/Src/stm32f4xx_hal_i2c.o
 .text.I2C_WaitOnMasterAddressFlagUntilTimeout
                0x000000000800a64a       0xfe ./Drivers/STM32F4xx_HAL_Driver/Src/stm32f4xx_hal_i2c.o
 .text.I2C_WaitOnTXEFlagUntilTimeout
                0x000000000800a748       0x82 ./Drivers/STM32F4xx_HAL_Driver/Src/stm32f4xx_hal_i2c.o
 .text.I2C_WaitOnBTFFlagUntilTimeout
                0x000000000800a7ca       0x82 ./Drivers/STM32F4xx_HAL_Driver/Src/stm32f4xx_hal_i2c.o
 .text.I2C_WaitOnRXNEFlagUntilTimeout
                0x000000000800a84c       0xac ./Drivers/STM32F4xx_HAL_Driver/Src/stm32f4xx_hal_i2c.o
 .text.I2C_IsAcknowledgeFailed
                0x000000000800a8f8       0x5e ./Drivers/STM32F4xx_HAL_Driver/Src/stm32f4xx_hal_i2c.o
 .text.HAL_IWDG_Init
                0x000000000800a956       0x84 ./Drivers/STM32F4xx_HAL_Driver/Src/stm32f4xx_hal_iwdg.o
                0x000000000800a956                HAL_IWDG_Init
 .text.HAL_IWDG_Refresh
                0x000000000800a9da       0x20 ./Drivers/STM32F4xx_HAL_Driver/Src/stm32f4xx_hal_iwdg.o
                0x000000000800a9da                HAL_IWDG_Refresh
 *fill*         0x000000000800a9fa        0x2 
 .text.HAL_RCC_ClockConfig
                0x000000000800a9fc      0x1cc ./Drivers/STM32F4xx_HAL_Driver/Src/stm32f4xx_hal_rcc.o
                0x000000000800a9fc                HAL_RCC_ClockConfig
 .text.HAL_RCC_GetSysClockFreq
                0x000000000800abc8      0x18c ./Drivers/STM32F4xx_HAL_Driver/Src/stm32f4xx_hal_rcc.o
                0x000000000800abc8                HAL_RCC_GetSysClockFreq
 .text.HAL_RCC_GetHCLKFreq
                0x000000000800ad54       0x18 ./Drivers/STM32F4xx_HAL_Driver/Src/stm32f4xx_hal_rcc.o
                0x000000000800ad54                HAL_RCC_GetHCLKFreq
 .text.HAL_RCC_GetPCLK1Freq
                0x000000000800ad6c       0x28 ./Drivers/STM32F4xx_HAL_Driver/Src/stm32f4xx_hal_rcc.o
                0x000000000800ad6c                HAL_RCC_GetPCLK1Freq
 .text.HAL_RCC_GetPCLK2Freq
                0x000000000800ad94       0x28 ./Drivers/STM32F4xx_HAL_Driver/Src/stm32f4xx_hal_rcc.o
                0x000000000800ad94                HAL_RCC_GetPCLK2Freq
 .text.HAL_RCC_OscConfig
                0x000000000800adbc      0x508 ./Drivers/STM32F4xx_HAL_Driver/Src/stm32f4xx_hal_rcc_ex.o
                0x000000000800adbc                HAL_RCC_OscConfig
 .text.HAL_TIM_Base_Init
                0x000000000800b2c4       0x9e ./Drivers/STM32F4xx_HAL_Driver/Src/stm32f4xx_hal_tim.o
                0x000000000800b2c4                HAL_TIM_Base_Init
 *fill*         0x000000000800b362        0x2 
 .text.HAL_TIM_Base_Start
                0x000000000800b364       0xd0 ./Drivers/STM32F4xx_HAL_Driver/Src/stm32f4xx_hal_tim.o
                0x000000000800b364                HAL_TIM_Base_Start
 .text.HAL_TIM_PWM_Init
                0x000000000800b434       0x9e ./Drivers/STM32F4xx_HAL_Driver/Src/stm32f4xx_hal_tim.o
                0x000000000800b434                HAL_TIM_PWM_Init
 *fill*         0x000000000800b4d2        0x2 
 .text.HAL_TIM_PWM_Start
                0x000000000800b4d4      0x190 ./Drivers/STM32F4xx_HAL_Driver/Src/stm32f4xx_hal_tim.o
                0x000000000800b4d4                HAL_TIM_PWM_Start
 .text.HAL_TIM_PWM_ConfigChannel
                0x000000000800b664      0x184 ./Drivers/STM32F4xx_HAL_Driver/Src/stm32f4xx_hal_tim.o
                0x000000000800b664                HAL_TIM_PWM_ConfigChannel
 .text.HAL_TIM_ConfigClockSource
                0x000000000800b7e8      0x18e ./Drivers/STM32F4xx_HAL_Driver/Src/stm32f4xx_hal_tim.o
                0x000000000800b7e8                HAL_TIM_ConfigClockSource
 *fill*         0x000000000800b976        0x2 
 .text.TIM_Base_SetConfig
                0x000000000800b978      0x140 ./Drivers/STM32F4xx_HAL_Driver/Src/stm32f4xx_hal_tim.o
                0x000000000800b978                TIM_Base_SetConfig
 .text.TIM_OC1_SetConfig
                0x000000000800bab8       0xe0 ./Drivers/STM32F4xx_HAL_Driver/Src/stm32f4xx_hal_tim.o
 .text.TIM_OC2_SetConfig
                0x000000000800bb98       0xec ./Drivers/STM32F4xx_HAL_Driver/Src/stm32f4xx_hal_tim.o
                0x000000000800bb98                TIM_OC2_SetConfig
 .text.TIM_OC3_SetConfig
                0x000000000800bc84       0xe8 ./Drivers/STM32F4xx_HAL_Driver/Src/stm32f4xx_hal_tim.o
 .text.TIM_OC4_SetConfig
                0x000000000800bd6c       0xac ./Drivers/STM32F4xx_HAL_Driver/Src/stm32f4xx_hal_tim.o
 .text.TIM_TI1_ConfigInputStage
                0x000000000800be18       0x5e ./Drivers/STM32F4xx_HAL_Driver/Src/stm32f4xx_hal_tim.o
 .text.TIM_TI2_ConfigInputStage
                0x000000000800be76       0x60 ./Drivers/STM32F4xx_HAL_Driver/Src/stm32f4xx_hal_tim.o
 .text.TIM_ITRx_SetConfig
                0x000000000800bed6       0x36 ./Drivers/STM32F4xx_HAL_Driver/Src/stm32f4xx_hal_tim.o
 .text.TIM_ETR_SetConfig
                0x000000000800bf0c       0x40 ./Drivers/STM32F4xx_HAL_Driver/Src/stm32f4xx_hal_tim.o
                0x000000000800bf0c                TIM_ETR_SetConfig
 .text.TIM_CCxChannelCmd
                0x000000000800bf4c       0x4a ./Drivers/STM32F4xx_HAL_Driver/Src/stm32f4xx_hal_tim.o
                0x000000000800bf4c                TIM_CCxChannelCmd
 *fill*         0x000000000800bf96        0x2 
 .text.HAL_TIMEx_MasterConfigSynchronization
                0x000000000800bf98       0xf8 ./Drivers/STM32F4xx_HAL_Driver/Src/stm32f4xx_hal_tim_ex.o
                0x000000000800bf98                HAL_TIMEx_MasterConfigSynchronization
 .text.HAL_TIMEx_ConfigBreakDeadTime
                0x000000000800c090       0xa4 ./Drivers/STM32F4xx_HAL_Driver/Src/stm32f4xx_hal_tim_ex.o
                0x000000000800c090                HAL_TIMEx_ConfigBreakDeadTime
 .text.HAL_UART_Init
                0x000000000800c134       0x9a ./Drivers/STM32F4xx_HAL_Driver/Src/stm32f4xx_hal_uart.o
                0x000000000800c134                HAL_UART_Init
 .text.HAL_UART_DeInit
                0x000000000800c1ce       0x5e ./Drivers/STM32F4xx_HAL_Driver/Src/stm32f4xx_hal_uart.o
                0x000000000800c1ce                HAL_UART_DeInit
 .text.HAL_UART_Transmit
                0x000000000800c22c      0x124 ./Drivers/STM32F4xx_HAL_Driver/Src/stm32f4xx_hal_uart.o
                0x000000000800c22c                HAL_UART_Transmit
 .text.HAL_UART_Transmit_DMA
                0x000000000800c350       0xfc ./Drivers/STM32F4xx_HAL_Driver/Src/stm32f4xx_hal_uart.o
                0x000000000800c350                HAL_UART_Transmit_DMA
 .text.HAL_UART_Receive_DMA
                0x000000000800c44c       0x60 ./Drivers/STM32F4xx_HAL_Driver/Src/stm32f4xx_hal_uart.o
                0x000000000800c44c                HAL_UART_Receive_DMA
 .text.HAL_UART_DMAStop
                0x000000000800c4ac       0xfe ./Drivers/STM32F4xx_HAL_Driver/Src/stm32f4xx_hal_uart.o
                0x000000000800c4ac                HAL_UART_DMAStop
 *fill*         0x000000000800c5aa        0x2 
 .text.HAL_UART_IRQHandler
                0x000000000800c5ac      0x51c ./Drivers/STM32F4xx_HAL_Driver/Src/stm32f4xx_hal_uart.o
                0x000000000800c5ac                HAL_UART_IRQHandler
 .text.HAL_UART_TxHalfCpltCallback
                0x000000000800cac8       0x14 ./Drivers/STM32F4xx_HAL_Driver/Src/stm32f4xx_hal_uart.o
                0x000000000800cac8                HAL_UART_TxHalfCpltCallback
 .text.HAL_UART_RxCpltCallback
                0x000000000800cadc       0x14 ./Drivers/STM32F4xx_HAL_Driver/Src/stm32f4xx_hal_uart.o
                0x000000000800cadc                HAL_UART_RxCpltCallback
 .text.HAL_UART_RxHalfCpltCallback
                0x000000000800caf0       0x14 ./Drivers/STM32F4xx_HAL_Driver/Src/stm32f4xx_hal_uart.o
                0x000000000800caf0                HAL_UART_RxHalfCpltCallback
 .text.HAL_UART_ErrorCallback
                0x000000000800cb04       0x14 ./Drivers/STM32F4xx_HAL_Driver/Src/stm32f4xx_hal_uart.o
                0x000000000800cb04                HAL_UART_ErrorCallback
 .text.HAL_UARTEx_RxEventCallback
                0x000000000800cb18       0x18 ./Drivers/STM32F4xx_HAL_Driver/Src/stm32f4xx_hal_uart.o
                0x000000000800cb18                HAL_UARTEx_RxEventCallback
 .text.UART_DMATransmitCplt
                0x000000000800cb30       0x9a ./Drivers/STM32F4xx_HAL_Driver/Src/stm32f4xx_hal_uart.o
 .text.UART_DMATxHalfCplt
                0x000000000800cbca       0x1c ./Drivers/STM32F4xx_HAL_Driver/Src/stm32f4xx_hal_uart.o
 .text.UART_DMAReceiveCplt
                0x000000000800cbe6      0x126 ./Drivers/STM32F4xx_HAL_Driver/Src/stm32f4xx_hal_uart.o
 .text.UART_DMARxHalfCplt
                0x000000000800cd0c       0x36 ./Drivers/STM32F4xx_HAL_Driver/Src/stm32f4xx_hal_uart.o
 .text.UART_DMAError
                0x000000000800cd42       0x94 ./Drivers/STM32F4xx_HAL_Driver/Src/stm32f4xx_hal_uart.o
 .text.UART_WaitOnFlagUntilTimeout
                0x000000000800cdd6       0xdc ./Drivers/STM32F4xx_HAL_Driver/Src/stm32f4xx_hal_uart.o
 *fill*         0x000000000800ceb2        0x2 
 .text.UART_Start_Receive_DMA
                0x000000000800ceb4      0x13c ./Drivers/STM32F4xx_HAL_Driver/Src/stm32f4xx_hal_uart.o
                0x000000000800ceb4                UART_Start_Receive_DMA
 .text.UART_EndTxTransfer
                0x000000000800cff0       0x50 ./Drivers/STM32F4xx_HAL_Driver/Src/stm32f4xx_hal_uart.o
 .text.UART_EndRxTransfer
                0x000000000800d040       0xc6 ./Drivers/STM32F4xx_HAL_Driver/Src/stm32f4xx_hal_uart.o
 .text.UART_DMAAbortOnError
                0x000000000800d106       0x28 ./Drivers/STM32F4xx_HAL_Driver/Src/stm32f4xx_hal_uart.o
 .text.UART_Transmit_IT
                0x000000000800d12e       0xa0 ./Drivers/STM32F4xx_HAL_Driver/Src/stm32f4xx_hal_uart.o
 .text.UART_EndTransmit_IT
                0x000000000800d1ce       0x30 ./Drivers/STM32F4xx_HAL_Driver/Src/stm32f4xx_hal_uart.o
 .text.UART_Receive_IT
                0x000000000800d1fe      0x176 ./Drivers/STM32F4xx_HAL_Driver/Src/stm32f4xx_hal_uart.o
 .text.UART_SetConfig
                0x000000000800d374      0x508 ./Drivers/STM32F4xx_HAL_Driver/Src/stm32f4xx_hal_uart.o
 .text.abs      0x000000000800d87c        0x8 c:/st/stm32cubeide_1.11.0/stm32cubeide/plugins/com.st.stm32cube.ide.mcu.externaltools.gnu-tools-for-stm32.10.3-2021.10.win32_1.0.100.202210260954/tools/bin/../lib/gcc/arm-none-eabi/10.3.1/../../../../arm-none-eabi/lib/thumb/v7e-m+fp/hard\libc_nano.a(lib_a-abs.o)
                0x000000000800d87c                abs
 .text.__errno  0x000000000800d884        0xc c:/st/stm32cubeide_1.11.0/stm32cubeide/plugins/com.st.stm32cube.ide.mcu.externaltools.gnu-tools-for-stm32.10.3-2021.10.win32_1.0.100.202210260954/tools/bin/../lib/gcc/arm-none-eabi/10.3.1/../../../../arm-none-eabi/lib/thumb/v7e-m+fp/hard\libc_nano.a(lib_a-errno.o)
                0x000000000800d884                __errno
 .text.__libc_init_array
                0x000000000800d890       0x48 c:/st/stm32cubeide_1.11.0/stm32cubeide/plugins/com.st.stm32cube.ide.mcu.externaltools.gnu-tools-for-stm32.10.3-2021.10.win32_1.0.100.202210260954/tools/bin/../lib/gcc/arm-none-eabi/10.3.1/../../../../arm-none-eabi/lib/thumb/v7e-m+fp/hard\libc_nano.a(lib_a-init.o)
                0x000000000800d890                __libc_init_array
 .text.memset   0x000000000800d8d8       0x10 c:/st/stm32cubeide_1.11.0/stm32cubeide/plugins/com.st.stm32cube.ide.mcu.externaltools.gnu-tools-for-stm32.10.3-2021.10.win32_1.0.100.202210260954/tools/bin/../lib/gcc/arm-none-eabi/10.3.1/../../../../arm-none-eabi/lib/thumb/v7e-m+fp/hard\libc_nano.a(lib_a-memset.o)
                0x000000000800d8d8                memset
 .text.cos      0x000000000800d8e8       0xa8 c:/st/stm32cubeide_1.11.0/stm32cubeide/plugins/com.st.stm32cube.ide.mcu.externaltools.gnu-tools-for-stm32.10.3-2021.10.win32_1.0.100.202210260954/tools/bin/../lib/gcc/arm-none-eabi/10.3.1/../../../../arm-none-eabi/lib/thumb/v7e-m+fp/hard\libm.a(lib_a-s_cos.o)
                0x000000000800d8e8                cos
 .text.sin      0x000000000800d990       0xb0 c:/st/stm32cubeide_1.11.0/stm32cubeide/plugins/com.st.stm32cube.ide.mcu.externaltools.gnu-tools-for-stm32.10.3-2021.10.win32_1.0.100.202210260954/tools/bin/../lib/gcc/arm-none-eabi/10.3.1/../../../../arm-none-eabi/lib/thumb/v7e-m+fp/hard\libm.a(lib_a-s_sin.o)
                0x000000000800d990                sin
 .text.asin     0x000000000800da40       0x68 c:/st/stm32cubeide_1.11.0/stm32cubeide/plugins/com.st.stm32cube.ide.mcu.externaltools.gnu-tools-for-stm32.10.3-2021.10.win32_1.0.100.202210260954/tools/bin/../lib/gcc/arm-none-eabi/10.3.1/../../../../arm-none-eabi/lib/thumb/v7e-m+fp/hard\libm.a(lib_a-w_asin.o)
                0x000000000800da40                asin
 .text.atan2    0x000000000800daa8        0x4 c:/st/stm32cubeide_1.11.0/stm32cubeide/plugins/com.st.stm32cube.ide.mcu.externaltools.gnu-tools-for-stm32.10.3-2021.10.win32_1.0.100.202210260954/tools/bin/../lib/gcc/arm-none-eabi/10.3.1/../../../../arm-none-eabi/lib/thumb/v7e-m+fp/hard\libm.a(lib_a-w_atan2.o)
                0x000000000800daa8                atan2
 .text.pow      0x000000000800daac       0xe0 c:/st/stm32cubeide_1.11.0/stm32cubeide/plugins/com.st.stm32cube.ide.mcu.externaltools.gnu-tools-for-stm32.10.3-2021.10.win32_1.0.100.202210260954/tools/bin/../lib/gcc/arm-none-eabi/10.3.1/../../../../arm-none-eabi/lib/thumb/v7e-m+fp/hard\libm.a(lib_a-w_pow.o)
                0x000000000800daac                pow
 .text.sqrt     0x000000000800db8c       0x58 c:/st/stm32cubeide_1.11.0/stm32cubeide/plugins/com.st.stm32cube.ide.mcu.externaltools.gnu-tools-for-stm32.10.3-2021.10.win32_1.0.100.202210260954/tools/bin/../lib/gcc/arm-none-eabi/10.3.1/../../../../arm-none-eabi/lib/thumb/v7e-m+fp/hard\libm.a(lib_a-w_sqrt.o)
                0x000000000800db8c                sqrt
 .text.powf     0x000000000800dbe4       0xae c:/st/stm32cubeide_1.11.0/stm32cubeide/plugins/com.st.stm32cube.ide.mcu.externaltools.gnu-tools-for-stm32.10.3-2021.10.win32_1.0.100.202210260954/tools/bin/../lib/gcc/arm-none-eabi/10.3.1/../../../../arm-none-eabi/lib/thumb/v7e-m+fp/hard\libm.a(lib_a-wf_pow.o)
                0x000000000800dbe4                powf
 *fill*         0x000000000800dc92        0x6 
 .text.__ieee754_asin
                0x000000000800dc98      0x428 c:/st/stm32cubeide_1.11.0/stm32cubeide/plugins/com.st.stm32cube.ide.mcu.externaltools.gnu-tools-for-stm32.10.3-2021.10.win32_1.0.100.202210260954/tools/bin/../lib/gcc/arm-none-eabi/10.3.1/../../../../arm-none-eabi/lib/thumb/v7e-m+fp/hard\libm.a(lib_a-e_asin.o)
                0x000000000800dc98                __ieee754_asin
 .text.__ieee754_atan2
                0x000000000800e0c0      0x194 c:/st/stm32cubeide_1.11.0/stm32cubeide/plugins/com.st.stm32cube.ide.mcu.externaltools.gnu-tools-for-stm32.10.3-2021.10.win32_1.0.100.202210260954/tools/bin/../lib/gcc/arm-none-eabi/10.3.1/../../../../arm-none-eabi/lib/thumb/v7e-m+fp/hard\libm.a(lib_a-e_atan2.o)
                0x000000000800e0c0                __ieee754_atan2
 *fill*         0x000000000800e254        0x4 
 .text.__ieee754_pow
                0x000000000800e258      0xa5c c:/st/stm32cubeide_1.11.0/stm32cubeide/plugins/com.st.stm32cube.ide.mcu.externaltools.gnu-tools-for-stm32.10.3-2021.10.win32_1.0.100.202210260954/tools/bin/../lib/gcc/arm-none-eabi/10.3.1/../../../../arm-none-eabi/lib/thumb/v7e-m+fp/hard\libm.a(lib_a-e_pow.o)
                0x000000000800e258                __ieee754_pow
 *fill*         0x000000000800ecb4        0x4 
 .text.__ieee754_rem_pio2
                0x000000000800ecb8      0x418 c:/st/stm32cubeide_1.11.0/stm32cubeide/plugins/com.st.stm32cube.ide.mcu.externaltools.gnu-tools-for-stm32.10.3-2021.10.win32_1.0.100.202210260954/tools/bin/../lib/gcc/arm-none-eabi/10.3.1/../../../../arm-none-eabi/lib/thumb/v7e-m+fp/hard\libm.a(lib_a-e_rem_pio2.o)
                0x000000000800ecb8                __ieee754_rem_pio2
 .text.__ieee754_sqrt
                0x000000000800f0d0      0x164 c:/st/stm32cubeide_1.11.0/stm32cubeide/plugins/com.st.stm32cube.ide.mcu.externaltools.gnu-tools-for-stm32.10.3-2021.10.win32_1.0.100.202210260954/tools/bin/../lib/gcc/arm-none-eabi/10.3.1/../../../../arm-none-eabi/lib/thumb/v7e-m+fp/hard\libm.a(lib_a-e_sqrt.o)
                0x000000000800f0d0                __ieee754_sqrt
 .text.__ieee754_powf
                0x000000000800f234      0x59c c:/st/stm32cubeide_1.11.0/stm32cubeide/plugins/com.st.stm32cube.ide.mcu.externaltools.gnu-tools-for-stm32.10.3-2021.10.win32_1.0.100.202210260954/tools/bin/../lib/gcc/arm-none-eabi/10.3.1/../../../../arm-none-eabi/lib/thumb/v7e-m+fp/hard\libm.a(lib_a-ef_pow.o)
                0x000000000800f234                __ieee754_powf
 .text.__ieee754_sqrtf
                0x000000000800f7d0        0x6 c:/st/stm32cubeide_1.11.0/stm32cubeide/plugins/com.st.stm32cube.ide.mcu.externaltools.gnu-tools-for-stm32.10.3-2021.10.win32_1.0.100.202210260954/tools/bin/../lib/gcc/arm-none-eabi/10.3.1/../../../../arm-none-eabi/lib/thumb/v7e-m+fp/hard\libm.a(lib_a-ef_sqrt.o)
                0x000000000800f7d0                __ieee754_sqrtf
 *fill*         0x000000000800f7d6        0x2 
 .text.__kernel_cos
                0x000000000800f7d8      0x18c c:/st/stm32cubeide_1.11.0/stm32cubeide/plugins/com.st.stm32cube.ide.mcu.externaltools.gnu-tools-for-stm32.10.3-2021.10.win32_1.0.100.202210260954/tools/bin/../lib/gcc/arm-none-eabi/10.3.1/../../../../arm-none-eabi/lib/thumb/v7e-m+fp/hard\libm.a(lib_a-k_cos.o)
                0x000000000800f7d8                __kernel_cos
 *fill*         0x000000000800f964        0x4 
 .text.__kernel_rem_pio2
                0x000000000800f968      0x69c c:/st/stm32cubeide_1.11.0/stm32cubeide/plugins/com.st.stm32cube.ide.mcu.externaltools.gnu-tools-for-stm32.10.3-2021.10.win32_1.0.100.202210260954/tools/bin/../lib/gcc/arm-none-eabi/10.3.1/../../../../arm-none-eabi/lib/thumb/v7e-m+fp/hard\libm.a(lib_a-k_rem_pio2.o)
                0x000000000800f968                __kernel_rem_pio2
 *fill*         0x0000000008010004        0x4 
 .text.__kernel_sin
                0x0000000008010008      0x17c c:/st/stm32cubeide_1.11.0/stm32cubeide/plugins/com.st.stm32cube.ide.mcu.externaltools.gnu-tools-for-stm32.10.3-2021.10.win32_1.0.100.202210260954/tools/bin/../lib/gcc/arm-none-eabi/10.3.1/../../../../arm-none-eabi/lib/thumb/v7e-m+fp/hard\libm.a(lib_a-k_sin.o)
                0x0000000008010008                __kernel_sin
 .text.with_errno
                0x0000000008010184       0x14 c:/st/stm32cubeide_1.11.0/stm32cubeide/plugins/com.st.stm32cube.ide.mcu.externaltools.gnu-tools-for-stm32.10.3-2021.10.win32_1.0.100.202210260954/tools/bin/../lib/gcc/arm-none-eabi/10.3.1/../../../../arm-none-eabi/lib/thumb/v7e-m+fp/hard\libm.a(lib_a-math_err.o)
 .text.xflow    0x0000000008010198       0x28 c:/st/stm32cubeide_1.11.0/stm32cubeide/plugins/com.st.stm32cube.ide.mcu.externaltools.gnu-tools-for-stm32.10.3-2021.10.win32_1.0.100.202210260954/tools/bin/../lib/gcc/arm-none-eabi/10.3.1/../../../../arm-none-eabi/lib/thumb/v7e-m+fp/hard\libm.a(lib_a-math_err.o)
 .text.__math_uflow
                0x00000000080101c0       0x12 c:/st/stm32cubeide_1.11.0/stm32cubeide/plugins/com.st.stm32cube.ide.mcu.externaltools.gnu-tools-for-stm32.10.3-2021.10.win32_1.0.100.202210260954/tools/bin/../lib/gcc/arm-none-eabi/10.3.1/../../../../arm-none-eabi/lib/thumb/v7e-m+fp/hard\libm.a(lib_a-math_err.o)
                0x00000000080101c0                __math_uflow
 .text.__math_oflow
                0x00000000080101d2       0x12 c:/st/stm32cubeide_1.11.0/stm32cubeide/plugins/com.st.stm32cube.ide.mcu.externaltools.gnu-tools-for-stm32.10.3-2021.10.win32_1.0.100.202210260954/tools/bin/../lib/gcc/arm-none-eabi/10.3.1/../../../../arm-none-eabi/lib/thumb/v7e-m+fp/hard\libm.a(lib_a-math_err.o)
                0x00000000080101d2                __math_oflow
 .text.with_errnof
                0x00000000080101e4       0x16 c:/st/stm32cubeide_1.11.0/stm32cubeide/plugins/com.st.stm32cube.ide.mcu.externaltools.gnu-tools-for-stm32.10.3-2021.10.win32_1.0.100.202210260954/tools/bin/../lib/gcc/arm-none-eabi/10.3.1/../../../../arm-none-eabi/lib/thumb/v7e-m+fp/hard\libm.a(lib_a-math_errf.o)
 .text.xflowf   0x00000000080101fa       0x16 c:/st/stm32cubeide_1.11.0/stm32cubeide/plugins/com.st.stm32cube.ide.mcu.externaltools.gnu-tools-for-stm32.10.3-2021.10.win32_1.0.100.202210260954/tools/bin/../lib/gcc/arm-none-eabi/10.3.1/../../../../arm-none-eabi/lib/thumb/v7e-m+fp/hard\libm.a(lib_a-math_errf.o)
 .text.__math_uflowf
                0x0000000008010210        0xc c:/st/stm32cubeide_1.11.0/stm32cubeide/plugins/com.st.stm32cube.ide.mcu.externaltools.gnu-tools-for-stm32.10.3-2021.10.win32_1.0.100.202210260954/tools/bin/../lib/gcc/arm-none-eabi/10.3.1/../../../../arm-none-eabi/lib/thumb/v7e-m+fp/hard\libm.a(lib_a-math_errf.o)
                0x0000000008010210                __math_uflowf
 .text.__math_oflowf
                0x000000000801021c        0xc c:/st/stm32cubeide_1.11.0/stm32cubeide/plugins/com.st.stm32cube.ide.mcu.externaltools.gnu-tools-for-stm32.10.3-2021.10.win32_1.0.100.202210260954/tools/bin/../lib/gcc/arm-none-eabi/10.3.1/../../../../arm-none-eabi/lib/thumb/v7e-m+fp/hard\libm.a(lib_a-math_errf.o)
                0x000000000801021c                __math_oflowf
 .text.atan     0x0000000008010228      0x340 c:/st/stm32cubeide_1.11.0/stm32cubeide/plugins/com.st.stm32cube.ide.mcu.externaltools.gnu-tools-for-stm32.10.3-2021.10.win32_1.0.100.202210260954/tools/bin/../lib/gcc/arm-none-eabi/10.3.1/../../../../arm-none-eabi/lib/thumb/v7e-m+fp/hard\libm.a(lib_a-s_atan.o)
                0x0000000008010228                atan
 .text.fabs     0x0000000008010568       0x12 c:/st/stm32cubeide_1.11.0/stm32cubeide/plugins/com.st.stm32cube.ide.mcu.externaltools.gnu-tools-for-stm32.10.3-2021.10.win32_1.0.100.202210260954/tools/bin/../lib/gcc/arm-none-eabi/10.3.1/../../../../arm-none-eabi/lib/thumb/v7e-m+fp/hard\libm.a(lib_a-s_fabs.o)
                0x0000000008010568                fabs
 .text.finite   0x000000000801057a       0x16 c:/st/stm32cubeide_1.11.0/stm32cubeide/plugins/com.st.stm32cube.ide.mcu.externaltools.gnu-tools-for-stm32.10.3-2021.10.win32_1.0.100.202210260954/tools/bin/../lib/gcc/arm-none-eabi/10.3.1/../../../../arm-none-eabi/lib/thumb/v7e-m+fp/hard\libm.a(lib_a-s_finite.o)
                0x000000000801057a                finite
 .text.floor    0x0000000008010590      0x100 c:/st/stm32cubeide_1.11.0/stm32cubeide/plugins/com.st.stm32cube.ide.mcu.externaltools.gnu-tools-for-stm32.10.3-2021.10.win32_1.0.100.202210260954/tools/bin/../lib/gcc/arm-none-eabi/10.3.1/../../../../arm-none-eabi/lib/thumb/v7e-m+fp/hard\libm.a(lib_a-s_floor.o)
                0x0000000008010590                floor
 .text.nan      0x0000000008010690       0x10 c:/st/stm32cubeide_1.11.0/stm32cubeide/plugins/com.st.stm32cube.ide.mcu.externaltools.gnu-tools-for-stm32.10.3-2021.10.win32_1.0.100.202210260954/tools/bin/../lib/gcc/arm-none-eabi/10.3.1/../../../../arm-none-eabi/lib/thumb/v7e-m+fp/hard\libm.a(lib_a-s_nan.o)
                0x0000000008010690                nan
 .text.scalbn   0x00000000080106a0      0x10c c:/st/stm32cubeide_1.11.0/stm32cubeide/plugins/com.st.stm32cube.ide.mcu.externaltools.gnu-tools-for-stm32.10.3-2021.10.win32_1.0.100.202210260954/tools/bin/../lib/gcc/arm-none-eabi/10.3.1/../../../../arm-none-eabi/lib/thumb/v7e-m+fp/hard\libm.a(lib_a-s_scalbn.o)
                0x00000000080106a0                scalbn
 .text.fabsf    0x00000000080107ac        0xe c:/st/stm32cubeide_1.11.0/stm32cubeide/plugins/com.st.stm32cube.ide.mcu.externaltools.gnu-tools-for-stm32.10.3-2021.10.win32_1.0.100.202210260954/tools/bin/../lib/gcc/arm-none-eabi/10.3.1/../../../../arm-none-eabi/lib/thumb/v7e-m+fp/hard\libm.a(lib_a-sf_fabs.o)
                0x00000000080107ac                fabsf
 .text.finitef  0x00000000080107ba       0x1a c:/st/stm32cubeide_1.11.0/stm32cubeide/plugins/com.st.stm32cube.ide.mcu.externaltools.gnu-tools-for-stm32.10.3-2021.10.win32_1.0.100.202210260954/tools/bin/../lib/gcc/arm-none-eabi/10.3.1/../../../../arm-none-eabi/lib/thumb/v7e-m+fp/hard\libm.a(lib_a-sf_finite.o)
                0x00000000080107ba                finitef
 .text.scalbnf  0x00000000080107d4       0xe4 c:/st/stm32cubeide_1.11.0/stm32cubeide/plugins/com.st.stm32cube.ide.mcu.externaltools.gnu-tools-for-stm32.10.3-2021.10.win32_1.0.100.202210260954/tools/bin/../lib/gcc/arm-none-eabi/10.3.1/../../../../arm-none-eabi/lib/thumb/v7e-m+fp/hard\libm.a(lib_a-sf_scalbn.o)
                0x00000000080107d4                scalbnf
 *(.glue_7)
 .glue_7        0x00000000080108b8        0x0 linker stubs
 *(.glue_7t)
 .glue_7t       0x00000000080108b8        0x0 linker stubs
 *(.eh_frame)
 .eh_frame      0x00000000080108b8        0x0 c:/st/stm32cubeide_1.11.0/stm32cubeide/plugins/com.st.stm32cube.ide.mcu.externaltools.gnu-tools-for-stm32.10.3-2021.10.win32_1.0.100.202210260954/tools/bin/../lib/gcc/arm-none-eabi/10.3.1/thumb/v7e-m+fp/hard/crtbegin.o
 *(.init)
 .init          0x00000000080108b8        0x4 c:/st/stm32cubeide_1.11.0/stm32cubeide/plugins/com.st.stm32cube.ide.mcu.externaltools.gnu-tools-for-stm32.10.3-2021.10.win32_1.0.100.202210260954/tools/bin/../lib/gcc/arm-none-eabi/10.3.1/thumb/v7e-m+fp/hard/crti.o
                0x00000000080108b8                _init
 .init          0x00000000080108bc        0x8 c:/st/stm32cubeide_1.11.0/stm32cubeide/plugins/com.st.stm32cube.ide.mcu.externaltools.gnu-tools-for-stm32.10.3-2021.10.win32_1.0.100.202210260954/tools/bin/../lib/gcc/arm-none-eabi/10.3.1/thumb/v7e-m+fp/hard/crtn.o
 *(.fini)
 .fini          0x00000000080108c4        0x4 c:/st/stm32cubeide_1.11.0/stm32cubeide/plugins/com.st.stm32cube.ide.mcu.externaltools.gnu-tools-for-stm32.10.3-2021.10.win32_1.0.100.202210260954/tools/bin/../lib/gcc/arm-none-eabi/10.3.1/thumb/v7e-m+fp/hard/crti.o
                0x00000000080108c4                _fini
 .fini          0x00000000080108c8        0x8 c:/st/stm32cubeide_1.11.0/stm32cubeide/plugins/com.st.stm32cube.ide.mcu.externaltools.gnu-tools-for-stm32.10.3-2021.10.win32_1.0.100.202210260954/tools/bin/../lib/gcc/arm-none-eabi/10.3.1/thumb/v7e-m+fp/hard/crtn.o
                0x00000000080108d0                . = ALIGN (0x4)
                0x00000000080108d0                _etext = .

.vfp11_veneer   0x00000000080108d0        0x0
 .vfp11_veneer  0x00000000080108d0        0x0 linker stubs

.v4_bx          0x00000000080108d0        0x0
 .v4_bx         0x00000000080108d0        0x0 linker stubs

.iplt           0x00000000080108d0        0x0
 .iplt          0x00000000080108d0        0x0 c:/st/stm32cubeide_1.11.0/stm32cubeide/plugins/com.st.stm32cube.ide.mcu.externaltools.gnu-tools-for-stm32.10.3-2021.10.win32_1.0.100.202210260954/tools/bin/../lib/gcc/arm-none-eabi/10.3.1/thumb/v7e-m+fp/hard/crtbegin.o

.rodata         0x00000000080108d0      0x2b8
                0x00000000080108d0                . = ALIGN (0x4)
 *(.rodata)
 *(.rodata*)
 .rodata.AHBPrescTable
                0x00000000080108d0       0x10 ./Core/Src/system_stm32f4xx.o
                0x00000000080108d0                AHBPrescTable
 .rodata.APBPrescTable
                0x00000000080108e0        0x8 ./Core/Src/system_stm32f4xx.o
                0x00000000080108e0                APBPrescTable
 .rodata.flagBitshiftOffset.0
                0x00000000080108e8        0x8 ./Drivers/STM32F4xx_HAL_Driver/Src/stm32f4xx_hal_dma.o
 .rodata.asin.str1.1
                0x00000000080108f0        0x1 c:/st/stm32cubeide_1.11.0/stm32cubeide/plugins/com.st.stm32cube.ide.mcu.externaltools.gnu-tools-for-stm32.10.3-2021.10.win32_1.0.100.202210260954/tools/bin/../lib/gcc/arm-none-eabi/10.3.1/../../../../arm-none-eabi/lib/thumb/v7e-m+fp/hard\libm.a(lib_a-w_asin.o)
 *fill*         0x00000000080108f1        0x7 
 .rodata.CSWTCH.8
                0x00000000080108f8       0x18 c:/st/stm32cubeide_1.11.0/stm32cubeide/plugins/com.st.stm32cube.ide.mcu.externaltools.gnu-tools-for-stm32.10.3-2021.10.win32_1.0.100.202210260954/tools/bin/../lib/gcc/arm-none-eabi/10.3.1/../../../../arm-none-eabi/lib/thumb/v7e-m+fp/hard\libm.a(lib_a-e_atan2.o)
 .rodata.CSWTCH.9
                0x0000000008010910       0x18 c:/st/stm32cubeide_1.11.0/stm32cubeide/plugins/com.st.stm32cube.ide.mcu.externaltools.gnu-tools-for-stm32.10.3-2021.10.win32_1.0.100.202210260954/tools/bin/../lib/gcc/arm-none-eabi/10.3.1/../../../../arm-none-eabi/lib/thumb/v7e-m+fp/hard\libm.a(lib_a-e_atan2.o)
 .rodata.bp     0x0000000008010928       0x10 c:/st/stm32cubeide_1.11.0/stm32cubeide/plugins/com.st.stm32cube.ide.mcu.externaltools.gnu-tools-for-stm32.10.3-2021.10.win32_1.0.100.202210260954/tools/bin/../lib/gcc/arm-none-eabi/10.3.1/../../../../arm-none-eabi/lib/thumb/v7e-m+fp/hard\libm.a(lib_a-e_pow.o)
 .rodata.dp_h   0x0000000008010938       0x10 c:/st/stm32cubeide_1.11.0/stm32cubeide/plugins/com.st.stm32cube.ide.mcu.externaltools.gnu-tools-for-stm32.10.3-2021.10.win32_1.0.100.202210260954/tools/bin/../lib/gcc/arm-none-eabi/10.3.1/../../../../arm-none-eabi/lib/thumb/v7e-m+fp/hard\libm.a(lib_a-e_pow.o)
 .rodata.dp_l   0x0000000008010948       0x10 c:/st/stm32cubeide_1.11.0/stm32cubeide/plugins/com.st.stm32cube.ide.mcu.externaltools.gnu-tools-for-stm32.10.3-2021.10.win32_1.0.100.202210260954/tools/bin/../lib/gcc/arm-none-eabi/10.3.1/../../../../arm-none-eabi/lib/thumb/v7e-m+fp/hard\libm.a(lib_a-e_pow.o)
 .rodata.npio2_hw
                0x0000000008010958       0x80 c:/st/stm32cubeide_1.11.0/stm32cubeide/plugins/com.st.stm32cube.ide.mcu.externaltools.gnu-tools-for-stm32.10.3-2021.10.win32_1.0.100.202210260954/tools/bin/../lib/gcc/arm-none-eabi/10.3.1/../../../../arm-none-eabi/lib/thumb/v7e-m+fp/hard\libm.a(lib_a-e_rem_pio2.o)
 .rodata.two_over_pi
                0x00000000080109d8      0x108 c:/st/stm32cubeide_1.11.0/stm32cubeide/plugins/com.st.stm32cube.ide.mcu.externaltools.gnu-tools-for-stm32.10.3-2021.10.win32_1.0.100.202210260954/tools/bin/../lib/gcc/arm-none-eabi/10.3.1/../../../../arm-none-eabi/lib/thumb/v7e-m+fp/hard\libm.a(lib_a-e_rem_pio2.o)
 .rodata.bp     0x0000000008010ae0        0x8 c:/st/stm32cubeide_1.11.0/stm32cubeide/plugins/com.st.stm32cube.ide.mcu.externaltools.gnu-tools-for-stm32.10.3-2021.10.win32_1.0.100.202210260954/tools/bin/../lib/gcc/arm-none-eabi/10.3.1/../../../../arm-none-eabi/lib/thumb/v7e-m+fp/hard\libm.a(lib_a-ef_pow.o)
 .rodata.dp_h   0x0000000008010ae8        0x8 c:/st/stm32cubeide_1.11.0/stm32cubeide/plugins/com.st.stm32cube.ide.mcu.externaltools.gnu-tools-for-stm32.10.3-2021.10.win32_1.0.100.202210260954/tools/bin/../lib/gcc/arm-none-eabi/10.3.1/../../../../arm-none-eabi/lib/thumb/v7e-m+fp/hard\libm.a(lib_a-ef_pow.o)
 .rodata.dp_l   0x0000000008010af0        0x8 c:/st/stm32cubeide_1.11.0/stm32cubeide/plugins/com.st.stm32cube.ide.mcu.externaltools.gnu-tools-for-stm32.10.3-2021.10.win32_1.0.100.202210260954/tools/bin/../lib/gcc/arm-none-eabi/10.3.1/../../../../arm-none-eabi/lib/thumb/v7e-m+fp/hard\libm.a(lib_a-ef_pow.o)
 .rodata.PIo2   0x0000000008010af8       0x40 c:/st/stm32cubeide_1.11.0/stm32cubeide/plugins/com.st.stm32cube.ide.mcu.externaltools.gnu-tools-for-stm32.10.3-2021.10.win32_1.0.100.202210260954/tools/bin/../lib/gcc/arm-none-eabi/10.3.1/../../../../arm-none-eabi/lib/thumb/v7e-m+fp/hard\libm.a(lib_a-k_rem_pio2.o)
 .rodata.init_jk
                0x0000000008010b38       0x10 c:/st/stm32cubeide_1.11.0/stm32cubeide/plugins/com.st.stm32cube.ide.mcu.externaltools.gnu-tools-for-stm32.10.3-2021.10.win32_1.0.100.202210260954/tools/bin/../lib/gcc/arm-none-eabi/10.3.1/../../../../arm-none-eabi/lib/thumb/v7e-m+fp/hard\libm.a(lib_a-k_rem_pio2.o)
 .rodata.atanhi
                0x0000000008010b48       0x20 c:/st/stm32cubeide_1.11.0/stm32cubeide/plugins/com.st.stm32cube.ide.mcu.externaltools.gnu-tools-for-stm32.10.3-2021.10.win32_1.0.100.202210260954/tools/bin/../lib/gcc/arm-none-eabi/10.3.1/../../../../arm-none-eabi/lib/thumb/v7e-m+fp/hard\libm.a(lib_a-s_atan.o)
 .rodata.atanlo
                0x0000000008010b68       0x20 c:/st/stm32cubeide_1.11.0/stm32cubeide/plugins/com.st.stm32cube.ide.mcu.externaltools.gnu-tools-for-stm32.10.3-2021.10.win32_1.0.100.202210260954/tools/bin/../lib/gcc/arm-none-eabi/10.3.1/../../../../arm-none-eabi/lib/thumb/v7e-m+fp/hard\libm.a(lib_a-s_atan.o)
                0x0000000008010b88                . = ALIGN (0x4)

.ARM.extab      0x0000000008010b88        0x0
                0x0000000008010b88                . = ALIGN (0x4)
 *(.ARM.extab* .gnu.linkonce.armextab.*)
                0x0000000008010b88                . = ALIGN (0x4)

.ARM            0x0000000008010b88        0x8
                0x0000000008010b88                . = ALIGN (0x4)
                0x0000000008010b88                __exidx_start = .
 *(.ARM.exidx*)
 .ARM.exidx     0x0000000008010b88        0x8 c:/st/stm32cubeide_1.11.0/stm32cubeide/plugins/com.st.stm32cube.ide.mcu.externaltools.gnu-tools-for-stm32.10.3-2021.10.win32_1.0.100.202210260954/tools/bin/../lib/gcc/arm-none-eabi/10.3.1/thumb/v7e-m+fp/hard\libgcc.a(_udivmoddi4.o)
                0x0000000008010b90                __exidx_end = .
                0x0000000008010b90                . = ALIGN (0x4)

.rel.dyn        0x0000000008010b90        0x0
 .rel.iplt      0x0000000008010b90        0x0 c:/st/stm32cubeide_1.11.0/stm32cubeide/plugins/com.st.stm32cube.ide.mcu.externaltools.gnu-tools-for-stm32.10.3-2021.10.win32_1.0.100.202210260954/tools/bin/../lib/gcc/arm-none-eabi/10.3.1/thumb/v7e-m+fp/hard/crtbegin.o

.preinit_array  0x0000000008010b90        0x0
                0x0000000008010b90                . = ALIGN (0x4)
                0x0000000008010b90                PROVIDE (__preinit_array_start = .)
 *(.preinit_array*)
                0x0000000008010b90                PROVIDE (__preinit_array_end = .)
                0x0000000008010b90                . = ALIGN (0x4)

.init_array     0x0000000008010b90        0x4
                0x0000000008010b90                . = ALIGN (0x4)
                0x0000000008010b90                PROVIDE (__init_array_start = .)
 *(SORT_BY_NAME(.init_array.*))
 *(.init_array*)
 .init_array    0x0000000008010b90        0x4 c:/st/stm32cubeide_1.11.0/stm32cubeide/plugins/com.st.stm32cube.ide.mcu.externaltools.gnu-tools-for-stm32.10.3-2021.10.win32_1.0.100.202210260954/tools/bin/../lib/gcc/arm-none-eabi/10.3.1/thumb/v7e-m+fp/hard/crtbegin.o
                0x0000000008010b94                PROVIDE (__init_array_end = .)
                0x0000000008010b94                . = ALIGN (0x4)

.fini_array     0x0000000008010b94        0x4
                0x0000000008010b94                . = ALIGN (0x4)
                [!provide]                        PROVIDE (__fini_array_start = .)
 *(SORT_BY_NAME(.fini_array.*))
 *(.fini_array*)
 .fini_array    0x0000000008010b94        0x4 c:/st/stm32cubeide_1.11.0/stm32cubeide/plugins/com.st.stm32cube.ide.mcu.externaltools.gnu-tools-for-stm32.10.3-2021.10.win32_1.0.100.202210260954/tools/bin/../lib/gcc/arm-none-eabi/10.3.1/thumb/v7e-m+fp/hard/crtbegin.o
                [!provide]                        PROVIDE (__fini_array_end = .)
                0x0000000008010b98                . = ALIGN (0x4)
                0x0000000008010b98                _sidata = LOADADDR (.data)

.data           0x0000000020000000      0x198 load address 0x0000000008010b98
                0x0000000020000000                . = ALIGN (0x4)
                0x0000000020000000                _sdata = .
 *(.data)
 *(.data*)
 .data.disable_GLL
                0x0000000020000000        0xb ./Core/Src/gps.o
                0x0000000020000000                disable_GLL
 *fill*         0x000000002000000b        0x1 
 .data.disable_GSA
                0x000000002000000c        0xb ./Core/Src/gps.o
                0x000000002000000c                disable_GSA
 *fill*         0x0000000020000017        0x1 
 .data.disable_GSV
                0x0000000020000018        0xb ./Core/Src/gps.o
                0x0000000020000018                disable_GSV
 *fill*         0x0000000020000023        0x1 
 .data.disable_RMC
                0x0000000020000024        0xb ./Core/Src/gps.o
                0x0000000020000024                disable_RMC
 *fill*         0x000000002000002f        0x1 
 .data.disable_VTG
                0x0000000020000030        0xb ./Core/Src/gps.o
                0x0000000020000030                disable_VTG
 *fill*         0x000000002000003b        0x1 
 .data.disable_GGA
                0x000000002000003c        0xb ./Core/Src/gps.o
                0x000000002000003c                disable_GGA
 *fill*         0x0000000020000047        0x1 
 .data.enable_UBX
                0x0000000020000048        0xb ./Core/Src/gps.o
                0x0000000020000048                enable_UBX
 *fill*         0x0000000020000053        0x1 
 .data.uart_115200
                0x0000000020000054       0x1c ./Core/Src/gps.o
                0x0000000020000054                uart_115200
 .data.HZ_10    0x0000000020000070        0xe ./Core/Src/gps.o
                0x0000000020000070                HZ_10
 *fill*         0x000000002000007e        0x2 
 .data.motorStop
                0x0000000020000080        0x4 ./Core/Src/main.o
                0x0000000020000080                motorStop
 .data.battery_voltage_float
                0x0000000020000084        0x4 ./Core/Src/main.o
                0x0000000020000084                battery_voltage_float
 .data.baro_filter_output_coeff
                0x0000000020000088        0xc ./Core/Src/main.o
                0x0000000020000088                baro_filter_output_coeff
 .data.baro_filter_input_coeff
                0x0000000020000094       0x10 ./Core/Src/main.o
                0x0000000020000094                baro_filter_input_coeff
 .data.gyro_filter_coeff
                0x00000000200000a4        0x4 ./Core/Src/mpu6050.o
                0x00000000200000a4                gyro_filter_coeff
 .data.my_alpha
                0x00000000200000a8        0x4 ./Core/Src/mpu6050.o
                0x00000000200000a8                my_alpha
 .data.dF       0x00000000200000ac        0x4 ./Core/Src/mpu6050.o
                0x00000000200000ac                dF
 .data.accel_filter_output_coeff
                0x00000000200000b0        0xc ./Core/Src/mpu6050.o
                0x00000000200000b0                accel_filter_output_coeff
 .data.accel_filter_input_coeff
                0x00000000200000bc       0x10 ./Core/Src/mpu6050.o
                0x00000000200000bc                accel_filter_input_coeff
 .data.stopMotors
                0x00000000200000cc        0x4 ./Core/Src/receiver.o
                0x00000000200000cc                stopMotors
 .data.delta_time_in_seconds
                0x00000000200000d0        0x8 ./Core/Src/receiver.o
                0x00000000200000d0                delta_time_in_seconds
 .data.kp_roll  0x00000000200000d8        0x8 ./Core/Src/receiver.o
                0x00000000200000d8                kp_roll
 .data.ki_roll  0x00000000200000e0        0x8 ./Core/Src/receiver.o
                0x00000000200000e0                ki_roll
 .data.kd_roll  0x00000000200000e8        0x8 ./Core/Src/receiver.o
                0x00000000200000e8                kd_roll
 .data.kp_pitch
                0x00000000200000f0        0x8 ./Core/Src/receiver.o
                0x00000000200000f0                kp_pitch
 .data.ki_pitch
                0x00000000200000f8        0x8 ./Core/Src/receiver.o
                0x00000000200000f8                ki_pitch
 .data.kd_pitch
                0x0000000020000100        0x8 ./Core/Src/receiver.o
                0x0000000020000100                kd_pitch
 .data.kp_yaw   0x0000000020000108        0x8 ./Core/Src/receiver.o
                0x0000000020000108                kp_yaw
 .data.ki_yaw   0x0000000020000110        0x8 ./Core/Src/receiver.o
                0x0000000020000110                ki_yaw
 .data.kp_alt   0x0000000020000118        0x4 ./Core/Src/receiver.o
                0x0000000020000118                kp_alt
 .data.kd_alt   0x000000002000011c        0x4 ./Core/Src/receiver.o
                0x000000002000011c                kd_alt
 .data.kp_gps   0x0000000020000120        0x4 ./Core/Src/receiver.o
                0x0000000020000120                kp_gps
 .data.kd_gps   0x0000000020000124        0x4 ./Core/Src/receiver.o
                0x0000000020000124                kd_gps
 .data.SystemCoreClock
                0x0000000020000128        0x4 ./Core/Src/system_stm32f4xx.o
                0x0000000020000128                SystemCoreClock
 .data.uwTickPrio
                0x000000002000012c        0x4 ./Drivers/STM32F4xx_HAL_Driver/Src/stm32f4xx_hal.o
                0x000000002000012c                uwTickPrio
 .data.uwTickFreq
                0x0000000020000130        0x1 ./Drivers/STM32F4xx_HAL_Driver/Src/stm32f4xx_hal.o
                0x0000000020000130                uwTickFreq
 *fill*         0x0000000020000131        0x3 
 .data._impure_ptr
                0x0000000020000134        0x4 c:/st/stm32cubeide_1.11.0/stm32cubeide/plugins/com.st.stm32cube.ide.mcu.externaltools.gnu-tools-for-stm32.10.3-2021.10.win32_1.0.100.202210260954/tools/bin/../lib/gcc/arm-none-eabi/10.3.1/../../../../arm-none-eabi/lib/thumb/v7e-m+fp/hard\libc_nano.a(lib_a-impure.o)
                0x0000000020000134                _impure_ptr
 .data.impure_data
                0x0000000020000138       0x60 c:/st/stm32cubeide_1.11.0/stm32cubeide/plugins/com.st.stm32cube.ide.mcu.externaltools.gnu-tools-for-stm32.10.3-2021.10.win32_1.0.100.202210260954/tools/bin/../lib/gcc/arm-none-eabi/10.3.1/../../../../arm-none-eabi/lib/thumb/v7e-m+fp/hard\libc_nano.a(lib_a-impure.o)
 *(.RamFunc)
 *(.RamFunc*)
                0x0000000020000198                . = ALIGN (0x4)
                0x0000000020000198                _edata = .

.igot.plt       0x0000000020000198        0x0 load address 0x0000000008010d30
 .igot.plt      0x0000000020000198        0x0 c:/st/stm32cubeide_1.11.0/stm32cubeide/plugins/com.st.stm32cube.ide.mcu.externaltools.gnu-tools-for-stm32.10.3-2021.10.win32_1.0.100.202210260954/tools/bin/../lib/gcc/arm-none-eabi/10.3.1/thumb/v7e-m+fp/hard/crtbegin.o
                0x0000000020000198                . = ALIGN (0x4)

.bss            0x0000000020000198      0xa00 load address 0x0000000008010d30
                0x0000000020000198                _sbss = .
                0x0000000020000198                __bss_start__ = _sbss
 *(.bss)
 .bss           0x0000000020000198       0x1c c:/st/stm32cubeide_1.11.0/stm32cubeide/plugins/com.st.stm32cube.ide.mcu.externaltools.gnu-tools-for-stm32.10.3-2021.10.win32_1.0.100.202210260954/tools/bin/../lib/gcc/arm-none-eabi/10.3.1/thumb/v7e-m+fp/hard/crtbegin.o
 *(.bss*)
 *fill*         0x00000000200001b4        0x4 
 .bss.MagX_float
                0x00000000200001b8        0x8 ./Core/Src/compass.o
                0x00000000200001b8                MagX_float
 .bss.MagY_float
                0x00000000200001c0        0x8 ./Core/Src/compass.o
                0x00000000200001c0                MagY_float
 .bss.heading_corrected
                0x00000000200001c8        0x4 ./Core/Src/compass.o
                0x00000000200001c8                heading_corrected
 .bss.Sf_Toplam
                0x00000000200001cc        0x4 ./Core/Src/compass.o
                0x00000000200001cc                Sf_Toplam
 .bss.tx_buf    0x00000000200001d0        0x3 ./Core/Src/gy63-i2c.o
                0x00000000200001d0                tx_buf
 *fill*         0x00000000200001d3        0x1 
 .bss.rx_buf    0x00000000200001d4        0x3 ./Core/Src/gy63-i2c.o
                0x00000000200001d4                rx_buf
 *fill*         0x00000000200001d7        0x1 
 .bss.GY63      0x00000000200001d8       0x68 ./Core/Src/gy63-i2c.o
                0x00000000200001d8                GY63
 .bss.latitude  0x0000000020000240        0x4 ./Core/Src/main.o
                0x0000000020000240                latitude
 .bss.longitude
                0x0000000020000244        0x4 ./Core/Src/main.o
                0x0000000020000244                longitude
 .bss.hadc1     0x0000000020000248       0x48 ./Core/Src/main.o
                0x0000000020000248                hadc1
 .bss.hdma_adc1
                0x0000000020000290       0x60 ./Core/Src/main.o
                0x0000000020000290                hdma_adc1
 .bss.hi2c1     0x00000000200002f0       0x54 ./Core/Src/main.o
                0x00000000200002f0                hi2c1
 .bss.hi2c2     0x0000000020000344       0x54 ./Core/Src/main.o
                0x0000000020000344                hi2c2
 .bss.hi2c3     0x0000000020000398       0x54 ./Core/Src/main.o
                0x0000000020000398                hi2c3
 .bss.hiwdg     0x00000000200003ec        0xc ./Core/Src/main.o
                0x00000000200003ec                hiwdg
 .bss.htim1     0x00000000200003f8       0x48 ./Core/Src/main.o
                0x00000000200003f8                htim1
 .bss.htim2     0x0000000020000440       0x48 ./Core/Src/main.o
                0x0000000020000440                htim2
 .bss.htim3     0x0000000020000488       0x48 ./Core/Src/main.o
                0x0000000020000488                htim3
 .bss.huart5    0x00000000200004d0       0x44 ./Core/Src/main.o
                0x00000000200004d0                huart5
 .bss.huart7    0x0000000020000514       0x44 ./Core/Src/main.o
                0x0000000020000514                huart7
 .bss.huart2    0x0000000020000558       0x44 ./Core/Src/main.o
                0x0000000020000558                huart2
 .bss.huart6    0x000000002000059c       0x44 ./Core/Src/main.o
                0x000000002000059c                huart6
 .bss.hdma_uart5_rx
                0x00000000200005e0       0x60 ./Core/Src/main.o
                0x00000000200005e0                hdma_uart5_rx
 .bss.hdma_uart5_tx
                0x0000000020000640       0x60 ./Core/Src/main.o
                0x0000000020000640                hdma_uart5_tx
 .bss.hdma_uart7_tx
                0x00000000200006a0       0x60 ./Core/Src/main.o
                0x00000000200006a0                hdma_uart7_tx
 .bss.hdma_usart2_rx
                0x0000000020000700       0x60 ./Core/Src/main.o
                0x0000000020000700                hdma_usart2_rx
 .bss.hdma_usart6_rx
                0x0000000020000760       0x60 ./Core/Src/main.o
                0x0000000020000760                hdma_usart6_rx
 .bss.roll_level_adjust
                0x00000000200007c0        0x4 ./Core/Src/main.o
                0x00000000200007c0                roll_level_adjust
 .bss.pitch_level_adjust
                0x00000000200007c4        0x4 ./Core/Src/main.o
                0x00000000200007c4                pitch_level_adjust
 .bss.Calculated_Throttle1
                0x00000000200007c8        0x4 ./Core/Src/main.o
                0x00000000200007c8                Calculated_Throttle1
 .bss.Calculated_Throttle2
                0x00000000200007cc        0x4 ./Core/Src/main.o
                0x00000000200007cc                Calculated_Throttle2
 .bss.Calculated_Throttle3
                0x00000000200007d0        0x4 ./Core/Src/main.o
                0x00000000200007d0                Calculated_Throttle3
 .bss.Calculated_Throttle4
                0x00000000200007d4        0x4 ./Core/Src/main.o
                0x00000000200007d4                Calculated_Throttle4
 .bss.time1     0x00000000200007d8        0x4 ./Core/Src/main.o
                0x00000000200007d8                time1
 .bss.time2     0x00000000200007dc        0x4 ./Core/Src/main.o
                0x00000000200007dc                time2
 .bss.timex     0x00000000200007e0        0x4 ./Core/Src/main.o
                0x00000000200007e0                timex
 .bss.loop_counter
                0x00000000200007e4        0x4 ./Core/Src/main.o
                0x00000000200007e4                loop_counter
 .bss.MPU6050_1
                0x00000000200007e8       0xb8 ./Core/Src/main.o
                0x00000000200007e8                MPU6050_1
 .bss.angle_pitch_output
                0x00000000200008a0        0x8 ./Core/Src/main.o