Archive member included to satisfy reference by file (symbol)

c:/st/stm32cubeide_1.11.0/stm32cubeide/plugins/com.st.stm32cube.ide.mcu.externaltools.gnu-tools-for-stm32.10.3-2021.10.win32_1.0.100.202210260954/tools/bin/../lib/gcc/arm-none-eabi/10.3.1/../../../../arm-none-eabi/lib/thumb/v7e-m+fp/hard\libc_nano.a(lib_a-abs.o)
                              ./Core/Src/receiver.o (abs)
c:/st/stm32cubeide_1.11.0/stm32cubeide/plugins/com.st.stm32cube.ide.mcu.externaltools.gnu-tools-for-stm32.10.3-2021.10.win32_1.0.100.202210260954/tools/bin/../lib/gcc/arm-none-eabi/10.3.1/../../../../arm-none-eabi/lib/thumb/v7e-m+fp/hard\libc_nano.a(lib_a-errno.o)
                              ./Core/Src/syscalls.o (__errno)
c:/st/stm32cubeide_1.11.0/stm32cubeide/plugins/com.st.stm32cube.ide.mcu.externaltools.gnu-tools-for-stm32.10.3-2021.10.win32_1.0.100.202210260954/tools/bin/../lib/gcc/arm-none-eabi/10.3.1/../../../../arm-none-eabi/lib/thumb/v7e-m+fp/hard\libc_nano.a(lib_a-exit.o)
                              c:/st/stm32cubeide_1.11.0/stm32cubeide/plugins/com.st.stm32cube.ide.mcu.externaltools.gnu-tools-for-stm32.10.3-2021.10.win32_1.0.100.202210260954/tools/bin/../lib/gcc/arm-none-eabi/10.3.1/../../../../arm-none-eabi/lib/thumb/v7e-m+fp/hard/crt0.o (exit)
c:/st/stm32cubeide_1.11.0/stm32cubeide/plugins/com.st.stm32cube.ide.mcu.externaltools.gnu-tools-for-stm32.10.3-2021.10.win32_1.0.100.202210260954/tools/bin/../lib/gcc/arm-none-eabi/10.3.1/../../../../arm-none-eabi/lib/thumb/v7e-m+fp/hard\libc_nano.a(lib_a-impure.o)
                              c:/st/stm32cubeide_1.11.0/stm32cubeide/plugins/com.st.stm32cube.ide.mcu.externaltools.gnu-tools-for-stm32.10.3-2021.10.win32_1.0.100.202210260954/tools/bin/../lib/gcc/arm-none-eabi/10.3.1/../../../../arm-none-eabi/lib/thumb/v7e-m+fp/hard\libc_nano.a(lib_a-exit.o) (_global_impure_ptr)
c:/st/stm32cubeide_1.11.0/stm32cubeide/plugins/com.st.stm32cube.ide.mcu.externaltools.gnu-tools-for-stm32.10.3-2021.10.win32_1.0.100.202210260954/tools/bin/../lib/gcc/arm-none-eabi/10.3.1/../../../../arm-none-eabi/lib/thumb/v7e-m+fp/hard\libc_nano.a(lib_a-init.o)
                              c:/st/stm32cubeide_1.11.0/stm32cubeide/plugins/com.st.stm32cube.ide.mcu.externaltools.gnu-tools-for-stm32.10.3-2021.10.win32_1.0.100.202210260954/tools/bin/../lib/gcc/arm-none-eabi/10.3.1/../../../../arm-none-eabi/lib/thumb/v7e-m+fp/hard/crt0.o (__libc_init_array)
c:/st/stm32cubeide_1.11.0/stm32cubeide/plugins/com.st.stm32cube.ide.mcu.externaltools.gnu-tools-for-stm32.10.3-2021.10.win32_1.0.100.202210260954/tools/bin/../lib/gcc/arm-none-eabi/10.3.1/../../../../arm-none-eabi/lib/thumb/v7e-m+fp/hard\libc_nano.a(lib_a-malloc.o)
                              ./Core/Src/nmea_parse.o (malloc)
c:/st/stm32cubeide_1.11.0/stm32cubeide/plugins/com.st.stm32cube.ide.mcu.externaltools.gnu-tools-for-stm32.10.3-2021.10.win32_1.0.100.202210260954/tools/bin/../lib/gcc/arm-none-eabi/10.3.1/../../../../arm-none-eabi/lib/thumb/v7e-m+fp/hard\libc_nano.a(lib_a-memset.o)
                              c:/st/stm32cubeide_1.11.0/stm32cubeide/plugins/com.st.stm32cube.ide.mcu.externaltools.gnu-tools-for-stm32.10.3-2021.10.win32_1.0.100.202210260954/tools/bin/../lib/gcc/arm-none-eabi/10.3.1/../../../../arm-none-eabi/lib/thumb/v7e-m+fp/hard/crt0.o (memset)
c:/st/stm32cubeide_1.11.0/stm32cubeide/plugins/com.st.stm32cube.ide.mcu.externaltools.gnu-tools-for-stm32.10.3-2021.10.win32_1.0.100.202210260954/tools/bin/../lib/gcc/arm-none-eabi/10.3.1/../../../../arm-none-eabi/lib/thumb/v7e-m+fp/hard\libc_nano.a(lib_a-nano-freer.o)
                              c:/st/stm32cubeide_1.11.0/stm32cubeide/plugins/com.st.stm32cube.ide.mcu.externaltools.gnu-tools-for-stm32.10.3-2021.10.win32_1.0.100.202210260954/tools/bin/../lib/gcc/arm-none-eabi/10.3.1/../../../../arm-none-eabi/lib/thumb/v7e-m+fp/hard\libc_nano.a(lib_a-malloc.o) (_free_r)
c:/st/stm32cubeide_1.11.0/stm32cubeide/plugins/com.st.stm32cube.ide.mcu.externaltools.gnu-tools-for-stm32.10.3-2021.10.win32_1.0.100.202210260954/tools/bin/../lib/gcc/arm-none-eabi/10.3.1/../../../../arm-none-eabi/lib/thumb/v7e-m+fp/hard\libc_nano.a(lib_a-nano-mallocr.o)
                              c:/st/stm32cubeide_1.11.0/stm32cubeide/plugins/com.st.stm32cube.ide.mcu.externaltools.gnu-tools-for-stm32.10.3-2021.10.win32_1.0.100.202210260954/tools/bin/../lib/gcc/arm-none-eabi/10.3.1/../../../../arm-none-eabi/lib/thumb/v7e-m+fp/hard\libc_nano.a(lib_a-malloc.o) (_malloc_r)
c:/st/stm32cubeide_1.11.0/stm32cubeide/plugins/com.st.stm32cube.ide.mcu.externaltools.gnu-tools-for-stm32.10.3-2021.10.win32_1.0.100.202210260954/tools/bin/../lib/gcc/arm-none-eabi/10.3.1/../../../../arm-none-eabi/lib/thumb/v7e-m+fp/hard\libc_nano.a(lib_a-sbrkr.o)
[...]
Memory Configuration

Name             Origin             Length             Attributes
RAM              0x0000000020000000 0x0000000000050000 xrw
FLASH            0x0000000008000000 0x0000000000180000 xr
*default*        0x0000000000000000 0xffffffffffffffff

Linker script and memory map

LOAD c:/st/stm32cubeide_1.11.0/stm32cubeide/plugins/com.st.stm32cube.ide.mcu.externaltools.gnu-tools-for-stm32.10.3-2021.10.win32_1.0.100.202210260954/tools/bin/../lib/gcc/arm-none-eabi/10.3.1/thumb/v7e-m+fp/hard/crti.o
LOAD c:/st/stm32cubeide_1.11.0/stm32cubeide/plugins/com.st.stm32cube.ide.mcu.externaltools.gnu-tools-for-stm32.10.3-2021.10.win32_1.0.100.202210260954/tools/bin/../lib/gcc/arm-none-eabi/10.3.1/thumb/v7e-m+fp/hard/crtbegin.o
LOAD c:/st/stm32cubeide_1.11.0/stm32cubeide/plugins/com.st.stm32cube.ide.mcu.externaltools.gnu-tools-for-stm32.10.3-2021.10.win32_1.0.100.202210260954/tools/bin/../lib/gcc/arm-none-eabi/10.3.1/../../../../arm-none-eabi/lib/thumb/v7e-m+fp/hard/crt0.o
LOAD ./Core/Src/FIRFilter.o
LOAD ./Core/Src/adc_Battery.o
LOAD ./Core/Src/compass.o
LOAD ./Core/Src/e220.o
LOAD ./Core/Src/failsafe.o
LOAD ./Core/Src/gps.o
LOAD ./Core/Src/gps_parse.o
LOAD ./Core/Src/gy63-i2c.o
LOAD ./Core/Src/log_to_flash.o
LOAD ./Core/Src/main.o
LOAD ./Core/Src/mpu6050.o
LOAD ./Core/Src/mpu6050_yedek.o
LOAD ./Core/Src/nmea_parse.o
LOAD ./Core/Src/pid.o
LOAD ./Core/Src/pwm_esc.o
LOAD ./Core/Src/receiver.o
LOAD ./Core/Src/stm32f4xx_hal_msp.o
LOAD ./Core/Src/stm32f4xx_it.o
LOAD ./Core/Src/syscalls.o
LOAD ./Core/Src/sysmem.o
LOAD ./Core/Src/system_stm32f4xx.o
LOAD ./Core/Startup/startup_stm32f413zhtx.o
LOAD ./Drivers/STM32F4xx_HAL_Driver/Src/stm32f4xx_hal.o
LOAD ./Drivers/STM32F4xx_HAL_Driver/Src/stm32f4xx_hal_adc.o
LOAD ./Drivers/STM32F4xx_HAL_Driver/Src/stm32f4xx_hal_adc_ex.o
LOAD ./Drivers/STM32F4xx_HAL_Driver/Src/stm32f4xx_hal_cortex.o
LOAD ./Drivers/STM32F4xx_HAL_Driver/Src/stm32f4xx_hal_dma.o
LOAD ./Drivers/STM32F4xx_HAL_Driver/Src/stm32f4xx_hal_dma_ex.o
LOAD ./Drivers/STM32F4xx_HAL_Driver/Src/stm32f4xx_hal_exti.o
LOAD ./Drivers/STM32F4xx_HAL_Driver/Src/stm32f4xx_hal_flash.o
LOAD ./Drivers/STM32F4xx_HAL_Driver/Src/stm32f4xx_hal_flash_ex.o
LOAD ./Drivers/STM32F4xx_HAL_Driver/Src/stm32f4xx_hal_flash_ramfunc.o
LOAD ./Drivers/STM32F4xx_HAL_Driver/Src/stm32f4xx_hal_gpio.o
LOAD ./Drivers/STM32F4xx_HAL_Driver/Src/stm32f4xx_hal_i2c.o
LOAD ./Drivers/STM32F4xx_HAL_Driver/Src/stm32f4xx_hal_i2c_ex.o
LOAD ./Drivers/STM32F4xx_HAL_Driver/Src/stm32f4xx_hal_iwdg.o
LOAD ./Drivers/STM32F4xx_HAL_Driver/Src/stm32f4xx_hal_pwr.o
LOAD ./Drivers/STM32F4xx_HAL_Driver/Src/stm32f4xx_hal_pwr_ex.o
LOAD ./Drivers/STM32F4xx_HAL_Driver/Src/stm32f4xx_hal_rcc.o
LOAD ./Drivers/STM32F4xx_HAL_Driver/Src/stm32f4xx_hal_rcc_ex.o
LOAD ./Drivers/STM32F4xx_HAL_Driver/Src/stm32f4xx_hal_tim.o
LOAD ./Drivers/STM32F4xx_HAL_Driver/Src/stm32f4xx_hal_tim_ex.o
LOAD ./Drivers/STM32F4xx_HAL_Driver/Src/stm32f4xx_hal_uart.o
LOAD ./Drivers/STM32F4xx_HAL_Driver/Src/stm32f4xx_ll_adc.o
START GROUP
LOAD c:/st/stm32cubeide_1.11.0/stm32cubeide/plugins/com.st.stm32cube.ide.mcu.externaltools.gnu-tools-for-stm32.10.3-2021.10.win32_1.0.100.202210260954/tools/bin/../lib/gcc/arm-none-eabi/10.3.1/../../../../arm-none-eabi/lib/thumb/v7e-m+fp/hard\libc_nano.a
LOAD c:/st/stm32cubeide_1.11.0/stm32cubeide/plugins/com.st.stm32cube.ide.mcu.externaltools.gnu-tools-for-stm32.10.3-2021.10.win32_1.0.100.202210260954/tools/bin/../lib/gcc/arm-none-eabi/10.3.1/../../../../arm-none-eabi/lib/thumb/v7e-m+fp/hard\libm.a
END GROUP
START GROUP
LOAD c:/st/stm32cubeide_1.11.0/stm32cubeide/plugins/com.st.stm32cube.ide.mcu.externaltools.gnu-tools-for-stm32.10.3-2021.10.win32_1.0.100.202210260954/tools/bin/../lib/gcc/arm-none-eabi/10.3.1/thumb/v7e-m+fp/hard\libgcc.a
LOAD c:/st/stm32cubeide_1.11.0/stm32cubeide/plugins/com.st.stm32cube.ide.mcu.externaltools.gnu-tools-for-stm32.10.3-2021.10.win32_1.0.100.202210260954/tools/bin/../lib/gcc/arm-none-eabi/10.3.1/../../../../arm-none-eabi/lib/thumb/v7e-m+fp/hard\libc_nano.a
END GROUP
START GROUP
LOAD c:/st/stm32cubeide_1.11.0/stm32cubeide/plugins/com.st.stm32cube.ide.mcu.externaltools.gnu-tools-for-stm32.10.3-2021.10.win32_1.0.100.202210260954/tools/bin/../lib/gcc/arm-none-eabi/10.3.1/thumb/v7e-m+fp/hard\libgcc.a
LOAD c:/st/stm32cubeide_1.11.0/stm32cubeide/plugins/com.st.stm32cube.ide.mcu.externaltools.gnu-tools-for-stm32.10.3-2021.10.win32_1.0.100.202210260954/tools/bin/../lib/gcc/arm-none-eabi/10.3.1/../../../../arm-none-eabi/lib/thumb/v7e-m+fp/hard\libc_nano.a
LOAD c:/st/stm32cubeide_1.11.0/stm32cubeide/plugins/com.st.stm32cube.ide.mcu.externaltools.gnu-tools-for-stm32.10.3-2021.10.win32_1.0.100.202210260954/tools/bin/../lib/gcc/arm-none-eabi/10.3.1/../../../../arm-none-eabi/lib/thumb/v7e-m+fp/hard\libnosys.a
END GROUP
START GROUP
LOAD c:/st/stm32cubeide_1.11.0/stm32cubeide/plugins/com.st.stm32cube.ide.mcu.externaltools.gnu-tools-for-stm32.10.3-2021.10.win32_1.0.100.202210260954/tools/bin/../lib/gcc/arm-none-eabi/10.3.1/thumb/v7e-m+fp/hard\libgcc.a
LOAD c:/st/stm32cubeide_1.11.0/stm32cubeide/plugins/com.st.stm32cube.ide.mcu.externaltools.gnu-tools-for-stm32.10.3-2021.10.win32_1.0.100.202210260954/tools/bin/../lib/gcc/arm-none-eabi/10.3.1/../../../../arm-none-eabi/lib/thumb/v7e-m+fp/hard\libc_nano.a
LOAD c:/st/stm32cubeide_1.11.0/stm32cubeide/plugins/com.st.stm32cube.ide.mcu.externaltools.gnu-tools-for-stm32.10.3-2021.10.win32_1.0.100.202210260954/tools/bin/../lib/gcc/arm-none-eabi/10.3.1/../../../../arm-none-eabi/lib/thumb/v7e-m+fp/hard\libnosys.a
END GROUP
LOAD c:/st/stm32cubeide_1.11.0/stm32cubeide/plugins/com.st.stm32cube.ide.mcu.externaltools.gnu-tools-for-stm32.10.3-2021.10.win32_1.0.100.202210260954/tools/bin/../lib/gcc/arm-none-eabi/10.3.1/thumb/v7e-m+fp/hard/crtend.o
LOAD c:/st/stm32cubeide_1.11.0/stm32cubeide/plugins/com.st.stm32cube.ide.mcu.externaltools.gnu-tools-for-stm32.10.3-2021.10.win32_1.0.100.202210260954/tools/bin/../lib/gcc/arm-none-eabi/10.3.1/thumb/v7e-m+fp/hard/crtn.o
                0x0000000020050000                _estack = (ORIGIN (RAM) + LENGTH (RAM))
                0x0000000000000200                _Min_Heap_Size = 0x200
                0x0000000000000400                _Min_Stack_Size = 0x400

.isr_vector     0x0000000008000000      0x1d8
                0x0000000008000000                . = ALIGN (0x4)
 *(.isr_vector)
 .isr_vector    0x0000000008000000      0x1d8 ./Core/Startup/startup_stm32f413zhtx.o
                0x0000000008000000                g_pfnVectors
                0x00000000080001d8                . = ALIGN (0x4)

.text           0x00000000080001d8    0x111a0
                0x00000000080001d8                . = ALIGN (0x4)
 *(.text)
 .text          0x00000000080001d8       0x40 c:/st/stm32cubeide_1.11.0/stm32cubeide/plugins/com.st.stm32cube.ide.mcu.externaltools.gnu-tools-for-stm32.10.3-2021.10.win32_1.0.100.202210260954/tools/bin/../lib/gcc/arm-none-eabi/10.3.1/thumb/v7e-m+fp/hard/crtbegin.o
 .text          0x0000000008000218      0x378 c:/st/stm32cubeide_1.11.0/stm32cubeide/plugins/com.st.stm32cube.ide.mcu.externaltools.gnu-tools-for-stm32.10.3-2021.10.win32_1.0.100.202210260954/tools/bin/../lib/gcc/arm-none-eabi/10.3.1/thumb/v7e-m+fp/hard\libgcc.a(_arm_addsubdf3.o)
                0x0000000008000218                __aeabi_drsub
                0x0000000008000220                __aeabi_dsub
                0x0000000008000220                __subdf3
                0x0000000008000224                __aeabi_dadd
                0x0000000008000224                __adddf3
                0x000000000800049c                __floatunsidf
                0x000000000800049c                __aeabi_ui2d
                0x00000000080004bc                __floatsidf
                0x00000000080004bc                __aeabi_i2d
                0x00000000080004e0                __aeabi_f2d
                0x00000000080004e0                __extendsfdf2
                0x0000000008000524                __floatundidf
                0x0000000008000524                __aeabi_ul2d
                0x0000000008000534                __floatdidf
                0x0000000008000534                __aeabi_l2d
 .text          0x0000000008000590      0x424 c:/st/stm32cubeide_1.11.0/stm32cubeide/plugins/com.st.stm32cube.ide.mcu.externaltools.gnu-tools-for-stm32.10.3-2021.10.win32_1.0.100.202210260954/tools/bin/../lib/gcc/arm-none-eabi/10.3.1/thumb/v7e-m+fp/hard\libgcc.a(_arm_muldivdf3.o)
                0x0000000008000590                __aeabi_dmul
                0x0000000008000590                __muldf3
                0x00000000080007e4                __divdf3
                0x00000000080007e4                __aeabi_ddiv
 .text          0x00000000080009b4      0x110 c:/st/stm32cubeide_1.11.0/stm32cubeide/plugins/com.st.stm32cube.ide.mcu.externaltools.gnu-tools-for-stm32.10.3-2021.10.win32_1.0.100.202210260954/tools/bin/../lib/gcc/arm-none-eabi/10.3.1/thumb/v7e-m+fp/hard\libgcc.a(_arm_cmpdf2.o)
                0x00000000080009b4                __gtdf2
                0x00000000080009b4                __gedf2
                0x00000000080009bc                __ltdf2
                0x00000000080009bc                __ledf2
                0x00000000080009c4                __nedf2
                0x00000000080009c4                __eqdf2
                0x00000000080009c4                __cmpdf2
                0x0000000008000a40                __aeabi_cdrcmple
                0x0000000008000a50                __aeabi_cdcmpeq
                0x0000000008000a50                __aeabi_cdcmple
                0x0000000008000a60                __aeabi_dcmpeq
                0x0000000008000a74                __aeabi_dcmplt
                0x0000000008000a88                __aeabi_dcmple
                0x0000000008000a9c                __aeabi_dcmpge
                0x0000000008000ab0                __aeabi_dcmpgt
 .text          0x0000000008000ac4       0x2c c:/st/stm32cubeide_1.11.0/stm32cubeide/plugins/com.st.stm32cube.ide.mcu.externaltools.gnu-tools-for-stm32.10.3-2021.10.win32_1.0.100.202210260954/tools/bin/../lib/gcc/arm-none-eabi/10.3.1/thumb/v7e-m+fp/hard\libgcc.a(_arm_unorddf2.o)
                0x0000000008000ac4                __unorddf2
                0x0000000008000ac4                __aeabi_dcmpun
 .text          0x0000000008000af0       0x50 c:/st/stm32cubeide_1.11.0/stm32cubeide/plugins/com.st.stm32cube.ide.mcu.externaltools.gnu-tools-for-stm32.10.3-2021.10.win32_1.0.100.202210260954/tools/bin/../lib/gcc/arm-none-eabi/10.3.1/thumb/v7e-m+fp/hard\libgcc.a(_arm_fixdfsi.o)
                0x0000000008000af0                __aeabi_d2iz
                0x0000000008000af0                __fixdfsi
 .text          0x0000000008000b40       0x40 c:/st/stm32cubeide_1.11.0/stm32cubeide/plugins/com.st.stm32cube.ide.mcu.externaltools.gnu-tools-for-stm32.10.3-2021.10.win32_1.0.100.202210260954/tools/bin/../lib/gcc/arm-none-eabi/10.3.1/thumb/v7e-m+fp/hard\libgcc.a(_arm_fixunsdfsi.o)
                0x0000000008000b40                __aeabi_d2uiz
                0x0000000008000b40                __fixunsdfsi
 .text          0x0000000008000b80       0xa0 c:/st/stm32cubeide_1.11.0/stm32cubeide/plugins/com.st.stm32cube.ide.mcu.externaltools.gnu-tools-for-stm32.10.3-2021.10.win32_1.0.100.202210260954/tools/bin/../lib/gcc/arm-none-eabi/10.3.1/thumb/v7e-m+fp/hard\libgcc.a(_arm_truncdfsf2.o)
                0x0000000008000b80                __truncdfsf2
                0x0000000008000b80                __aeabi_d2f
 .text          0x0000000008000c20       0x30 c:/st/stm32cubeide_1.11.0/stm32cubeide/plugins/com.st.stm32cube.ide.mcu.externaltools.gnu-tools-for-stm32.10.3-2021.10.win32_1.0.100.202210260954/tools/bin/../lib/gcc/arm-none-eabi/10.3.1/thumb/v7e-m+fp/hard\libgcc.a(_aeabi_uldivmod.o)
                0x0000000008000c20                __aeabi_uldivmod
 .text          0x0000000008000c50       0x30 c:/st/stm32cubeide_1.11.0/stm32cubeide/plugins/com.st.stm32cube.ide.mcu.externaltools.gnu-tools-for-stm32.10.3-2021.10.win32_1.0.100.202210260954/tools/bin/../lib/gcc/arm-none-eabi/10.3.1/thumb/v7e-m+fp/hard\libgcc.a(_fixdfdi.o)
                0x0000000008000c50                __fixdfdi
                0x0000000008000c50                __aeabi_d2lz
 .text          0x0000000008000c80       0x3c c:/st/stm32cubeide_1.11.0/stm32cubeide/plugins/com.st.stm32cube.ide.mcu.externaltools.gnu-tools-for-stm32.10.3-2021.10.win32_1.0.100.202210260954/tools/bin/../lib/gcc/arm-none-eabi/10.3.1/thumb/v7e-m+fp/hard\libgcc.a(_fixunsdfdi.o)
                0x0000000008000c80                __fixunsdfdi
                0x0000000008000c80                __aeabi_d2ulz
 .text          0x0000000008000cbc      0x2d0 c:/st/stm32cubeide_1.11.0/stm32cubeide/plugins/com.st.stm32cube.ide.mcu.externaltools.gnu-tools-for-stm32.10.3-2021.10.win32_1.0.100.202210260954/tools/bin/../lib/gcc/arm-none-eabi/10.3.1/thumb/v7e-m+fp/hard\libgcc.a(_udivmoddi4.o)
                0x0000000008000cbc                __udivmoddi4
 .text          0x0000000008000f8c        0x4 c:/st/stm32cubeide_1.11.0/stm32cubeide/plugins/com.st.stm32cube.ide.mcu.externaltools.gnu-tools-for-stm32.10.3-2021.10.win32_1.0.100.202210260954/tools/bin/../lib/gcc/arm-none-eabi/10.3.1/thumb/v7e-m+fp/hard\libgcc.a(_dvmd_tls.o)
                0x0000000008000f8c                __aeabi_idiv0
                0x0000000008000f8c                __aeabi_ldiv0
 *(.text*)
 .text.start_reading_battery
                0x0000000008000f90       0x1c ./Core/Src/adc_Battery.o
                0x0000000008000f90                start_reading_battery
 .text.i2c_disconnected_compass
                0x0000000008000fac       0x88 ./Core/Src/compass.o
                0x0000000008000fac                i2c_disconnected_compass
 *fill*         0x0000000008001034        0x4 
 .text.compass_read_corrected
                0x0000000008001038      0x4a8 ./Core/Src/compass.o
                0x0000000008001038                compass_read_corrected
 .text.compass_read
                0x00000000080014e0       0xc0 ./Core/Src/compass.o
                0x00000000080014e0                compass_read
 .text.compas_calibrate
                0x00000000080015a0      0x2ec ./Core/Src/compass.o
                0x00000000080015a0                compas_calibrate
 .text.compass_connect
                0x000000000800188c       0x7c ./Core/Src/compass.o
                0x000000000800188c                compass_connect
 .text.E220_init_declare_pins
                0x0000000008001908       0x3e ./Core/Src/e220.o
                0x0000000008001908                E220_init_declare_pins
 .text.E220_enter_normal_mode
                0x0000000008001946       0x4a ./Core/Src/e220.o
                0x0000000008001946                E220_enter_normal_mode
 .text.E220_transmit_payload_DMA
                0x0000000008001990       0x28 ./Core/Src/e220.o
                0x0000000008001990                E220_transmit_payload_DMA
 .text.E220_receive_payload_DMA
                0x00000000080019b8       0x28 ./Core/Src/e220.o
                0x00000000080019b8                E220_receive_payload_DMA
 .text.i2c_disconnected
                0x00000000080019e0       0x80 ./Core/Src/failsafe.o
                0x00000000080019e0                i2c_disconnected
 .text.failsafe_handler
                0x0000000008001a60        0xa ./Core/Src/failsafe.o
                0x0000000008001a60                failsafe_handler
 *fill*         0x0000000008001a6a        0x2 
 .text.red_led_on
                0x0000000008001a6c       0x18 ./Core/Src/failsafe.o
                0x0000000008001a6c                red_led_on
 .text.red_led_off
                0x0000000008001a84       0x18 ./Core/Src/failsafe.o
                0x0000000008001a84                red_led_off
 .text.green_led_on
                0x0000000008001a9c       0x18 ./Core/Src/failsafe.o
                0x0000000008001a9c                green_led_on
 .text.gps_decode
                0x0000000008001ab4       0x72 ./Core/Src/gps.o
                0x0000000008001ab4                gps_decode
 *fill*         0x0000000008001b26        0x2 
 .text.gps_init
                0x0000000008001b28      0x16c ./Core/Src/gps.o
                0x0000000008001b28                gps_init
 .text.is_gps_connected
                0x0000000008001c94       0x7c ./Core/Src/gps.o
                0x0000000008001c94                is_gps_connected
 .text.calc_gps
                0x0000000008001d10      0x394 ./Core/Src/gps.o
                0x0000000008001d10                calc_gps
 .text.MS5611_Initilize
                0x00000000080020a4       0x14 ./Core/Src/gy63-i2c.o
                0x00000000080020a4                MS5611_Initilize
 .text.MS5611_Reset
                0x00000000080020b8       0x30 ./Core/Src/gy63-i2c.o
                0x00000000080020b8                MS5611_Reset
 .text.MS5611_ReadPROM
                0x00000000080020e8      0x23c ./Core/Src/gy63-i2c.o
                0x00000000080020e8                MS5611_ReadPROM
 .text.MS5611_setMyGround
                0x0000000008002324       0x68 ./Core/Src/gy63-i2c.o
                0x0000000008002324                MS5611_setMyGround
 *fill*         0x000000000800238c        0x4 
 .text.MS5611_ReadTemperature
                0x0000000008002390      0x144 ./Core/Src/gy63-i2c.o
                0x0000000008002390                MS5611_ReadTemperature
 *fill*         0x00000000080024d4        0x4 
 .text.MS5611_ReadPressure
                0x00000000080024d8      0x3c4 ./Core/Src/gy63-i2c.o
                0x00000000080024d8                MS5611_ReadPressure
 *fill*         0x000000000800289c        0x4 
 .text.MS5611_ReadAltitude1
                0x00000000080028a0       0x80 ./Core/Src/gy63-i2c.o
                0x00000000080028a0                MS5611_ReadAltitude1
 .text.MS5611_ReadAltitude2
                0x0000000008002920       0x68 ./Core/Src/gy63-i2c.o
                0x0000000008002920                MS5611_ReadAltitude2
 .text.MS5611_Request_Pressure
                0x0000000008002988       0x2c ./Core/Src/gy63-i2c.o
                0x0000000008002988                MS5611_Request_Pressure
 .text.MS5611_Request_Temp
                0x00000000080029b4       0x2c ./Core/Src/gy63-i2c.o
                0x00000000080029b4                MS5611_Request_Temp
 .text.baro_read
                0x00000000080029e0      0x120 ./Core/Src/gy63-i2c.o
                0x00000000080029e0                baro_read
 .text.flash_write_calib_data_four_byte
                0x0000000008002b00       0x5c ./Core/Src/log_to_flash.o
                0x0000000008002b00                flash_write_calib_data_four_byte
 .text.flash_write_calib_data_compass
                0x0000000008002b5c       0x64 ./Core/Src/log_to_flash.o
                0x0000000008002b5c                flash_write_calib_data_compass
 .text.read_calib_value
                0x0000000008002bc0       0x48 ./Core/Src/log_to_flash.o
                0x0000000008002bc0                read_calib_value
 .text.flash_init_for_calibration
                0x0000000008002c08       0x14 ./Core/Src/log_to_flash.o
                0x0000000008002c08                flash_init_for_calibration
 .text.log_write
                0x0000000008002c1c       0x84 ./Core/Src/log_to_flash.o
                0x0000000008002c1c                log_write
 .text.fill_calibration_buffer
                0x0000000008002ca0       0x64 ./Core/Src/log_to_flash.o
                0x0000000008002ca0                fill_calibration_buffer
 .text.fill_calibration_buffer_compass
                0x0000000008002d04       0x5c ./Core/Src/log_to_flash.o
                0x0000000008002d04                fill_calibration_buffer_compass
 .text.main     0x0000000008002d60      0x6f4 ./Core/Src/main.o
                0x0000000008002d60                main
 .text.SystemClock_Config
                0x0000000008003454       0xd8 ./Core/Src/main.o
                0x0000000008003454                SystemClock_Config
 .text.MX_ADC1_Init
                0x000000000800352c       0xa4 ./Core/Src/main.o
 .text.MX_I2C1_Init
                0x00000000080035d0       0x5c ./Core/Src/main.o
 .text.MX_I2C2_Init
                0x000000000800362c       0x5c ./Core/Src/main.o
 .text.MX_I2C3_Init
                0x0000000008003688       0x5c ./Core/Src/main.o
 .text.MX_IWDG_Init
                0x00000000080036e4       0x34 ./Core/Src/main.o
 .text.MX_TIM1_Init
                0x0000000008003718      0x150 ./Core/Src/main.o
 .text.MX_TIM2_Init
                0x0000000008003868       0x98 ./Core/Src/main.o
 .text.MX_TIM3_Init
                0x0000000008003900       0x9c ./Core/Src/main.o
 .text.MX_UART5_Init
                0x000000000800399c       0x54 ./Core/Src/main.o
 .text.MX_UART7_Init
                0x00000000080039f0       0x54 ./Core/Src/main.o
 .text.MX_USART2_UART_Init
                0x0000000008003a44       0x58 ./Core/Src/main.o
 .text.MX_USART6_UART_Init
                0x0000000008003a9c       0x54 ./Core/Src/main.o
 .text.MX_DMA_Init
                0x0000000008003af0       0xac ./Core/Src/main.o
 .text.MX_GPIO_Init
                0x0000000008003b9c       0xfc ./Core/Src/main.o
 .text.HAL_UART_TxCpltCallback
                0x0000000008003c98       0x14 ./Core/Src/main.o
                0x0000000008003c98                HAL_UART_TxCpltCallback
 .text.fill_buffer
                0x0000000008003cac      0x308 ./Core/Src/main.o
                0x0000000008003cac                fill_buffer
 .text.Error_Handler
                0x0000000008003fb4        0xa ./Core/Src/main.o
                0x0000000008003fb4                Error_Handler
 *fill*         0x0000000008003fbe        0x2 
 .text.MPU6050_Read_All
                0x0000000008003fc0      0x3c0 ./Core/Src/mpu6050.o
                0x0000000008003fc0                MPU6050_Read_All
 .text.calibrate_yaw
                0x0000000008004380      0x138 ./Core/Src/mpu6050.o
                0x0000000008004380                calibrate_yaw
 .text.calibrate_Benim
                0x00000000080044b8      0x120 ./Core/Src/mpu6050.o
                0x00000000080044b8                calibrate_Benim
 .text.MPU6050_Init_Benim
                0x00000000080045d8      0x118 ./Core/Src/mpu6050.o
                0x00000000080045d8                MPU6050_Init_Benim
 .text.MPU6050_Read_All_Benim
                0x00000000080046f0      0xb4c ./Core/Src/mpu6050.o
                0x00000000080046f0                MPU6050_Read_All_Benim
 .text.calibrate_mpu6050
                0x000000000800523c       0x4c ./Core/Src/mpu6050.o
                0x000000000800523c                calibrate_mpu6050
 .text.getControlSignal
                0x0000000008005288      0x10c ./Core/Src/pid.o
                0x0000000008005288                getControlSignal
 .text.activate_motors
                0x0000000008005394       0x2c ./Core/Src/pwm_esc.o
                0x0000000008005394                activate_motors
 .text.changespeedM1
                0x00000000080053c0       0x34 ./Core/Src/pwm_esc.o
                0x00000000080053c0                changespeedM1
 .text.changespeedM2
                0x00000000080053f4       0x34 ./Core/Src/pwm_esc.o
                0x00000000080053f4                changespeedM2
 .text.changespeedM3
                0x0000000008005428       0x34 ./Core/Src/pwm_esc.o
                0x0000000008005428                changespeedM3
 .text.changespeedM4
                0x000000000800545c       0x34 ./Core/Src/pwm_esc.o
                0x000000000800545c                changespeedM4
 .text.calculate_motor_powers
                0x0000000008005490      0x2d4 ./Core/Src/receiver.o
                0x0000000008005490                calculate_motor_powers
 .text.calculate_pid_altitude
                0x0000000008005764       0xc0 ./Core/Src/receiver.o
                0x0000000008005764                calculate_pid_altitude
 *fill*         0x0000000008005824        0x4 
 .text.calculate_pid_gps
                0x0000000008005828      0x3ec ./Core/Src/receiver.o
                0x0000000008005828                calculate_pid_gps
 .text.reset_alt_pid
                0x0000000008005c14       0x40 ./Core/Src/receiver.o
                0x0000000008005c14                reset_alt_pid
 .text.reset_gps_pid
                0x0000000008005c54       0x64 ./Core/Src/receiver.o
                0x0000000008005c54                reset_gps_pid
 .text.calibrate_esc_and_rc
                0x0000000008005cb8       0x80 ./Core/Src/receiver.o
                0x0000000008005cb8                calibrate_esc_and_rc
 .text.stop_motors
                0x0000000008005d38       0x34 ./Core/Src/receiver.o
                0x0000000008005d38                stop_motors
 .text.connect_receiver
                0x0000000008005d6c       0x84 ./Core/Src/receiver.o
                0x0000000008005d6c                connect_receiver
 .text.decode_receiver
                0x0000000008005df0      0x1f8 ./Core/Src/receiver.o
                0x0000000008005df0                decode_receiver
 .text.startup_handler
                0x0000000008005fe8      0x1f0 ./Core/Src/receiver.o
                0x0000000008005fe8                startup_handler
 .text.arm_handler
                0x00000000080061d8       0xa0 ./Core/Src/receiver.o
                0x00000000080061d8                arm_handler
 .text.altitude_hold
                0x0000000008006278       0xcc ./Core/Src/receiver.o
                0x0000000008006278                altitude_hold
 .text.gps_hold
                0x0000000008006344       0x40 ./Core/Src/receiver.o
                0x0000000008006344                gps_hold
 .text.reset_pid
                0x0000000008006384       0xe8 ./Core/Src/receiver.o
                0x0000000008006384                reset_pid
 .text.HAL_MspInit
                0x000000000800646c       0x50 ./Core/Src/stm32f4xx_hal_msp.o
                0x000000000800646c                HAL_MspInit
 .text.HAL_ADC_MspInit
                0x00000000080064bc       0xf0 ./Core/Src/stm32f4xx_hal_msp.o
                0x00000000080064bc                HAL_ADC_MspInit
 .text.HAL_I2C_MspInit
                0x00000000080065ac      0x1ac ./Core/Src/stm32f4xx_hal_msp.o
                0x00000000080065ac                HAL_I2C_MspInit
 .text.HAL_I2C_MspDeInit
                0x0000000008006758       0xb0 ./Core/Src/stm32f4xx_hal_msp.o
                0x0000000008006758                HAL_I2C_MspDeInit
 .text.HAL_TIM_PWM_MspInit
                0x0000000008006808       0x44 ./Core/Src/stm32f4xx_hal_msp.o
                0x0000000008006808                HAL_TIM_PWM_MspInit
 .text.HAL_TIM_Base_MspInit
                0x000000000800684c       0x6c ./Core/Src/stm32f4xx_hal_msp.o
                0x000000000800684c                HAL_TIM_Base_MspInit
 .text.HAL_TIM_MspPostInit
                0x00000000080068b8       0x74 ./Core/Src/stm32f4xx_hal_msp.o
                0x00000000080068b8                HAL_TIM_MspPostInit
 .text.HAL_UART_MspInit
                0x000000000800692c      0x3ec ./Core/Src/stm32f4xx_hal_msp.o
                0x000000000800692c                HAL_UART_MspInit
 .text.HAL_UART_MspDeInit
                0x0000000008006d18       0xec ./Core/Src/stm32f4xx_hal_msp.o
                0x0000000008006d18                HAL_UART_MspDeInit
 .text.NMI_Handler
                0x0000000008006e04        0x6 ./Core/Src/stm32f4xx_it.o
                0x0000000008006e04                NMI_Handler
 .text.HardFault_Handler
                0x0000000008006e0a        0x6 ./Core/Src/stm32f4xx_it.o
                0x0000000008006e0a                HardFault_Handler
 .text.MemManage_Handler
                0x0000000008006e10        0x6 ./Core/Src/stm32f4xx_it.o
                0x0000000008006e10                MemManage_Handler
 .text.BusFault_Handler
                0x0000000008006e16        0x6 ./Core/Src/stm32f4xx_it.o
                0x0000000008006e16                BusFault_Handler
 .text.UsageFault_Handler
                0x0000000008006e1c        0x6 ./Core/Src/stm32f4xx_it.o
                0x0000000008006e1c                UsageFault_Handler
 .text.SVC_Handler
                0x0000000008006e22        0xe ./Core/Src/stm32f4xx_it.o
                0x0000000008006e22                SVC_Handler
 .text.DebugMon_Handler
                0x0000000008006e30        0xe ./Core/Src/stm32f4xx_it.o
                0x0000000008006e30                DebugMon_Handler
 .text.PendSV_Handler
                0x0000000008006e3e        0xe ./Core/Src/stm32f4xx_it.o
                0x0000000008006e3e                PendSV_Handler
 .text.SysTick_Handler
                0x0000000008006e4c        0xc ./Core/Src/stm32f4xx_it.o
                0x0000000008006e4c                SysTick_Handler
 .text.DMA1_Stream0_IRQHandler
                0x0000000008006e58       0x14 ./Core/Src/stm32f4xx_it.o
                0x0000000008006e58                DMA1_Stream0_IRQHandler
 .text.DMA1_Stream1_IRQHandler
                0x0000000008006e6c       0x14 ./Core/Src/stm32f4xx_it.o
                0x0000000008006e6c                DMA1_Stream1_IRQHandler
 .text.DMA1_Stream5_IRQHandler
                0x0000000008006e80       0x14 ./Core/Src/stm32f4xx_it.o
                0x0000000008006e80                DMA1_Stream5_IRQHandler
 .text.DMA1_Stream7_IRQHandler
                0x0000000008006e94       0x14 ./Core/Src/stm32f4xx_it.o
                0x0000000008006e94                DMA1_Stream7_IRQHandler
 .text.UART5_IRQHandler
                0x0000000008006ea8       0x14 ./Core/Src/stm32f4xx_it.o
                0x0000000008006ea8                UART5_IRQHandler
 .text.DMA2_Stream0_IRQHandler
                0x0000000008006ebc       0x14 ./Core/Src/stm32f4xx_it.o
                0x0000000008006ebc                DMA2_Stream0_IRQHandler
 .text.DMA2_Stream2_IRQHandler
                0x0000000008006ed0       0x14 ./Core/Src/stm32f4xx_it.o
                0x0000000008006ed0                DMA2_Stream2_IRQHandler
 .text.SystemInit
                0x0000000008006ee4       0x24 ./Core/Src/system_stm32f4xx.o
                0x0000000008006ee4                SystemInit
 .text.Reset_Handler
                0x0000000008006f08       0x50 ./Core/Startup/startup_stm32f413zhtx.o
                0x0000000008006f08                Reset_Handler
 .text.Default_Handler
                0x0000000008006f58        0x2 ./Core/Startup/startup_stm32f413zhtx.o
                0x0000000008006f58                RTC_Alarm_IRQHandler
                0x0000000008006f58                EXTI2_IRQHandler
                0x0000000008006f58                TIM8_CC_IRQHandler
                0x0000000008006f58                UART8_IRQHandler
                0x0000000008006f58                FMPI2C1_EV_IRQHandler
                0x0000000008006f58                SPI4_IRQHandler
                0x0000000008006f58                TIM1_CC_IRQHandler
                0x0000000008006f58                DMA2_Stream5_IRQHandler
                0x0000000008006f58                CAN3_RX1_IRQHandler
                0x0000000008006f58                PVD_IRQHandler
                0x0000000008006f58                SDIO_IRQHandler
                0x0000000008006f58                TAMP_STAMP_IRQHandler
                0x0000000008006f58                CAN2_RX1_IRQHandler
                0x0000000008006f58                EXTI3_IRQHandler
                0x0000000008006f58                TIM8_TRG_COM_TIM14_IRQHandler
                0x0000000008006f58                DFSDM1_FLT1_IRQHandler
                0x0000000008006f58                TIM1_UP_TIM10_IRQHandler
                0x0000000008006f58                TIM8_UP_TIM13_IRQHandler
                0x0000000008006f58                I2C3_ER_IRQHandler
                0x0000000008006f58                EXTI0_IRQHandler
                0x0000000008006f58                I2C2_EV_IRQHandler
                0x0000000008006f58                DMA1_Stream2_IRQHandler
                0x0000000008006f58                CAN1_RX0_IRQHandler
                0x0000000008006f58                FPU_IRQHandler
                0x0000000008006f58                CAN3_SCE_IRQHandler
                0x0000000008006f58                CAN2_SCE_IRQHandler
                0x0000000008006f58                SPI1_IRQHandler
                0x0000000008006f58                TIM6_DAC_IRQHandler
                0x0000000008006f58                TIM1_BRK_TIM9_IRQHandler
                0x0000000008006f58                CAN2_RX0_IRQHandler
                0x0000000008006f58                DMA2_Stream3_IRQHandler
                0x0000000008006f58                USART6_IRQHandler
                0x0000000008006f58                CAN3_RX0_IRQHandler
                0x0000000008006f58                USART3_IRQHandler
                0x0000000008006f58                DFSDM2_FLT3_IRQHandler
                0x0000000008006f58                CAN1_RX1_IRQHandler
                0x0000000008006f58                TIM4_IRQHandler
                0x0000000008006f58                QUADSPI_IRQHandler
                0x0000000008006f58                I2C1_EV_IRQHandler
                0x0000000008006f58                DMA1_Stream6_IRQHandler
                0x0000000008006f58                UART4_IRQHandler
                0x0000000008006f58                TIM3_IRQHandler
                0x0000000008006f58                RCC_IRQHandler
                0x0000000008006f58                UART9_IRQHandler
                0x0000000008006f58                TIM8_BRK_TIM12_IRQHandler
                0x0000000008006f58                Default_Handler
                0x0000000008006f58                EXTI15_10_IRQHandler
                0x0000000008006f58                ADC_IRQHandler
                0x0000000008006f58                DFSDM2_FLT0_IRQHandler
                0x0000000008006f58                SPI5_IRQHandler
                0x0000000008006f58                TIM7_IRQHandler
                0x0000000008006f58                CAN2_TX_IRQHandler
                0x0000000008006f58                TIM5_IRQHandler
                0x0000000008006f58                DMA2_Stream7_IRQHandler
                0x0000000008006f58                I2C3_EV_IRQHandler
                0x0000000008006f58                DFSDM2_FLT2_IRQHandler
                0x0000000008006f58                EXTI9_5_IRQHandler
                0x0000000008006f58                RTC_WKUP_IRQHandler
                0x0000000008006f58                SPI2_IRQHandler
                0x0000000008006f58                CAN1_TX_IRQHandler
                0x0000000008006f58                FMPI2C1_ER_IRQHandler
                0x0000000008006f58                EXTI4_IRQHandler
                0x0000000008006f58                DFSDM2_FLT1_IRQHandler
                0x0000000008006f58                RNG_IRQHandler
                0x0000000008006f58                FSMC_IRQHandler
                0x0000000008006f58                WWDG_IRQHandler
                0x0000000008006f58                CAN3_TX_IRQHandler
                0x0000000008006f58                TIM2_IRQHandler
                0x0000000008006f58                OTG_FS_WKUP_IRQHandler
                0x0000000008006f58                TIM1_TRG_COM_TIM11_IRQHandler
                0x0000000008006f58                EXTI1_IRQHandler
                0x0000000008006f58                UART7_IRQHandler
                0x0000000008006f58                USART2_IRQHandler
                0x0000000008006f58                DFSDM1_FLT0_IRQHandler
                0x0000000008006f58                I2C2_ER_IRQHandler
                0x0000000008006f58                DMA2_Stream1_IRQHandler
                0x0000000008006f58                CAN1_SCE_IRQHandler
                0x0000000008006f58                FLASH_IRQHandler
                0x0000000008006f58                DMA2_Stream4_IRQHandler
                0x0000000008006f58                USART1_IRQHandler
                0x0000000008006f58                OTG_FS_IRQHandler
                0x0000000008006f58                SPI3_IRQHandler
                0x0000000008006f58                DMA1_Stream4_IRQHandler
                0x0000000008006f58                I2C1_ER_IRQHandler
                0x0000000008006f58                LPTIM1_IRQHandler
                0x0000000008006f58                DMA2_Stream6_IRQHandler
                0x0000000008006f58                UART10_IRQHandler
                0x0000000008006f58                SAI1_IRQHandler
                0x0000000008006f58                DMA1_Stream3_IRQHandler
 *fill*         0x0000000008006f5a        0x2 
 .text.HAL_Init
                0x0000000008006f5c       0x44 ./Drivers/STM32F4xx_HAL_Driver/Src/stm32f4xx_hal.o
                0x0000000008006f5c                HAL_Init
 .text.HAL_InitTick
                0x0000000008006fa0       0x60 ./Drivers/STM32F4xx_HAL_Driver/Src/stm32f4xx_hal.o
                0x0000000008006fa0                HAL_InitTick
 .text.HAL_IncTick
                0x0000000008007000       0x28 ./Drivers/STM32F4xx_HAL_Driver/Src/stm32f4xx_hal.o
                0x0000000008007000                HAL_IncTick
 .text.HAL_GetTick
                0x0000000008007028       0x18 ./Drivers/STM32F4xx_HAL_Driver/Src/stm32f4xx_hal.o
                0x0000000008007028                HAL_GetTick
 .text.HAL_Delay
                0x0000000008007040       0x48 ./Drivers/STM32F4xx_HAL_Driver/Src/stm32f4xx_hal.o
                0x0000000008007040                HAL_Delay
 .text.HAL_ADC_Init
                0x0000000008007088       0x86 ./Drivers/STM32F4xx_HAL_Driver/Src/stm32f4xx_hal_adc.o
                0x0000000008007088                HAL_ADC_Init
 *fill*         0x000000000800710e        0x2 
 .text.HAL_ADC_Start_DMA
                0x0000000008007110      0x1e0 ./Drivers/STM32F4xx_HAL_Driver/Src/stm32f4xx_hal_adc.o
                0x0000000008007110                HAL_ADC_Start_DMA
 .text.HAL_ADC_ConvCpltCallback
                0x00000000080072f0       0x14 ./Drivers/STM32F4xx_HAL_Driver/Src/stm32f4xx_hal_adc.o
                0x00000000080072f0                HAL_ADC_ConvCpltCallback
 .text.HAL_ADC_ConvHalfCpltCallback
                0x0000000008007304       0x14 ./Drivers/STM32F4xx_HAL_Driver/Src/stm32f4xx_hal_adc.o
                0x0000000008007304                HAL_ADC_ConvHalfCpltCallback
 .text.HAL_ADC_ErrorCallback
                0x0000000008007318       0x14 ./Drivers/STM32F4xx_HAL_Driver/Src/stm32f4xx_hal_adc.o
                0x0000000008007318                HAL_ADC_ErrorCallback
 .text.HAL_ADC_ConfigChannel
                0x000000000800732c      0x264 ./Drivers/STM32F4xx_HAL_Driver/Src/stm32f4xx_hal_adc.o
                0x000000000800732c                HAL_ADC_ConfigChannel
 .text.ADC_Init
                0x0000000008007590      0x1f8 ./Drivers/STM32F4xx_HAL_Driver/Src/stm32f4xx_hal_adc.o
 .text.ADC_DMAConvCplt
                0x0000000008007788       0xba ./Drivers/STM32F4xx_HAL_Driver/Src/stm32f4xx_hal_adc.o
 .text.ADC_DMAHalfConvCplt
                0x0000000008007842       0x1c ./Drivers/STM32F4xx_HAL_Driver/Src/stm32f4xx_hal_adc.o
 .text.ADC_DMAError
                0x000000000800785e       0x2e ./Drivers/STM32F4xx_HAL_Driver/Src/stm32f4xx_hal_adc.o
 .text.__NVIC_SetPriorityGrouping
                0x000000000800788c       0x48 ./Drivers/STM32F4xx_HAL_Driver/Src/stm32f4xx_hal_cortex.o
 .text.__NVIC_GetPriorityGrouping
                0x00000000080078d4       0x1c ./Drivers/STM32F4xx_HAL_Driver/Src/stm32f4xx_hal_cortex.o
 .text.__NVIC_EnableIRQ
                0x00000000080078f0       0x3c ./Drivers/STM32F4xx_HAL_Driver/Src/stm32f4xx_hal_cortex.o
 .text.__NVIC_DisableIRQ
                0x000000000800792c       0x48 ./Drivers/STM32F4xx_HAL_Driver/Src/stm32f4xx_hal_cortex.o
 .text.__NVIC_SetPriority
                0x0000000008007974       0x54 ./Drivers/STM32F4xx_HAL_Driver/Src/stm32f4xx_hal_cortex.o
 .text.NVIC_EncodePriority
                0x00000000080079c8       0x66 ./Drivers/STM32F4xx_HAL_Driver/Src/stm32f4xx_hal_cortex.o
 *fill*         0x0000000008007a2e        0x2 
 .text.SysTick_Config
                0x0000000008007a30       0x44 ./Drivers/STM32F4xx_HAL_Driver/Src/stm32f4xx_hal_cortex.o
 .text.HAL_NVIC_SetPriorityGrouping
                0x0000000008007a74       0x16 ./Drivers/STM32F4xx_HAL_Driver/Src/stm32f4xx_hal_cortex.o
                0x0000000008007a74                HAL_NVIC_SetPriorityGrouping
 .text.HAL_NVIC_SetPriority
                0x0000000008007a8a       0x38 ./Drivers/STM32F4xx_HAL_Driver/Src/stm32f4xx_hal_cortex.o
                0x0000000008007a8a                HAL_NVIC_SetPriority
 .text.HAL_NVIC_EnableIRQ
                0x0000000008007ac2       0x1c ./Drivers/STM32F4xx_HAL_Driver/Src/stm32f4xx_hal_cortex.o
                0x0000000008007ac2                HAL_NVIC_EnableIRQ
 .text.HAL_NVIC_DisableIRQ
                0x0000000008007ade       0x1c ./Drivers/STM32F4xx_HAL_Driver/Src/stm32f4xx_hal_cortex.o
                0x0000000008007ade                HAL_NVIC_DisableIRQ
 .text.HAL_SYSTICK_Config
                0x0000000008007afa       0x18 ./Drivers/STM32F4xx_HAL_Driver/Src/stm32f4xx_hal_cortex.o
                0x0000000008007afa                HAL_SYSTICK_Config
 *fill*         0x0000000008007b12        0x2 
 .text.HAL_DMA_Init
                0x0000000008007b14      0x15c ./Drivers/STM32F4xx_HAL_Driver/Src/stm32f4xx_hal_dma.o
                0x0000000008007b14                HAL_DMA_Init
 .text.HAL_DMA_DeInit
                0x0000000008007c70       0xbc ./Drivers/STM32F4xx_HAL_Driver/Src/stm32f4xx_hal_dma.o
                0x0000000008007c70                HAL_DMA_DeInit
 .text.HAL_DMA_Start_IT
                0x0000000008007d2c       0xb0 ./Drivers/STM32F4xx_HAL_Driver/Src/stm32f4xx_hal_dma.o
                0x0000000008007d2c                HAL_DMA_Start_IT
 .text.HAL_DMA_Abort
                0x0000000008007ddc       0xe0 ./Drivers/STM32F4xx_HAL_Driver/Src/stm32f4xx_hal_dma.o
                0x0000000008007ddc                HAL_DMA_Abort
 .text.HAL_DMA_Abort_IT
                0x0000000008007ebc       0x44 ./Drivers/STM32F4xx_HAL_Driver/Src/stm32f4xx_hal_dma.o
                0x0000000008007ebc                HAL_DMA_Abort_IT
 .text.HAL_DMA_IRQHandler
                0x0000000008007f00      0x314 ./Drivers/STM32F4xx_HAL_Driver/Src/stm32f4xx_hal_dma.o
                0x0000000008007f00                HAL_DMA_IRQHandler
 .text.DMA_SetConfig
                0x0000000008008214       0x5c ./Drivers/STM32F4xx_HAL_Driver/Src/stm32f4xx_hal_dma.o
 .text.DMA_CalcBaseAndBitshift
                0x0000000008008270       0x6c ./Drivers/STM32F4xx_HAL_Driver/Src/stm32f4xx_hal_dma.o
 .text.DMA_CheckFifoParam
                0x00000000080082dc       0xf8 ./Drivers/STM32F4xx_HAL_Driver/Src/stm32f4xx_hal_dma.o
 .text.HAL_FLASH_Program
                0x00000000080083d4       0xa8 ./Drivers/STM32F4xx_HAL_Driver/Src/stm32f4xx_hal_flash.o
                0x00000000080083d4                HAL_FLASH_Program
 .text.HAL_FLASH_Unlock
                0x000000000800847c       0x44 ./Drivers/STM32F4xx_HAL_Driver/Src/stm32f4xx_hal_flash.o
                0x000000000800847c                HAL_FLASH_Unlock
 .text.HAL_FLASH_Lock
                0x00000000080084c0       0x20 ./Drivers/STM32F4xx_HAL_Driver/Src/stm32f4xx_hal_flash.o
                0x00000000080084c0                HAL_FLASH_Lock
 .text.FLASH_WaitForLastOperation
                0x00000000080084e0       0x80 ./Drivers/STM32F4xx_HAL_Driver/Src/stm32f4xx_hal_flash.o
                0x00000000080084e0                FLASH_WaitForLastOperation
 .text.FLASH_Program_DoubleWord
                0x0000000008008560       0x64 ./Drivers/STM32F4xx_HAL_Driver/Src/stm32f4xx_hal_flash.o
 .text.FLASH_Program_Word
                0x00000000080085c4       0x44 ./Drivers/STM32F4xx_HAL_Driver/Src/stm32f4xx_hal_flash.o
 .text.FLASH_Program_HalfWord
                0x0000000008008608       0x48 ./Drivers/STM32F4xx_HAL_Driver/Src/stm32f4xx_hal_flash.o
 .text.FLASH_Program_Byte
                0x0000000008008650       0x44 ./Drivers/STM32F4xx_HAL_Driver/Src/stm32f4xx_hal_flash.o
 .text.FLASH_SetErrorCode
                0x0000000008008694       0xcc ./Drivers/STM32F4xx_HAL_Driver/Src/stm32f4xx_hal_flash.o
 .text.FLASH_Erase_Sector
                0x0000000008008760       0x90 ./Drivers/STM32F4xx_HAL_Driver/Src/stm32f4xx_hal_flash_ex.o
                0x0000000008008760                FLASH_Erase_Sector
 .text.HAL_GPIO_Init
                0x00000000080087f0      0x328 ./Drivers/STM32F4xx_HAL_Driver/Src/stm32f4xx_hal_gpio.o
                0x00000000080087f0                HAL_GPIO_Init
 .text.HAL_GPIO_DeInit
                0x0000000008008b18      0x1e8 ./Drivers/STM32F4xx_HAL_Driver/Src/stm32f4xx_hal_gpio.o
                0x0000000008008b18                HAL_GPIO_DeInit
 .text.HAL_GPIO_ReadPin
                0x0000000008008d00       0x30 ./Drivers/STM32F4xx_HAL_Driver/Src/stm32f4xx_hal_gpio.o
                0x0000000008008d00                HAL_GPIO_ReadPin
 .text.HAL_GPIO_WritePin
                0x0000000008008d30       0x32 ./Drivers/STM32F4xx_HAL_Driver/Src/stm32f4xx_hal_gpio.o
                0x0000000008008d30                HAL_GPIO_WritePin
 .text.HAL_GPIO_TogglePin
                0x0000000008008d62       0x34 ./Drivers/STM32F4xx_HAL_Driver/Src/stm32f4xx_hal_gpio.o
                0x0000000008008d62                HAL_GPIO_TogglePin
 *fill*         0x0000000008008d96        0x2 
 .text.HAL_I2C_Init
                0x0000000008008d98      0x288 ./Drivers/STM32F4xx_HAL_Driver/Src/stm32f4xx_hal_i2c.o
                0x0000000008008d98                HAL_I2C_Init
 .text.HAL_I2C_DeInit
                0x0000000008009020       0x5e ./Drivers/STM32F4xx_HAL_Driver/Src/stm32f4xx_hal_i2c.o
                0x0000000008009020                HAL_I2C_DeInit
 *fill*         0x000000000800907e        0x2 
 .text.HAL_I2C_Master_Transmit
                0x0000000008009080      0x1fc ./Drivers/STM32F4xx_HAL_Driver/Src/stm32f4xx_hal_i2c.o
                0x0000000008009080                HAL_I2C_Master_Transmit
 .text.HAL_I2C_Master_Receive
                0x000000000800927c      0x44c ./Drivers/STM32F4xx_HAL_Driver/Src/stm32f4xx_hal_i2c.o
                0x000000000800927c                HAL_I2C_Master_Receive
 .text.HAL_I2C_Mem_Write
                0x00000000080096c8      0x1f4 ./Drivers/STM32F4xx_HAL_Driver/Src/stm32f4xx_hal_i2c.o
                0x00000000080096c8                HAL_I2C_Mem_Write
 .text.HAL_I2C_Mem_Read
                0x00000000080098bc      0x44c ./Drivers/STM32F4xx_HAL_Driver/Src/stm32f4xx_hal_i2c.o
                0x00000000080098bc                HAL_I2C_Mem_Read
 .text.I2C_MasterRequestWrite
                0x0000000008009d08      0x104 ./Drivers/STM32F4xx_HAL_Driver/Src/stm32f4xx_hal_i2c.o
 .text.I2C_MasterRequestRead
                0x0000000008009e0c      0x19c ./Drivers/STM32F4xx_HAL_Driver/Src/stm32f4xx_hal_i2c.o
 .text.I2C_RequestMemoryWrite
                0x0000000008009fa8      0x12c ./Drivers/STM32F4xx_HAL_Driver/Src/stm32f4xx_hal_i2c.o
 .text.I2C_RequestMemoryRead
                0x000000000800a0d4      0x1d0 ./Drivers/STM32F4xx_HAL_Driver/Src/stm32f4xx_hal_i2c.o
 .text.I2C_WaitOnFlagUntilTimeout
                0x000000000800a2a4       0xae ./Drivers/STM32F4xx_HAL_Driver/Src/stm32f4xx_hal_i2c.o
 .text.I2C_WaitOnMasterAddressFlagUntilTimeout
                0x000000000800a352       0xfe ./Drivers/STM32F4xx_HAL_Driver/Src/stm32f4xx_hal_i2c.o
 .text.I2C_WaitOnTXEFlagUntilTimeout
                0x000000000800a450       0x82 ./Drivers/STM32F4xx_HAL_Driver/Src/stm32f4xx_hal_i2c.o
 .text.I2C_WaitOnBTFFlagUntilTimeout
                0x000000000800a4d2       0x82 ./Drivers/STM32F4xx_HAL_Driver/Src/stm32f4xx_hal_i2c.o
 .text.I2C_WaitOnRXNEFlagUntilTimeout
                0x000000000800a554       0xac ./Drivers/STM32F4xx_HAL_Driver/Src/stm32f4xx_hal_i2c.o
 .text.I2C_IsAcknowledgeFailed
                0x000000000800a600       0x5e ./Drivers/STM32F4xx_HAL_Driver/Src/stm32f4xx_hal_i2c.o
 .text.HAL_IWDG_Init
                0x000000000800a65e       0x84 ./Drivers/STM32F4xx_HAL_Driver/Src/stm32f4xx_hal_iwdg.o
                0x000000000800a65e                HAL_IWDG_Init
 .text.HAL_IWDG_Refresh
                0x000000000800a6e2       0x20 ./Drivers/STM32F4xx_HAL_Driver/Src/stm32f4xx_hal_iwdg.o
                0x000000000800a6e2                HAL_IWDG_Refresh
 *fill*         0x000000000800a702        0x2 
 .text.HAL_RCC_ClockConfig
                0x000000000800a704      0x1cc ./Drivers/STM32F4xx_HAL_Driver/Src/stm32f4xx_hal_rcc.o
                0x000000000800a704                HAL_RCC_ClockConfig
 .text.HAL_RCC_GetSysClockFreq
                0x000000000800a8d0      0x18c ./Drivers/STM32F4xx_HAL_Driver/Src/stm32f4xx_hal_rcc.o
                0x000000000800a8d0                HAL_RCC_GetSysClockFreq
 .text.HAL_RCC_GetHCLKFreq
                0x000000000800aa5c       0x18 ./Drivers/STM32F4xx_HAL_Driver/Src/stm32f4xx_hal_rcc.o
                0x000000000800aa5c                HAL_RCC_GetHCLKFreq
 .text.HAL_RCC_GetPCLK1Freq
                0x000000000800aa74       0x28 ./Drivers/STM32F4xx_HAL_Driver/Src/stm32f4xx_hal_rcc.o
                0x000000000800aa74                HAL_RCC_GetPCLK1Freq
 .text.HAL_RCC_GetPCLK2Freq
                0x000000000800aa9c       0x28 ./Drivers/STM32F4xx_HAL_Driver/Src/stm32f4xx_hal_rcc.o
                0x000000000800aa9c                HAL_RCC_GetPCLK2Freq
 .text.HAL_RCC_OscConfig
                0x000000000800aac4      0x508 ./Drivers/STM32F4xx_HAL_Driver/Src/stm32f4xx_hal_rcc_ex.o
                0x000000000800aac4                HAL_RCC_OscConfig
 .text.HAL_TIM_Base_Init
                0x000000000800afcc       0x9e ./Drivers/STM32F4xx_HAL_Driver/Src/stm32f4xx_hal_tim.o
                0x000000000800afcc                HAL_TIM_Base_Init
 *fill*         0x000000000800b06a        0x2 
 .text.HAL_TIM_Base_Start
                0x000000000800b06c       0xd0 ./Drivers/STM32F4xx_HAL_Driver/Src/stm32f4xx_hal_tim.o
                0x000000000800b06c                HAL_TIM_Base_Start
 .text.HAL_TIM_PWM_Init
                0x000000000800b13c       0x9e ./Drivers/STM32F4xx_HAL_Driver/Src/stm32f4xx_hal_tim.o
                0x000000000800b13c                HAL_TIM_PWM_Init
 *fill*         0x000000000800b1da        0x2 
 .text.HAL_TIM_PWM_Start
                0x000000000800b1dc      0x190 ./Drivers/STM32F4xx_HAL_Driver/Src/stm32f4xx_hal_tim.o
                0x000000000800b1dc                HAL_TIM_PWM_Start
 .text.HAL_TIM_PWM_ConfigChannel
                0x000000000800b36c      0x184 ./Drivers/STM32F4xx_HAL_Driver/Src/stm32f4xx_hal_tim.o
                0x000000000800b36c                HAL_TIM_PWM_ConfigChannel
 .text.HAL_TIM_ConfigClockSource
                0x000000000800b4f0      0x18e ./Drivers/STM32F4xx_HAL_Driver/Src/stm32f4xx_hal_tim.o
                0x000000000800b4f0                HAL_TIM_ConfigClockSource
 *fill*         0x000000000800b67e        0x2 
 .text.TIM_Base_SetConfig
                0x000000000800b680      0x140 ./Drivers/STM32F4xx_HAL_Driver/Src/stm32f4xx_hal_tim.o
                0x000000000800b680                TIM_Base_SetConfig
 .text.TIM_OC1_SetConfig
                0x000000000800b7c0       0xe0 ./Drivers/STM32F4xx_HAL_Driver/Src/stm32f4xx_hal_tim.o
 .text.TIM_OC2_SetConfig
                0x000000000800b8a0       0xec ./Drivers/STM32F4xx_HAL_Driver/Src/stm32f4xx_hal_tim.o
                0x000000000800b8a0                TIM_OC2_SetConfig
 .text.TIM_OC3_SetConfig
                0x000000000800b98c       0xe8 ./Drivers/STM32F4xx_HAL_Driver/Src/stm32f4xx_hal_tim.o
 .text.TIM_OC4_SetConfig
                0x000000000800ba74       0xac ./Drivers/STM32F4xx_HAL_Driver/Src/stm32f4xx_hal_tim.o
 .text.TIM_TI1_ConfigInputStage
                0x000000000800bb20       0x5e ./Drivers/STM32F4xx_HAL_Driver/Src/stm32f4xx_hal_tim.o
 .text.TIM_TI2_ConfigInputStage
                0x000000000800bb7e       0x60 ./Drivers/STM32F4xx_HAL_Driver/Src/stm32f4xx_hal_tim.o
 .text.TIM_ITRx_SetConfig
                0x000000000800bbde       0x36 ./Drivers/STM32F4xx_HAL_Driver/Src/stm32f4xx_hal_tim.o
 .text.TIM_ETR_SetConfig
                0x000000000800bc14       0x40 ./Drivers/STM32F4xx_HAL_Driver/Src/stm32f4xx_hal_tim.o
                0x000000000800bc14                TIM_ETR_SetConfig
 .text.TIM_CCxChannelCmd
                0x000000000800bc54       0x4a ./Drivers/STM32F4xx_HAL_Driver/Src/stm32f4xx_hal_tim.o
                0x000000000800bc54                TIM_CCxChannelCmd
 *fill*         0x000000000800bc9e        0x2 
 .text.HAL_TIMEx_MasterConfigSynchronization
                0x000000000800bca0       0xf8 ./Drivers/STM32F4xx_HAL_Driver/Src/stm32f4xx_hal_tim_ex.o
                0x000000000800bca0                HAL_TIMEx_MasterConfigSynchronization
 .text.HAL_TIMEx_ConfigBreakDeadTime
                0x000000000800bd98       0xa4 ./Drivers/STM32F4xx_HAL_Driver/Src/stm32f4xx_hal_tim_ex.o
                0x000000000800bd98                HAL_TIMEx_ConfigBreakDeadTime
 .text.HAL_UART_Init
                0x000000000800be3c       0x9a ./Drivers/STM32F4xx_HAL_Driver/Src/stm32f4xx_hal_uart.o
                0x000000000800be3c                HAL_UART_Init
 .text.HAL_UART_DeInit
                0x000000000800bed6       0x5e ./Drivers/STM32F4xx_HAL_Driver/Src/stm32f4xx_hal_uart.o
                0x000000000800bed6                HAL_UART_DeInit
 .text.HAL_UART_Transmit
                0x000000000800bf34      0x124 ./Drivers/STM32F4xx_HAL_Driver/Src/stm32f4xx_hal_uart.o
                0x000000000800bf34                HAL_UART_Transmit
 .text.HAL_UART_Transmit_DMA
                0x000000000800c058       0xfc ./Drivers/STM32F4xx_HAL_Driver/Src/stm32f4xx_hal_uart.o
                0x000000000800c058                HAL_UART_Transmit_DMA
 .text.HAL_UART_Receive_DMA
                0x000000000800c154       0x60 ./Drivers/STM32F4xx_HAL_Driver/Src/stm32f4xx_hal_uart.o
                0x000000000800c154                HAL_UART_Receive_DMA
 .text.HAL_UART_DMAStop
                0x000000000800c1b4       0xfe ./Drivers/STM32F4xx_HAL_Driver/Src/stm32f4xx_hal_uart.o
                0x000000000800c1b4                HAL_UART_DMAStop
 *fill*         0x000000000800c2b2        0x2 
 .text.HAL_UART_IRQHandler
                0x000000000800c2b4      0x51c ./Drivers/STM32F4xx_HAL_Driver/Src/stm32f4xx_hal_uart.o
                0x000000000800c2b4                HAL_UART_IRQHandler
 .text.HAL_UART_TxHalfCpltCallback
                0x000000000800c7d0       0x14 ./Drivers/STM32F4xx_HAL_Driver/Src/stm32f4xx_hal_uart.o
                0x000000000800c7d0                HAL_UART_TxHalfCpltCallback
 .text.HAL_UART_RxCpltCallback
                0x000000000800c7e4       0x14 ./Drivers/STM32F4xx_HAL_Driver/Src/stm32f4xx_hal_uart.o
                0x000000000800c7e4                HAL_UART_RxCpltCallback
 .text.HAL_UART_RxHalfCpltCallback
                0x000000000800c7f8       0x14 ./Drivers/STM32F4xx_HAL_Driver/Src/stm32f4xx_hal_uart.o
                0x000000000800c7f8                HAL_UART_RxHalfCpltCallback
 .text.HAL_UART_ErrorCallback
                0x000000000800c80c       0x14 ./Drivers/STM32F4xx_HAL_Driver/Src/stm32f4xx_hal_uart.o
                0x000000000800c80c                HAL_UART_ErrorCallback
 .text.HAL_UARTEx_RxEventCallback
                0x000000000800c820       0x18 ./Drivers/STM32F4xx_HAL_Driver/Src/stm32f4xx_hal_uart.o
                0x000000000800c820                HAL_UARTEx_RxEventCallback
 .text.UART_DMATransmitCplt
                0x000000000800c838       0x9a ./Drivers/STM32F4xx_HAL_Driver/Src/stm32f4xx_hal_uart.o
 .text.UART_DMATxHalfCplt
                0x000000000800c8d2       0x1c ./Drivers/STM32F4xx_HAL_Driver/Src/stm32f4xx_hal_uart.o
 .text.UART_DMAReceiveCplt
                0x000000000800c8ee      0x126 ./Drivers/STM32F4xx_HAL_Driver/Src/stm32f4xx_hal_uart.o
 .text.UART_DMARxHalfCplt
                0x000000000800ca14       0x36 ./Drivers/STM32F4xx_HAL_Driver/Src/stm32f4xx_hal_uart.o
 .text.UART_DMAError
                0x000000000800ca4a       0x94 ./Drivers/STM32F4xx_HAL_Driver/Src/stm32f4xx_hal_uart.o
 .text.UART_WaitOnFlagUntilTimeout
                0x000000000800cade       0xdc ./Drivers/STM32F4xx_HAL_Driver/Src/stm32f4xx_hal_uart.o
 *fill*         0x000000000800cbba        0x2 
 .text.UART_Start_Receive_DMA
                0x000000000800cbbc      0x13c ./Drivers/STM32F4xx_HAL_Driver/Src/stm32f4xx_hal_uart.o
                0x000000000800cbbc                UART_Start_Receive_DMA
 .text.UART_EndTxTransfer
                0x000000000800ccf8       0x50 ./Drivers/STM32F4xx_HAL_Driver/Src/stm32f4xx_hal_uart.o
 .text.UART_EndRxTransfer
                0x000000000800cd48       0xc6 ./Drivers/STM32F4xx_HAL_Driver/Src/stm32f4xx_hal_uart.o
 .text.UART_DMAAbortOnError
                0x000000000800ce0e       0x28 ./Drivers/STM32F4xx_HAL_Driver/Src/stm32f4xx_hal_uart.o
 .text.UART_Transmit_IT
                0x000000000800ce36       0xa0 ./Drivers/STM32F4xx_HAL_Driver/Src/stm32f4xx_hal_uart.o
 .text.UART_EndTransmit_IT
                0x000000000800ced6       0x30 ./Drivers/STM32F4xx_HAL_Driver/Src/stm32f4xx_hal_uart.o
 .text.UART_Receive_IT
                0x000000000800cf06      0x176 ./Drivers/STM32F4xx_HAL_Driver/Src/stm32f4xx_hal_uart.o
 .text.UART_SetConfig
                0x000000000800d07c      0x508 ./Drivers/STM32F4xx_HAL_Driver/Src/stm32f4xx_hal_uart.o
 .text.abs      0x000000000800d584        0x8 c:/st/stm32cubeide_1.11.0/stm32cubeide/plugins/com.st.stm32cube.ide.mcu.externaltools.gnu-tools-for-stm32.10.3-2021.10.win32_1.0.100.202210260954/tools/bin/../lib/gcc/arm-none-eabi/10.3.1/../../../../arm-none-eabi/lib/thumb/v7e-m+fp/hard\libc_nano.a(lib_a-abs.o)
                0x000000000800d584                abs
 .text.__errno  0x000000000800d58c        0xc c:/st/stm32cubeide_1.11.0/stm32cubeide/plugins/com.st.stm32cube.ide.mcu.externaltools.gnu-tools-for-stm32.10.3-2021.10.win32_1.0.100.202210260954/tools/bin/../lib/gcc/arm-none-eabi/10.3.1/../../../../arm-none-eabi/lib/thumb/v7e-m+fp/hard\libc_nano.a(lib_a-errno.o)
                0x000000000800d58c                __errno
 .text.__libc_init_array
                0x000000000800d598       0x48 c:/st/stm32cubeide_1.11.0/stm32cubeide/plugins/com.st.stm32cube.ide.mcu.externaltools.gnu-tools-for-stm32.10.3-2021.10.win32_1.0.100.202210260954/tools/bin/../lib/gcc/arm-none-eabi/10.3.1/../../../../arm-none-eabi/lib/thumb/v7e-m+fp/hard\libc_nano.a(lib_a-init.o)
                0x000000000800d598                __libc_init_array
 .text.memset   0x000000000800d5e0       0x10 c:/st/stm32cubeide_1.11.0/stm32cubeide/plugins/com.st.stm32cube.ide.mcu.externaltools.gnu-tools-for-stm32.10.3-2021.10.win32_1.0.100.202210260954/tools/bin/../lib/gcc/arm-none-eabi/10.3.1/../../../../arm-none-eabi/lib/thumb/v7e-m+fp/hard\libc_nano.a(lib_a-memset.o)
                0x000000000800d5e0                memset
 .text.nan      0x000000000800d5f0       0x10 c:/st/stm32cubeide_1.11.0/stm32cubeide/plugins/com.st.stm32cube.ide.mcu.externaltools.gnu-tools-for-stm32.10.3-2021.10.win32_1.0.100.202210260954/tools/bin/../lib/gcc/arm-none-eabi/10.3.1/../../../../arm-none-eabi/lib/thumb/v7e-m+fp/hard\libc_nano.a(lib_a-s_nan.o)
                0x000000000800d5f0                nan
 .text.cos      0x000000000800d600       0xa8 c:/st/stm32cubeide_1.11.0/stm32cubeide/plugins/com.st.stm32cube.ide.mcu.externaltools.gnu-tools-for-stm32.10.3-2021.10.win32_1.0.100.202210260954/tools/bin/../lib/gcc/arm-none-eabi/10.3.1/../../../../arm-none-eabi/lib/thumb/v7e-m+fp/hard\libm.a(lib_a-s_cos.o)
                0x000000000800d600                cos
 .text.sin      0x000000000800d6a8       0xb0 c:/st/stm32cubeide_1.11.0/stm32cubeide/plugins/com.st.stm32cube.ide.mcu.externaltools.gnu-tools-for-stm32.10.3-2021.10.win32_1.0.100.202210260954/tools/bin/../lib/gcc/arm-none-eabi/10.3.1/../../../../arm-none-eabi/lib/thumb/v7e-m+fp/hard\libm.a(lib_a-s_sin.o)
                0x000000000800d6a8                sin
 .text.tan      0x000000000800d758       0x68 c:/st/stm32cubeide_1.11.0/stm32cubeide/plugins/com.st.stm32cube.ide.mcu.externaltools.gnu-tools-for-stm32.10.3-2021.10.win32_1.0.100.202210260954/tools/bin/../lib/gcc/arm-none-eabi/10.3.1/../../../../arm-none-eabi/lib/thumb/v7e-m+fp/hard\libm.a(lib_a-s_tan.o)
                0x000000000800d758                tan
 .text.acos     0x000000000800d7c0       0x68 c:/st/stm32cubeide_1.11.0/stm32cubeide/plugins/com.st.stm32cube.ide.mcu.externaltools.gnu-tools-for-stm32.10.3-2021.10.win32_1.0.100.202210260954/tools/bin/../lib/gcc/arm-none-eabi/10.3.1/../../../../arm-none-eabi/lib/thumb/v7e-m+fp/hard\libm.a(lib_a-w_acos.o)
                0x000000000800d7c0                acos
 .text.asin     0x000000000800d828       0x68 c:/st/stm32cubeide_1.11.0/stm32cubeide/plugins/com.st.stm32cube.ide.mcu.externaltools.gnu-tools-for-stm32.10.3-2021.10.win32_1.0.100.202210260954/tools/bin/../lib/gcc/arm-none-eabi/10.3.1/../../../../arm-none-eabi/lib/thumb/v7e-m+fp/hard\libm.a(lib_a-w_asin.o)
                0x000000000800d828                asin
 .text.atan2    0x000000000800d890        0x4 c:/st/stm32cubeide_1.11.0/stm32cubeide/plugins/com.st.stm32cube.ide.mcu.externaltools.gnu-tools-for-stm32.10.3-2021.10.win32_1.0.100.202210260954/tools/bin/../lib/gcc/arm-none-eabi/10.3.1/../../../../arm-none-eabi/lib/thumb/v7e-m+fp/hard\libm.a(lib_a-w_atan2.o)
                0x000000000800d890                atan2
 *fill*         0x000000000800d894        0x4 
 .text.log      0x000000000800d898       0x7c c:/st/stm32cubeide_1.11.0/stm32cubeide/plugins/com.st.stm32cube.ide.mcu.externaltools.gnu-tools-for-stm32.10.3-2021.10.win32_1.0.100.202210260954/tools/bin/../lib/gcc/arm-none-eabi/10.3.1/../../../../arm-none-eabi/lib/thumb/v7e-m+fp/hard\libm.a(lib_a-w_log.o)
                0x000000000800d898                log
 .text.pow      0x000000000800d914       0xe0 c:/st/stm32cubeide_1.11.0/stm32cubeide/plugins/com.st.stm32cube.ide.mcu.externaltools.gnu-tools-for-stm32.10.3-2021.10.win32_1.0.100.202210260954/tools/bin/../lib/gcc/arm-none-eabi/10.3.1/../../../../arm-none-eabi/lib/thumb/v7e-m+fp/hard\libm.a(lib_a-w_pow.o)
                0x000000000800d914                pow
 .text.sqrt     0x000000000800d9f4       0x58 c:/st/stm32cubeide_1.11.0/stm32cubeide/plugins/com.st.stm32cube.ide.mcu.externaltools.gnu-tools-for-stm32.10.3-2021.10.win32_1.0.100.202210260954/tools/bin/../lib/gcc/arm-none-eabi/10.3.1/../../../../arm-none-eabi/lib/thumb/v7e-m+fp/hard\libm.a(lib_a-w_sqrt.o)
                0x000000000800d9f4                sqrt
 .text.powf     0x000000000800da4c       0xae c:/st/stm32cubeide_1.11.0/stm32cubeide/plugins/com.st.stm32cube.ide.mcu.externaltools.gnu-tools-for-stm32.10.3-2021.10.win32_1.0.100.202210260954/tools/bin/../lib/gcc/arm-none-eabi/10.3.1/../../../../arm-none-eabi/lib/thumb/v7e-m+fp/hard\libm.a(lib_a-wf_pow.o)
                0x000000000800da4c                powf
 *fill*         0x000000000800dafa        0x6 
 .text.__ieee754_acos
                0x000000000800db00      0x4c0 c:/st/stm32cubeide_1.11.0/stm32cubeide/plugins/com.st.stm32cube.ide.mcu.externaltools.gnu-tools-for-stm32.10.3-2021.10.win32_1.0.100.202210260954/tools/bin/../lib/gcc/arm-none-eabi/10.3.1/../../../../arm-none-eabi/lib/thumb/v7e-m+fp/hard\libm.a(lib_a-e_acos.o)
                0x000000000800db00                __ieee754_acos
 .text.__ieee754_asin
                0x000000000800dfc0      0x428 c:/st/stm32cubeide_1.11.0/stm32cubeide/plugins/com.st.stm32cube.ide.mcu.externaltools.gnu-tools-for-stm32.10.3-2021.10.win32_1.0.100.202210260954/tools/bin/../lib/gcc/arm-none-eabi/10.3.1/../../../../arm-none-eabi/lib/thumb/v7e-m+fp/hard\libm.a(lib_a-e_asin.o)
                0x000000000800dfc0                __ieee754_asin
 .text.__ieee754_atan2
                0x000000000800e3e8      0x194 c:/st/stm32cubeide_1.11.0/stm32cubeide/plugins/com.st.stm32cube.ide.mcu.externaltools.gnu-tools-for-stm32.10.3-2021.10.win32_1.0.100.202210260954/tools/bin/../lib/gcc/arm-none-eabi/10.3.1/../../../../arm-none-eabi/lib/thumb/v7e-m+fp/hard\libm.a(lib_a-e_atan2.o)
                0x000000000800e3e8                __ieee754_atan2
 *fill*         0x000000000800e57c        0x4 
 .text.__ieee754_log
                0x000000000800e580      0x374 c:/st/stm32cubeide_1.11.0/stm32cubeide/plugins/com.st.stm32cube.ide.mcu.externaltools.gnu-tools-for-stm32.10.3-2021.10.win32_1.0.100.202210260954/tools/bin/../lib/gcc/arm-none-eabi/10.3.1/../../../../arm-none-eabi/lib/thumb/v7e-m+fp/hard\libm.a(lib_a-e_log.o)
                0x000000000800e580                __ieee754_log
 *fill*         0x000000000800e8f4        0x4 
 .text.__ieee754_pow
                0x000000000800e8f8      0xa5c c:/st/stm32cubeide_1.11.0/stm32cubeide/plugins/com.st.stm32cube.ide.mcu.externaltools.gnu-tools-for-stm32.10.3-2021.10.win32_1.0.100.202210260954/tools/bin/../lib/gcc/arm-none-eabi/10.3.1/../../../../arm-none-eabi/lib/thumb/v7e-m+fp/hard\libm.a(lib_a-e_pow.o)
                0x000000000800e8f8                __ieee754_pow
 *fill*         0x000000000800f354        0x4 
 .text.__ieee754_rem_pio2
                0x000000000800f358      0x418 c:/st/stm32cubeide_1.11.0/stm32cubeide/plugins/com.st.stm32cube.ide.mcu.externaltools.gnu-tools-for-stm32.10.3-2021.10.win32_1.0.100.202210260954/tools/bin/../lib/gcc/arm-none-eabi/10.3.1/../../../../arm-none-eabi/lib/thumb/v7e-m+fp/hard\libm.a(lib_a-e_rem_pio2.o)
                0x000000000800f358                __ieee754_rem_pio2
 .text.__ieee754_sqrt
                0x000000000800f770      0x164 c:/st/stm32cubeide_1.11.0/stm32cubeide/plugins/com.st.stm32cube.ide.mcu.externaltools.gnu-tools-for-stm32.10.3-2021.10.win32_1.0.100.202210260954/tools/bin/../lib/gcc/arm-none-eabi/10.3.1/../../../../arm-none-eabi/lib/thumb/v7e-m+fp/hard\libm.a(lib_a-e_sqrt.o)
                0x000000000800f770                __ieee754_sqrt
 .text.__ieee754_powf
                0x000000000800f8d4      0x59c c:/st/stm32cubeide_1.11.0/stm32cubeide/plugins/com.st.stm32cube.ide.mcu.externaltools.gnu-tools-for-stm32.10.3-2021.10.win32_1.0.100.202210260954/tools/bin/../lib/gcc/arm-none-eabi/10.3.1/../../../../arm-none-eabi/lib/thumb/v7e-m+fp/hard\libm.a(lib_a-ef_pow.o)
                0x000000000800f8d4                __ieee754_powf
 .text.__ieee754_sqrtf
                0x000000000800fe70        0x6 c:/st/stm32cubeide_1.11.0/stm32cubeide/plugins/com.st.stm32cube.ide.mcu.externaltools.gnu-tools-for-stm32.10.3-2021.10.win32_1.0.100.202210260954/tools/bin/../lib/gcc/arm-none-eabi/10.3.1/../../../../arm-none-eabi/lib/thumb/v7e-m+fp/hard\libm.a(lib_a-ef_sqrt.o)
                0x000000000800fe70                __ieee754_sqrtf
 *fill*         0x000000000800fe76        0x2 
 .text.__kernel_cos
                0x000000000800fe78      0x18c c:/st/stm32cubeide_1.11.0/stm32cubeide/plugins/com.st.stm32cube.ide.mcu.externaltools.gnu-tools-for-stm32.10.3-2021.10.win32_1.0.100.202210260954/tools/bin/../lib/gcc/arm-none-eabi/10.3.1/../../../../arm-none-eabi/lib/thumb/v7e-m+fp/hard\libm.a(lib_a-k_cos.o)
                0x000000000800fe78                __kernel_cos
 *fill*         0x0000000008010004        0x4 
 .text.__kernel_rem_pio2
                0x0000000008010008      0x69c c:/st/stm32cubeide_1.11.0/stm32cubeide/plugins/com.st.stm32cube.ide.mcu.externaltools.gnu-tools-for-stm32.10.3-2021.10.win32_1.0.100.202210260954/tools/bin/../lib/gcc/arm-none-eabi/10.3.1/../../../../arm-none-eabi/lib/thumb/v7e-m+fp/hard\libm.a(lib_a-k_rem_pio2.o)
                0x0000000008010008                __kernel_rem_pio2
 *fill*         0x00000000080106a4        0x4 
 .text.__kernel_sin
                0x00000000080106a8      0x17c c:/st/stm32cubeide_1.11.0/stm32cubeide/plugins/com.st.stm32cube.ide.mcu.externaltools.gnu-tools-for-stm32.10.3-2021.10.win32_1.0.100.202210260954/tools/bin/../lib/gcc/arm-none-eabi/10.3.1/../../../../arm-none-eabi/lib/thumb/v7e-m+fp/hard\libm.a(lib_a-k_sin.o)
                0x00000000080106a8                __kernel_sin
 *fill*         0x0000000008010824        0x4 
 .text.__kernel_tan
                0x0000000008010828      0x414 c:/st/stm32cubeide_1.11.0/stm32cubeide/plugins/com.st.stm32cube.ide.mcu.externaltools.gnu-tools-for-stm32.10.3-2021.10.win32_1.0.100.202210260954/tools/bin/../lib/gcc/arm-none-eabi/10.3.1/../../../../arm-none-eabi/lib/thumb/v7e-m+fp/hard\libm.a(lib_a-k_tan.o)
                0x0000000008010828                __kernel_tan
 .text.with_errno
                0x0000000008010c3c       0x14 c:/st/stm32cubeide_1.11.0/stm32cubeide/plugins/com.st.stm32cube.ide.mcu.externaltools.gnu-tools-for-stm32.10.3-2021.10.win32_1.0.100.202210260954/tools/bin/../lib/gcc/arm-none-eabi/10.3.1/../../../../arm-none-eabi/lib/thumb/v7e-m+fp/hard\libm.a(lib_a-math_err.o)
 .text.xflow    0x0000000008010c50       0x28 c:/st/stm32cubeide_1.11.0/stm32cubeide/plugins/com.st.stm32cube.ide.mcu.externaltools.gnu-tools-for-stm32.10.3-2021.10.win32_1.0.100.202210260954/tools/bin/../lib/gcc/arm-none-eabi/10.3.1/../../../../arm-none-eabi/lib/thumb/v7e-m+fp/hard\libm.a(lib_a-math_err.o)
 .text.__math_uflow
                0x0000000008010c78       0x12 c:/st/stm32cubeide_1.11.0/stm32cubeide/plugins/com.st.stm32cube.ide.mcu.externaltools.gnu-tools-for-stm32.10.3-2021.10.win32_1.0.100.202210260954/tools/bin/../lib/gcc/arm-none-eabi/10.3.1/../../../../arm-none-eabi/lib/thumb/v7e-m+fp/hard\libm.a(lib_a-math_err.o)
                0x0000000008010c78                __math_uflow
 .text.__math_oflow
                0x0000000008010c8a       0x12 c:/st/stm32cubeide_1.11.0/stm32cubeide/plugins/com.st.stm32cube.ide.mcu.externaltools.gnu-tools-for-stm32.10.3-2021.10.win32_1.0.100.202210260954/tools/bin/../lib/gcc/arm-none-eabi/10.3.1/../../../../arm-none-eabi/lib/thumb/v7e-m+fp/hard\libm.a(lib_a-math_err.o)
                0x0000000008010c8a                __math_oflow
 .text.with_errnof
                0x0000000008010c9c       0x16 c:/st/stm32cubeide_1.11.0/stm32cubeide/plugins/com.st.stm32cube.ide.mcu.externaltools.gnu-tools-for-stm32.10.3-2021.10.win32_1.0.100.202210260954/tools/bin/../lib/gcc/arm-none-eabi/10.3.1/../../../../arm-none-eabi/lib/thumb/v7e-m+fp/hard\libm.a(lib_a-math_errf.o)
 .text.xflowf   0x0000000008010cb2       0x16 c:/st/stm32cubeide_1.11.0/stm32cubeide/plugins/com.st.stm32cube.ide.mcu.externaltools.gnu-tools-for-stm32.10.3-2021.10.win32_1.0.100.202210260954/tools/bin/../lib/gcc/arm-none-eabi/10.3.1/../../../../arm-none-eabi/lib/thumb/v7e-m+fp/hard\libm.a(lib_a-math_errf.o)
 .text.__math_uflowf
                0x0000000008010cc8        0xc c:/st/stm32cubeide_1.11.0/stm32cubeide/plugins/com.st.stm32cube.ide.mcu.externaltools.gnu-tools-for-stm32.10.3-2021.10.win32_1.0.100.202210260954/tools/bin/../lib/gcc/arm-none-eabi/10.3.1/../../../../arm-none-eabi/lib/thumb/v7e-m+fp/hard\libm.a(lib_a-math_errf.o)
                0x0000000008010cc8                __math_uflowf
 .text.__math_oflowf
                0x0000000008010cd4        0xc c:/st/stm32cubeide_1.11.0/stm32cubeide/plugins/com.st.stm32cube.ide.mcu.externaltools.gnu-tools-for-stm32.10.3-2021.10.win32_1.0.100.202210260954/tools/bin/../lib/gcc/arm-none-eabi/10.3.1/../../../../arm-none-eabi/lib/thumb/v7e-m+fp/hard\libm.a(lib_a-math_errf.o)
                0x0000000008010cd4                __math_oflowf
 .text.atan     0x0000000008010ce0      0x340 c:/st/stm32cubeide_1.11.0/stm32cubeide/plugins/com.st.stm32cube.ide.mcu.externaltools.gnu-tools-for-stm32.10.3-2021.10.win32_1.0.100.202210260954/tools/bin/../lib/gcc/arm-none-eabi/10.3.1/../../../../arm-none-eabi/lib/thumb/v7e-m+fp/hard\libm.a(lib_a-s_atan.o)
                0x0000000008010ce0                atan
 .text.fabs     0x0000000008011020       0x12 c:/st/stm32cubeide_1.11.0/stm32cubeide/plugins/com.st.stm32cube.ide.mcu.externaltools.gnu-tools-for-stm32.10.3-2021.10.win32_1.0.100.202210260954/tools/bin/../lib/gcc/arm-none-eabi/10.3.1/../../../../arm-none-eabi/lib/thumb/v7e-m+fp/hard\libm.a(lib_a-s_fabs.o)
                0x0000000008011020                fabs
 .text.finite   0x0000000008011032       0x16 c:/st/stm32cubeide_1.11.0/stm32cubeide/plugins/com.st.stm32cube.ide.mcu.externaltools.gnu-tools-for-stm32.10.3-2021.10.win32_1.0.100.202210260954/tools/bin/../lib/gcc/arm-none-eabi/10.3.1/../../../../arm-none-eabi/lib/thumb/v7e-m+fp/hard\libm.a(lib_a-s_finite.o)
                0x0000000008011032                finite
 .text.floor    0x0000000008011048      0x100 c:/st/stm32cubeide_1.11.0/stm32cubeide/plugins/com.st.stm32cube.ide.mcu.externaltools.gnu-tools-for-stm32.10.3-2021.10.win32_1.0.100.202210260954/tools/bin/../lib/gcc/arm-none-eabi/10.3.1/../../../../arm-none-eabi/lib/thumb/v7e-m+fp/hard\libm.a(lib_a-s_floor.o)
                0x0000000008011048                floor
 .text.scalbn   0x0000000008011148      0x10c c:/st/stm32cubeide_1.11.0/stm32cubeide/plugins/com.st.stm32cube.ide.mcu.externaltools.gnu-tools-for-stm32.10.3-2021.10.win32_1.0.100.202210260954/tools/bin/../lib/gcc/arm-none-eabi/10.3.1/../../../../arm-none-eabi/lib/thumb/v7e-m+fp/hard\libm.a(lib_a-s_scalbn.o)
                0x0000000008011148                scalbn
 .text.fabsf    0x0000000008011254        0xe c:/st/stm32cubeide_1.11.0/stm32cubeide/plugins/com.st.stm32cube.ide.mcu.externaltools.gnu-tools-for-stm32.10.3-2021.10.win32_1.0.100.202210260954/tools/bin/../lib/gcc/arm-none-eabi/10.3.1/../../../../arm-none-eabi/lib/thumb/v7e-m+fp/hard\libm.a(lib_a-sf_fabs.o)
                0x0000000008011254                fabsf
 .text.finitef  0x0000000008011262       0x1a c:/st/stm32cubeide_1.11.0/stm32cubeide/plugins/com.st.stm32cube.ide.mcu.externaltools.gnu-tools-for-stm32.10.3-2021.10.win32_1.0.100.202210260954/tools/bin/../lib/gcc/arm-none-eabi/10.3.1/../../../../arm-none-eabi/lib/thumb/v7e-m+fp/hard\libm.a(lib_a-sf_finite.o)
                0x0000000008011262                finitef
 .text.scalbnf  0x000000000801127c       0xe4 c:/st/stm32cubeide_1.11.0/stm32cubeide/plugins/com.st.stm32cube.ide.mcu.externaltools.gnu-tools-for-stm32.10.3-2021.10.win32_1.0.100.202210260954/tools/bin/../lib/gcc/arm-none-eabi/10.3.1/../../../../arm-none-eabi/lib/thumb/v7e-m+fp/hard\libm.a(lib_a-sf_scalbn.o)
                0x000000000801127c                scalbnf
 *(.glue_7)
 .glue_7        0x0000000008011360        0x0 linker stubs
 *(.glue_7t)
 .glue_7t       0x0000000008011360        0x0 linker stubs
 *(.eh_frame)
 .eh_frame      0x0000000008011360        0x0 c:/st/stm32cubeide_1.11.0/stm32cubeide/plugins/com.st.stm32cube.ide.mcu.externaltools.gnu-tools-for-stm32.10.3-2021.10.win32_1.0.100.202210260954/tools/bin/../lib/gcc/arm-none-eabi/10.3.1/thumb/v7e-m+fp/hard/crtbegin.o
 *(.init)
 .init          0x0000000008011360        0x4 c:/st/stm32cubeide_1.11.0/stm32cubeide/plugins/com.st.stm32cube.ide.mcu.externaltools.gnu-tools-for-stm32.10.3-2021.10.win32_1.0.100.202210260954/tools/bin/../lib/gcc/arm-none-eabi/10.3.1/thumb/v7e-m+fp/hard/crti.o
                0x0000000008011360                _init
 .init          0x0000000008011364        0x8 c:/st/stm32cubeide_1.11.0/stm32cubeide/plugins/com.st.stm32cube.ide.mcu.externaltools.gnu-tools-for-stm32.10.3-2021.10.win32_1.0.100.202210260954/tools/bin/../lib/gcc/arm-none-eabi/10.3.1/thumb/v7e-m+fp/hard/crtn.o
 *(.fini)
 .fini          0x000000000801136c        0x4 c:/st/stm32cubeide_1.11.0/stm32cubeide/plugins/com.st.stm32cube.ide.mcu.externaltools.gnu-tools-for-stm32.10.3-2021.10.win32_1.0.100.202210260954/tools/bin/../lib/gcc/arm-none-eabi/10.3.1/thumb/v7e-m+fp/hard/crti.o
                0x000000000801136c                _fini
 .fini          0x0000000008011370        0x8 c:/st/stm32cubeide_1.11.0/stm32cubeide/plugins/com.st.stm32cube.ide.mcu.externaltools.gnu-tools-for-stm32.10.3-2021.10.win32_1.0.100.202210260954/tools/bin/../lib/gcc/arm-none-eabi/10.3.1/thumb/v7e-m+fp/hard/crtn.o
                0x0000000008011378                . = ALIGN (0x4)
                0x0000000008011378                _etext = .

.vfp11_veneer   0x0000000008011378        0x0
 .vfp11_veneer  0x0000000008011378        0x0 linker stubs

.v4_bx          0x0000000008011378        0x0
 .v4_bx         0x0000000008011378        0x0 linker stubs

.iplt           0x0000000008011378        0x0
 .iplt          0x0000000008011378        0x0 c:/st/stm32cubeide_1.11.0/stm32cubeide/plugins/com.st.stm32cube.ide.mcu.externaltools.gnu-tools-for-stm32.10.3-2021.10.win32_1.0.100.202210260954/tools/bin/../lib/gcc/arm-none-eabi/10.3.1/thumb/v7e-m+fp/hard/crtbegin.o

.rodata         0x0000000008011378      0x318
                0x0000000008011378                . = ALIGN (0x4)
 *(.rodata)
 *(.rodata*)
 .rodata.AHBPrescTable
                0x0000000008011378       0x10 ./Core/Src/system_stm32f4xx.o
                0x0000000008011378                AHBPrescTable
 .rodata.APBPrescTable
                0x0000000008011388        0x8 ./Core/Src/system_stm32f4xx.o
                0x0000000008011388                APBPrescTable
 .rodata.flagBitshiftOffset.0
                0x0000000008011390        0x8 ./Drivers/STM32F4xx_HAL_Driver/Src/stm32f4xx_hal_dma.o
 .rodata.__sf_fake_stderr
                0x0000000008011398       0x20 c:/st/stm32cubeide_1.11.0/stm32cubeide/plugins/com.st.stm32cube.ide.mcu.externaltools.gnu-tools-for-stm32.10.3-2021.10.win32_1.0.100.202210260954/tools/bin/../lib/gcc/arm-none-eabi/10.3.1/../../../../arm-none-eabi/lib/thumb/v7e-m+fp/hard\libc_nano.a(lib_a-findfp.o)
                0x0000000008011398                __sf_fake_stderr
 .rodata.__sf_fake_stdin
                0x00000000080113b8       0x20 c:/st/stm32cubeide_1.11.0/stm32cubeide/plugins/com.st.stm32cube.ide.mcu.externaltools.gnu-tools-for-stm32.10.3-2021.10.win32_1.0.100.202210260954/tools/bin/../lib/gcc/arm-none-eabi/10.3.1/../../../../arm-none-eabi/lib/thumb/v7e-m+fp/hard\libc_nano.a(lib_a-findfp.o)
                0x00000000080113b8                __sf_fake_stdin
 .rodata.__sf_fake_stdout
                0x00000000080113d8       0x20 c:/st/stm32cubeide_1.11.0/stm32cubeide/plugins/com.st.stm32cube.ide.mcu.externaltools.gnu-tools-for-stm32.10.3-2021.10.win32_1.0.100.202210260954/tools/bin/../lib/gcc/arm-none-eabi/10.3.1/../../../../arm-none-eabi/lib/thumb/v7e-m+fp/hard\libc_nano.a(lib_a-findfp.o)
                0x00000000080113d8                __sf_fake_stdout
 .rodata.acos.str1.1
                0x00000000080113f8        0x1 c:/st/stm32cubeide_1.11.0/stm32cubeide/plugins/com.st.stm32cube.ide.mcu.externaltools.gnu-tools-for-stm32.10.3-2021.10.win32_1.0.100.202210260954/tools/bin/../lib/gcc/arm-none-eabi/10.3.1/../../../../arm-none-eabi/lib/thumb/v7e-m+fp/hard\libm.a(lib_a-w_acos.o)
 .rodata.asin.str1.1
                0x00000000080113f9        0x1 c:/st/stm32cubeide_1.11.0/stm32cubeide/plugins/com.st.stm32cube.ide.mcu.externaltools.gnu-tools-for-stm32.10.3-2021.10.win32_1.0.100.202210260954/tools/bin/../lib/gcc/arm-none-eabi/10.3.1/../../../../arm-none-eabi/lib/thumb/v7e-m+fp/hard\libm.a(lib_a-w_asin.o)
 .rodata.log.str1.1
                0x00000000080113f9        0x1 c:/st/stm32cubeide_1.11.0/stm32cubeide/plugins/com.st.stm32cube.ide.mcu.externaltools.gnu-tools-for-stm32.10.3-2021.10.win32_1.0.100.202210260954/tools/bin/../lib/gcc/arm-none-eabi/10.3.1/../../../../arm-none-eabi/lib/thumb/v7e-m+fp/hard\libm.a(lib_a-w_log.o)
 *fill*         0x00000000080113f9        0x7 
 .rodata.CSWTCH.8
                0x0000000008011400       0x18 c:/st/stm32cubeide_1.11.0/stm32cubeide/plugins/com.st.stm32cube.ide.mcu.externaltools.gnu-tools-for-stm32.10.3-2021.10.win32_1.0.100.202210260954/tools/bin/../lib/gcc/arm-none-eabi/10.3.1/../../../../arm-none-eabi/lib/thumb/v7e-m+fp/hard\libm.a(lib_a-e_atan2.o)
 .rodata.CSWTCH.9
                0x0000000008011418       0x18 c:/st/stm32cubeide_1.11.0/stm32cubeide/plugins/com.st.stm32cube.ide.mcu.externaltools.gnu-tools-for-stm32.10.3-2021.10.win32_1.0.100.202210260954/tools/bin/../lib/gcc/arm-none-eabi/10.3.1/../../../../arm-none-eabi/lib/thumb/v7e-m+fp/hard\libm.a(lib_a-e_atan2.o)
 .rodata.bp     0x0000000008011430       0x10 c:/st/stm32cubeide_1.11.0/stm32cubeide/plugins/com.st.stm32cube.ide.mcu.externaltools.gnu-tools-for-stm32.10.3-2021.10.win32_1.0.100.202210260954/tools/bin/../lib/gcc/arm-none-eabi/10.3.1/../../../../arm-none-eabi/lib/thumb/v7e-m+fp/hard\libm.a(lib_a-e_pow.o)
 .rodata.dp_h   0x0000000008011440       0x10 c:/st/stm32cubeide_1.11.0/stm32cubeide/plugins/com.st.stm32cube.ide.mcu.externaltools.gnu-tools-for-stm32.10.3-2021.10.win32_1.0.100.202210260954/tools/bin/../lib/gcc/arm-none-eabi/10.3.1/../../../../arm-none-eabi/lib/thumb/v7e-m+fp/hard\libm.a(lib_a-e_pow.o)
 .rodata.dp_l   0x0000000008011450       0x10 c:/st/stm32cubeide_1.11.0/stm32cubeide/plugins/com.st.stm32cube.ide.mcu.externaltools.gnu-tools-for-stm32.10.3-2021.10.win32_1.0.100.202210260954/tools/bin/../lib/gcc/arm-none-eabi/10.3.1/../../../../arm-none-eabi/lib/thumb/v7e-m+fp/hard\libm.a(lib_a-e_pow.o)
 .rodata.npio2_hw
                0x0000000008011460       0x80 c:/st/stm32cubeide_1.11.0/stm32cubeide/plugins/com.st.stm32cube.ide.mcu.externaltools.gnu-tools-for-stm32.10.3-2021.10.win32_1.0.100.202210260954/tools/bin/../lib/gcc/arm-none-eabi/10.3.1/../../../../arm-none-eabi/lib/thumb/v7e-m+fp/hard\libm.a(lib_a-e_rem_pio2.o)
 .rodata.two_over_pi
                0x00000000080114e0      0x108 c:/st/stm32cubeide_1.11.0/stm32cubeide/plugins/com.st.stm32cube.ide.mcu.externaltools.gnu-tools-for-stm32.10.3-2021.10.win32_1.0.100.202210260954/tools/bin/../lib/gcc/arm-none-eabi/10.3.1/../../../../arm-none-eabi/lib/thumb/v7e-m+fp/hard\libm.a(lib_a-e_rem_pio2.o)
 .rodata.bp     0x00000000080115e8        0x8 c:/st/stm32cubeide_1.11.0/stm32cubeide/plugins/com.st.stm32cube.ide.mcu.externaltools.gnu-tools-for-stm32.10.3-2021.10.win32_1.0.100.202210260954/tools/bin/../lib/gcc/arm-none-eabi/10.3.1/../../../../arm-none-eabi/lib/thumb/v7e-m+fp/hard\libm.a(lib_a-ef_pow.o)
 .rodata.dp_h   0x00000000080115f0        0x8 c:/st/stm32cubeide_1.11.0/stm32cubeide/plugins/com.st.stm32cube.ide.mcu.externaltools.gnu-tools-for-stm32.10.3-2021.10.win32_1.0.100.202210260954/tools/bin/../lib/gcc/arm-none-eabi/10.3.1/../../../../arm-none-eabi/lib/thumb/v7e-m+fp/hard\libm.a(lib_a-ef_pow.o)
 .rodata.dp_l   0x00000000080115f8        0x8 c:/st/stm32cubeide_1.11.0/stm32cubeide/plugins/com.st.stm32cube.ide.mcu.externaltools.gnu-tools-for-stm32.10.3-2021.10.win32_1.0.100.202210260954/tools/bin/../lib/gcc/arm-none-eabi/10.3.1/../../../../arm-none-eabi/lib/thumb/v7e-m+fp/hard\libm.a(lib_a-ef_pow.o)
 .rodata.PIo2   0x0000000008011600       0x40 c:/st/stm32cubeide_1.11.0/stm32cubeide/plugins/com.st.stm32cube.ide.mcu.externaltools.gnu-tools-for-stm32.10.3-2021.10.win32_1.0.100.202210260954/tools/bin/../lib/gcc/arm-none-eabi/10.3.1/../../../../arm-none-eabi/lib/thumb/v7e-m+fp/hard\libm.a(lib_a-k_rem_pio2.o)
 .rodata.init_jk
                0x0000000008011640       0x10 c:/st/stm32cubeide_1.11.0/stm32cubeide/plugins/com.st.stm32cube.ide.mcu.externaltools.gnu-tools-for-stm32.10.3-2021.10.win32_1.0.100.202210260954/tools/bin/../lib/gcc/arm-none-eabi/10.3.1/../../../../arm-none-eabi/lib/thumb/v7e-m+fp/hard\libm.a(lib_a-k_rem_pio2.o)
 .rodata.atanhi
                0x0000000008011650       0x20 c:/st/stm32cubeide_1.11.0/stm32cubeide/plugins/com.st.stm32cube.ide.mcu.externaltools.gnu-tools-for-stm32.10.3-2021.10.win32_1.0.100.202210260954/tools/bin/../lib/gcc/arm-none-eabi/10.3.1/../../../../arm-none-eabi/lib/thumb/v7e-m+fp/hard\libm.a(lib_a-s_atan.o)
 .rodata.atanlo
                0x0000000008011670       0x20 c:/st/stm32cubeide_1.11.0/stm32cubeide/plugins/com.st.stm32cube.ide.mcu.externaltools.gnu-tools-for-stm32.10.3-2021.10.win32_1.0.100.202210260954/tools/bin/../lib/gcc/arm-none-eabi/10.3.1/../../../../arm-none-eabi/lib/thumb/v7e-m+fp/hard\libm.a(lib_a-s_atan.o)
                0x0000000008011690                . = ALIGN (0x4)

.ARM.extab      0x0000000008011690        0x0
                0x0000000008011690                . = ALIGN (0x4)
 *(.ARM.extab* .gnu.linkonce.armextab.*)
                0x0000000008011690                . = ALIGN (0x4)

.ARM            0x0000000008011690        0x8
                0x0000000008011690                . = ALIGN (0x4)
                0x0000000008011690                __exidx_start = .
 *(.ARM.exidx*)
 .ARM.exidx     0x0000000008011690        0x8 c:/st/stm32cubeide_1.11.0/stm32cubeide/plugins/com.st.stm32cube.ide.mcu.externaltools.gnu-tools-for-stm32.10.3-2021.10.win32_1.0.100.202210260954/tools/bin/../lib/gcc/arm-none-eabi/10.3.1/thumb/v7e-m+fp/hard\libgcc.a(_udivmoddi4.o)
                0x0000000008011698                __exidx_end = .
                0x0000000008011698                . = ALIGN (0x4)

.rel.dyn        0x0000000008011698        0x0
 .rel.iplt      0x0000000008011698        0x0 c:/st/stm32cubeide_1.11.0/stm32cubeide/plugins/com.st.stm32cube.ide.mcu.externaltools.gnu-tools-for-stm32.10.3-2021.10.win32_1.0.100.202210260954/tools/bin/../lib/gcc/arm-none-eabi/10.3.1/thumb/v7e-m+fp/hard/crtbegin.o

.preinit_array  0x0000000008011698        0x0
                0x0000000008011698                . = ALIGN (0x4)
                0x0000000008011698                PROVIDE (__preinit_array_start = .)
 *(.preinit_array*)
                0x0000000008011698                PROVIDE (__preinit_array_end = .)
                0x0000000008011698                . = ALIGN (0x4)

.init_array     0x0000000008011698        0x4
                0x0000000008011698                . = ALIGN (0x4)
                0x0000000008011698                PROVIDE (__init_array_start = .)
 *(SORT_BY_NAME(.init_array.*))
 *(.init_array*)
 .init_array    0x0000000008011698        0x4 c:/st/stm32cubeide_1.11.0/stm32cubeide/plugins/com.st.stm32cube.ide.mcu.externaltools.gnu-tools-for-stm32.10.3-2021.10.win32_1.0.100.202210260954/tools/bin/../lib/gcc/arm-none-eabi/10.3.1/thumb/v7e-m+fp/hard/crtbegin.o
                0x000000000801169c                PROVIDE (__init_array_end = .)
                0x000000000801169c                . = ALIGN (0x4)

.fini_array     0x000000000801169c        0x4
                0x000000000801169c                . = ALIGN (0x4)
                [!provide]                        PROVIDE (__fini_array_start = .)
 *(SORT_BY_NAME(.fini_array.*))
 *(.fini_array*)
 .fini_array    0x000000000801169c        0x4 c:/st/stm32cubeide_1.11.0/stm32cubeide/plugins/com.st.stm32cube.ide.mcu.externaltools.gnu-tools-for-stm32.10.3-2021.10.win32_1.0.100.202210260954/tools/bin/../lib/gcc/arm-none-eabi/10.3.1/thumb/v7e-m+fp/hard/crtbegin.o
                [!provide]                        PROVIDE (__fini_array_end = .)
                0x00000000080116a0                . = ALIGN (0x4)
                0x00000000080116a0                _sidata = LOADADDR (.data)

.data           0x0000000020000000      0x198 load address 0x00000000080116a0
                0x0000000020000000                . = ALIGN (0x4)
                0x0000000020000000                _sdata = .
 *(.data)
 *(.data*)
 .data.disable_GLL
                0x0000000020000000        0xb ./Core/Src/gps.o
                0x0000000020000000                disable_GLL
 *fill*         0x000000002000000b        0x1 
 .data.disable_GSA
                0x000000002000000c        0xb ./Core/Src/gps.o
                0x000000002000000c                disable_GSA
 *fill*         0x0000000020000017        0x1 
 .data.disable_GSV
                0x0000000020000018        0xb ./Core/Src/gps.o
                0x0000000020000018                disable_GSV
 *fill*         0x0000000020000023        0x1 
 .data.disable_RMC
                0x0000000020000024        0xb ./Core/Src/gps.o
                0x0000000020000024                disable_RMC
 *fill*         0x000000002000002f        0x1 
 .data.disable_VTG
                0x0000000020000030        0xb ./Core/Src/gps.o
                0x0000000020000030                disable_VTG
 *fill*         0x000000002000003b        0x1 
 .data.disable_GGA
                0x000000002000003c        0xb ./Core/Src/gps.o
                0x000000002000003c                disable_GGA
 *fill*         0x0000000020000047        0x1 
 .data.enable_UBX
                0x0000000020000048        0xb ./Core/Src/gps.o
                0x0000000020000048                enable_UBX
 *fill*         0x0000000020000053        0x1 
 .data.uart_115200
                0x0000000020000054       0x1c ./Core/Src/gps.o
                0x0000000020000054                uart_115200
 .data.HZ_10    0x0000000020000070        0xe ./Core/Src/gps.o
                0x0000000020000070                HZ_10
 *fill*         0x000000002000007e        0x2 
 .data.motorStop
                0x0000000020000080        0x4 ./Core/Src/main.o
                0x0000000020000080                motorStop
 .data.battery_voltage_float
                0x0000000020000084        0x4 ./Core/Src/main.o
                0x0000000020000084                battery_voltage_float
 .data.baro_filter_output_coeff
                0x0000000020000088        0xc ./Core/Src/main.o
                0x0000000020000088                baro_filter_output_coeff
 .data.baro_filter_input_coeff
                0x0000000020000094       0x10 ./Core/Src/main.o
                0x0000000020000094                baro_filter_input_coeff
 .data.my_alpha
                0x00000000200000a4        0x4 ./Core/Src/mpu6050.o
                0x00000000200000a4                my_alpha
 .data.dF       0x00000000200000a8        0x4 ./Core/Src/mpu6050.o
                0x00000000200000a8                dF
 .data.accel_filter_output_coeff
                0x00000000200000ac        0xc ./Core/Src/mpu6050.o
                0x00000000200000ac                accel_filter_output_coeff
 .data.accel_filter_input_coeff
                0x00000000200000b8       0x10 ./Core/Src/mpu6050.o
                0x00000000200000b8                accel_filter_input_coeff
 .data.stopMotors
                0x00000000200000c8        0x4 ./Core/Src/receiver.o
                0x00000000200000c8                stopMotors
 *fill*         0x00000000200000cc        0x4 
 .data.delta_time_in_seconds
                0x00000000200000d0        0x8 ./Core/Src/receiver.o
                0x00000000200000d0                delta_time_in_seconds
 .data.kp_roll  0x00000000200000d8        0x8 ./Core/Src/receiver.o
                0x00000000200000d8                kp_roll
 .data.ki_roll  0x00000000200000e0        0x8 ./Core/Src/receiver.o
                0x00000000200000e0                ki_roll
 .data.kd_roll  0x00000000200000e8        0x8 ./Core/Src/receiver.o
                0x00000000200000e8                kd_roll
 .data.kp_pitch
                0x00000000200000f0        0x8 ./Core/Src/receiver.o
                0x00000000200000f0                kp_pitch
 .data.ki_pitch
                0x00000000200000f8        0x8 ./Core/Src/receiver.o
                0x00000000200000f8                ki_pitch
 .data.kd_pitch
                0x0000000020000100        0x8 ./Core/Src/receiver.o
                0x0000000020000100                kd_pitch
 .data.kp_yaw   0x0000000020000108        0x8 ./Core/Src/receiver.o
                0x0000000020000108                kp_yaw
 .data.ki_yaw   0x0000000020000110        0x8 ./Core/Src/receiver.o
                0x0000000020000110                ki_yaw
 .data.kp_alt   0x0000000020000118        0x4 ./Core/Src/receiver.o
                0x0000000020000118                kp_alt
 .data.kd_alt   0x000000002000011c        0x4 ./Core/Src/receiver.o
                0x000000002000011c                kd_alt
 .data.kp_gps   0x0000000020000120        0x4 ./Core/Src/receiver.o
                0x0000000020000120                kp_gps
 .data.kd_gps   0x0000000020000124        0x4 ./Core/Src/receiver.o
                0x0000000020000124                kd_gps
 .data.SystemCoreClock
                0x0000000020000128        0x4 ./Core/Src/system_stm32f4xx.o
                0x0000000020000128                SystemCoreClock
 .data.uwTickPrio
                0x000000002000012c        0x4 ./Drivers/STM32F4xx_HAL_Driver/Src/stm32f4xx_hal.o
                0x000000002000012c                uwTickPrio
 .data.uwTickFreq
                0x0000000020000130        0x1 ./Drivers/STM32F4xx_HAL_Driver/Src/stm32f4xx_hal.o
                0x0000000020000130                uwTickFreq
 *fill*         0x0000000020000131        0x3 
 .data._impure_ptr
                0x0000000020000134        0x4 c:/st/stm32cubeide_1.11.0/stm32cubeide/plugins/com.st.stm32cube.ide.mcu.externaltools.gnu-tools-for-stm32.10.3-2021.10.win32_1.0.100.202210260954/tools/bin/../lib/gcc/arm-none-eabi/10.3.1/../../../../arm-none-eabi/lib/thumb/v7e-m+fp/hard\libc_nano.a(lib_a-impure.o)
                0x0000000020000134                _impure_ptr
 .data.impure_data
                0x0000000020000138       0x60 c:/st/stm32cubeide_1.11.0/stm32cubeide/plugins/com.st.stm32cube.ide.mcu.externaltools.gnu-tools-for-stm32.10.3-2021.10.win32_1.0.100.202210260954/tools/bin/../lib/gcc/arm-none-eabi/10.3.1/../../../../arm-none-eabi/lib/thumb/v7e-m+fp/hard\libc_nano.a(lib_a-impure.o)
 *(.RamFunc)
 *(.RamFunc*)
                0x0000000020000198                . = ALIGN (0x4)
                0x0000000020000198                _edata = .

.igot.plt       0x0000000020000198        0x0 load address 0x0000000008011838
 .igot.plt      0x0000000020000198        0x0 c:/st/stm32cubeide_1.11.0/stm32cubeide/plugins/com.st.stm32cube.ide.mcu.externaltools.gnu-tools-for-stm32.10.3-2021.10.win32_1.0.100.202210260954/tools/bin/../lib/gcc/arm-none-eabi/10.3.1/thumb/v7e-m+fp/hard/crtbegin.o
                0x0000000020000198                . = ALIGN (0x4)

.bss            0x0000000020000198      0xa18 load address 0x0000000008011838
                0x0000000020000198                _sbss = .
                0x0000000020000198                __bss_start__ = _sbss
 *(.bss)
 .bss           0x0000000020000198       0x1c c:/st/stm32cubeide_1.11.0/stm32cubeide/plugins/com.st.stm32cube.ide.mcu.externaltools.gnu-tools-for-stm32.10.3-2021.10.win32_1.0.100.202210260954/tools/bin/../lib/gcc/arm-none-eabi/10.3.1/thumb/v7e-m+fp/hard/crtbegin.o
 *(.bss*)
 *fill*         0x00000000200001b4        0x4 
 .bss.MagX_float
                0x00000000200001b8        0x8 ./Core/Src/compass.o
                0x00000000200001b8                MagX_float
 .bss.MagY_float
                0x00000000200001c0        0x8 ./Core/Src/compass.o
                0x00000000200001c0                MagY_float
 .bss.heading_corrected
                0x00000000200001c8        0x4 ./Core/Src/compass.o
                0x00000000200001c8                heading_corrected
 .bss.Sf_Toplam
                0x00000000200001cc        0x4 ./Core/Src/compass.o
                0x00000000200001cc                Sf_Toplam
 .bss.tx_buf    0x00000000200001d0        0x3 ./Core/Src/gy63-i2c.o
                0x00000000200001d0                tx_buf
 *fill*         0x00000000200001d3        0x1 